mode: set
backend_v3/domain/report/model.go:102.37,112.2 1 0
backend_v3/domain/report/model.go:138.54,139.18 1 0
backend_v3/domain/report/model.go:139.18,141.3 1 0
backend_v3/domain/report/model.go:142.2,143.9 2 0
backend_v3/domain/report/model.go:143.9,145.3 1 0
backend_v3/domain/report/model.go:146.2,146.29 1 0
backend_v3/domain/report/model.go:149.53,151.2 1 0
backend_v3/domain/report/repository.go:27.61,29.2 1 1
backend_v3/domain/report/repository.go:32.80,58.16 3 1
backend_v3/domain/report/repository.go:58.16,60.3 1 0
backend_v3/domain/report/repository.go:62.2,62.12 1 1
backend_v3/domain/report/repository.go:66.80,102.16 3 1
backend_v3/domain/report/repository.go:102.16,104.3 1 0
backend_v3/domain/report/repository.go:106.2,107.16 2 1
backend_v3/domain/report/repository.go:107.16,109.3 1 0
backend_v3/domain/report/repository.go:111.2,111.23 1 1
backend_v3/domain/report/repository.go:111.23,113.3 1 1
backend_v3/domain/report/repository.go:115.2,115.12 1 1
backend_v3/domain/report/repository.go:119.87,137.16 4 1
backend_v3/domain/report/repository.go:137.16,138.27 1 1
backend_v3/domain/report/repository.go:138.27,140.4 1 1
backend_v3/domain/report/repository.go:141.3,141.58 1 0
backend_v3/domain/report/repository.go:144.2,144.21 1 1
backend_v3/domain/report/repository.go:148.107,168.16 4 1
backend_v3/domain/report/repository.go:168.16,169.27 1 1
backend_v3/domain/report/repository.go:169.27,171.4 1 1
backend_v3/domain/report/repository.go:172.3,172.58 1 1
backend_v3/domain/report/repository.go:175.2,175.21 1 1
backend_v3/domain/report/repository.go:179.94,198.16 4 1
backend_v3/domain/report/repository.go:198.16,200.3 1 0
backend_v3/domain/report/repository.go:202.2,202.21 1 1
backend_v3/domain/report/repository.go:206.75,210.16 3 1
backend_v3/domain/report/repository.go:210.16,212.3 1 0
backend_v3/domain/report/repository.go:214.2,215.16 2 1
backend_v3/domain/report/repository.go:215.16,217.3 1 0
backend_v3/domain/report/repository.go:219.2,219.23 1 1
backend_v3/domain/report/repository.go:219.23,221.3 1 1
backend_v3/domain/report/repository.go:223.2,223.12 1 1
backend_v3/domain/report/service.go:58.12,70.2 1 1
backend_v3/domain/report/service.go:75.96,77.2 1 1
backend_v3/domain/report/service.go:81.116,84.16 2 1
backend_v3/domain/report/service.go:84.16,86.3 1 0
backend_v3/domain/report/service.go:90.2,135.34 3 1
backend_v3/domain/report/service.go:135.34,137.17 2 1
backend_v3/domain/report/service.go:137.17,139.4 1 0
backend_v3/domain/report/service.go:140.3,140.25 1 1
backend_v3/domain/report/service.go:143.2,143.19 1 1
backend_v3/domain/report/service.go:147.97,152.16 3 1
backend_v3/domain/report/service.go:152.16,154.3 1 1
backend_v3/domain/report/service.go:157.2,199.37 3 1
backend_v3/domain/report/service.go:199.37,201.17 2 1
backend_v3/domain/report/service.go:201.17,203.4 1 0
backend_v3/domain/report/service.go:204.3,204.38 1 1
backend_v3/domain/report/service.go:208.2,209.16 2 1
backend_v3/domain/report/service.go:209.16,211.3 1 1
backend_v3/domain/report/service.go:214.2,216.16 3 1
backend_v3/domain/report/service.go:216.16,218.3 1 1
backend_v3/domain/report/service.go:220.2,259.20 4 1
backend_v3/domain/report/service.go:276.104,278.16 2 1
backend_v3/domain/report/service.go:278.16,280.3 1 1
backend_v3/domain/report/service.go:282.2,283.16 2 1
backend_v3/domain/report/service.go:283.16,285.3 1 1
backend_v3/domain/report/service.go:287.2,293.8 1 1
backend_v3/domain/report/service.go:297.120,337.88 2 1
backend_v3/domain/report/service.go:337.88,339.57 2 1
backend_v3/domain/report/service.go:339.57,341.4 1 1
backend_v3/domain/report/service.go:342.3,342.65 1 1
backend_v3/domain/report/service.go:342.65,344.4 1 1
backend_v3/domain/report/service.go:349.2,360.44 4 1
backend_v3/domain/report/service.go:360.44,360.71 1 0
backend_v3/domain/report/service.go:361.34,361.50 1 1
backend_v3/domain/report/service.go:362.37,362.66 1 1
backend_v3/domain/report/service.go:363.47,363.89 1 1
backend_v3/domain/report/service.go:364.53,365.17 1 1
backend_v3/domain/report/service.go:365.17,367.5 1 0
backend_v3/domain/report/service.go:368.4,368.20 1 1
backend_v3/domain/report/service.go:368.20,370.5 1 0
backend_v3/domain/report/service.go:371.4,371.23 1 1
backend_v3/domain/report/service.go:371.23,373.5 1 0
backend_v3/domain/report/service.go:374.4,374.23 1 1
backend_v3/domain/report/service.go:378.2,378.37 1 1
backend_v3/domain/report/service.go:378.37,380.17 2 1
backend_v3/domain/report/service.go:380.17,381.9 1 1
backend_v3/domain/report/service.go:385.2,385.16 1 1
backend_v3/domain/report/service.go:385.16,387.3 1 0
backend_v3/domain/report/service.go:389.2,390.52 2 1
backend_v3/domain/report/service.go:390.52,392.3 1 0
backend_v3/domain/report/service.go:394.2,394.26 1 1
backend_v3/domain/report/templating.go:27.44,57.48 5 0
backend_v3/domain/report/templating.go:57.48,61.4 2 0
backend_v3/domain/report/templating.go:64.2,69.42 3 0
backend_v3/domain/report/templating.go:72.131,81.74 3 0
backend_v3/domain/report/templating.go:81.74,83.3 1 0
backend_v3/domain/report/templating.go:84.2,84.26 1 0
backend_v3/domain/report/theme.go:15.33,22.2 1 1
backend_v3/domain/report/theme.go:25.58,32.2 1 0
