?   	backend_v3	[no test files]
?   	backend_v3/adapter/dns	[no test files]
=== RUN   TestLiveAPICalls
================================================================================
  LIVE API CALLS - REAL BRAZILIAN ECONOMIC DATA
================================================================================
1. BANCO CENTRAL DO BRASIL - SELIC RATE
   API: https://api.bcb.gov.br/dados/serie/4390/dados?formato=json
   Description: Brazil's primary interest rate (updated daily at 6 PM)

   ✅ SELIC Rate: 14.90%
   📅 Date: 2025-12-01
   🔗 Source: Banco Central do Brasil (BCB) - Série 4189
   🎯 Accuracy: Authoritative

2. IBGE - IPCA INFLATION RATE
   API: https://api.ibge.gov.br/v1/agregados/1737/periodos/-1/variaveis/2266
   Description: Brazil's primary inflation measure (updated monthly)

    live_api_test.go:47: ❌ IBGE IPCA Error: IBGE API request failed: Get "https://api.ibge.gov.br/v1/agregados/1737/periodos/-1/variaveis/2266?localidade=BR&formato=json": dial tcp: lookup api.ibge.gov.br: no such host
   ❌ ERROR: IBGE API request failed: Get "https://api.ibge.gov.br/v1/agregados/1737/periodos/-1/variaveis/2266?localidade=BR&formato=json": dial tcp: lookup api.ibge.gov.br: no such host

3. BANCO CENTRAL DO BRASIL - USD/BRL EXCHANGE RATE
   API: https://api.bcb.gov.br/v1/moedas/220/dados
   Description: Official USD to BRL exchange rate (updated daily)

    live_api_test.go:65: ❌ BCB Exchange Error: BCB API returned status 404: 
   ❌ ERROR: BCB API returned status 404: 

4. EXCHANGERATE-API.COM - USD/BRL FALLBACK
   API: https://api.exchangerate-api.com/v4/latest/USD
   Description: Real-time exchange rate (fallback if BCB unavailable)

   ✅ Exchange Rate: 5.35 USD/BRL
   📅 Date: 2025-12-02 18:08
   🔗 Source: https://api.exchangerate-api.com/v4/latest/USD
   🎯 Accuracy: High

5. AGGREGATED PROVIDER - ALL DATA PARALLEL
   Fetches all 3 APIs simultaneously (parallel execution)

   ⏱️  Total time: 0.54 seconds
   📊 Data sources retrieved: 2
   ⚠️  API errors encountered: 1

   ✅ SELIC: 14.90% (as of 2025-12-01)
   ❌ IPCA: unavailable
   ✅ USD/BRL: 5.33 (as of 2025-12-02 18:04)

   📍 Data Sources:
      1. Banco Central do Brasil (BCB) - Série 4189
      2. AwesomeAPI (economia.awesomeapi.com.br)

   ⚠️  API Errors (graceful degradation):
      1. IPCA fetch failed: IBGE API request failed: Get "https://api.ibge.gov.br/v1/agregados/1737/periodos/-1/variaveis/2266?localidade=BR&formato=json": dial tcp: lookup api.ibge.gov.br: no such host

   📄 Human Summary:
Brazilian Macro-Economic Context:
- SELIC Rate: 14.90% (as of 2025-12-01)
- USD/BRL: 5.33 (as of 2025-12-02 18:04)
- Last Updated: 2025-12-02 18:08:19
- Data Sources: 2
- Warnings: 1 API failures (graceful degradation active)

================================================================================
  ✅ TEST COMPLETE
================================================================================
--- PASS: TestLiveAPICalls (2.44s)
=== RUN   TestLiveAPICaching
================================================================================
  CACHING TEST - PARALLEL PERFORMANCE
================================================================================
1. FIRST FETCH (fresh data from APIs)
   ⏱️  Duration: 0.19 seconds
   ✅ SELIC: 14.90%

2. SECOND FETCH (from in-memory cache)
   ⏱️  Duration: 0.00 milliseconds
   ✅ SELIC: 14.90%

3. CACHE SPEEDUP: +Infx faster

   ✅ Cache consistency verified (same data)

4. INVALIDATE CACHE AND REFETCH
   ⏱️  Duration: 0.20 seconds
   ✅ SELIC: 14.90%

================================================================================
  ✅ CACHING TEST COMPLETE
================================================================================
--- PASS: TestLiveAPICaching (0.40s)
=== RUN   TestHealthCheck
================================================================================
  API HEALTH CHECK
================================================================================
API Endpoint Status:
  bcb_selic: ✅ UP
  ibge_ipca: ❌ DOWN
  awesomeapi_exchange: ✅ UP
  fallback_exchange: ✅ UP
  bcb_exchange: ❌ DOWN

Summary: 3/5 APIs operational
⚠️  Warning: 2 APIs are unavailable (graceful degradation active)

================================================================================
  ✅ HEALTH CHECK COMPLETE
================================================================================
--- PASS: TestHealthCheck (0.51s)
=== RUN   TestBCBClient_FetchLatestSELIC
--- PASS: TestBCBClient_FetchLatestSELIC (0.00s)
=== RUN   TestBCBClient_FetchLatestSELIC_EmptyResponse
--- PASS: TestBCBClient_FetchLatestSELIC_EmptyResponse (0.00s)
=== RUN   TestIBGEClient_FetchLatestIPCA
--- PASS: TestIBGEClient_FetchLatestIPCA (0.00s)
=== RUN   TestExchangeRateClient_FetchUSDToBRL
--- PASS: TestExchangeRateClient_FetchUSDToBRL (0.00s)
=== RUN   TestMacroDataProvider_FetchLatestMacroData
--- PASS: TestMacroDataProvider_FetchLatestMacroData (0.00s)
=== RUN   TestMacroDataProvider_Caching
--- PASS: TestMacroDataProvider_Caching (0.00s)
=== RUN   TestParseIBGEPeriod
=== RUN   TestParseIBGEPeriod/202411
=== RUN   TestParseIBGEPeriod/202501
=== RUN   TestParseIBGEPeriod/202312
--- PASS: TestParseIBGEPeriod (0.00s)
    --- PASS: TestParseIBGEPeriod/202411 (0.00s)
    --- PASS: TestParseIBGEPeriod/202501 (0.00s)
    --- PASS: TestParseIBGEPeriod/202312 (0.00s)
=== RUN   TestCurrencyPairValidator
=== RUN   TestCurrencyPairValidator/USD-BRL
=== RUN   TestCurrencyPairValidator/EUR-USD
=== RUN   TestCurrencyPairValidator/INVALID-USD
=== RUN   TestCurrencyPairValidator/USD-INVALID
--- PASS: TestCurrencyPairValidator (0.00s)
    --- PASS: TestCurrencyPairValidator/USD-BRL (0.00s)
    --- PASS: TestCurrencyPairValidator/EUR-USD (0.00s)
    --- PASS: TestCurrencyPairValidator/INVALID-USD (0.00s)
    --- PASS: TestCurrencyPairValidator/USD-INVALID (0.00s)
=== RUN   TestMacroContext_GetSummary
--- PASS: TestMacroContext_GetSummary (0.00s)
PASS
ok  	backend_v3/adapter/macrodata	4.525s
?   	backend_v3/adapter/scraper	[no test files]
=== RUN   TestLoginMockModeCreatesUserAndReturnsToken
--- PASS: TestLoginMockModeCreatesUserAndReturnsToken (0.00s)
=== RUN   TestGetCurrentUserReturnsProfile
--- PASS: TestGetCurrentUserReturnsProfile (0.00s)
=== RUN   TestCORSMiddleware
=== RUN   TestCORSMiddleware/Valid_origin_allowed
=== RUN   TestCORSMiddleware/Health_check_without_origin_allowed
=== RUN   TestCORSMiddleware/POST_without_origin_rejected
=== RUN   TestCORSMiddleware/GET_without_origin_allowed
=== RUN   TestCORSMiddleware/Unauthorized_origin_rejected
=== RUN   TestCORSMiddleware/Multiple_origins_-_first_match
=== RUN   TestCORSMiddleware/Multiple_origins_-_second_match
=== RUN   TestCORSMiddleware/OPTIONS_preflight_request
--- PASS: TestCORSMiddleware (0.00s)
    --- PASS: TestCORSMiddleware/Valid_origin_allowed (0.00s)
    --- PASS: TestCORSMiddleware/Health_check_without_origin_allowed (0.00s)
    --- PASS: TestCORSMiddleware/POST_without_origin_rejected (0.00s)
    --- PASS: TestCORSMiddleware/GET_without_origin_allowed (0.00s)
    --- PASS: TestCORSMiddleware/Unauthorized_origin_rejected (0.00s)
    --- PASS: TestCORSMiddleware/Multiple_origins_-_first_match (0.00s)
    --- PASS: TestCORSMiddleware/Multiple_origins_-_second_match (0.00s)
    --- PASS: TestCORSMiddleware/OPTIONS_preflight_request (0.00s)
=== RUN   TestAuthRateLimitMiddleware
=== RUN   TestAuthRateLimitMiddleware/Allow_requests_under_limit
=== RUN   TestAuthRateLimitMiddleware/Block_requests_over_limit
=== RUN   TestAuthRateLimitMiddleware/Different_IPs_have_separate_limits
--- PASS: TestAuthRateLimitMiddleware (0.00s)
    --- PASS: TestAuthRateLimitMiddleware/Allow_requests_under_limit (0.00s)
    --- PASS: TestAuthRateLimitMiddleware/Block_requests_over_limit (0.00s)
    --- PASS: TestAuthRateLimitMiddleware/Different_IPs_have_separate_limits (0.00s)
=== RUN   TestRequestIDMiddleware
--- PASS: TestRequestIDMiddleware (0.00s)
=== RUN   TestRecoveryMiddleware
--- PASS: TestRecoveryMiddleware (0.00s)
=== RUN   TestGetSubmissionContractShape
--- PASS: TestGetSubmissionContractShape (0.00s)
=== RUN   TestSubmissionResponseBuilder_BuildsContractShape
--- PASS: TestSubmissionResponseBuilder_BuildsContractShape (0.00s)
=== RUN   TestDeleteAccountSuccess
--- PASS: TestDeleteAccountSuccess (0.00s)
=== RUN   TestDeleteAccountUnauthorized
--- PASS: TestDeleteAccountUnauthorized (0.00s)
=== RUN   TestDeleteAccountNotFound
--- PASS: TestDeleteAccountNotFound (0.00s)
PASS
ok  	backend_v3/api	0.473s
?   	backend_v3/config	[no test files]
=== RUN   TestExtractMacroContext_WithValidData
--- PASS: TestExtractMacroContext_WithValidData (0.00s)
=== RUN   TestExtractMacroContext_BackwardCompatibility
--- PASS: TestExtractMacroContext_BackwardCompatibility (0.00s)
=== RUN   TestExtractMacroContext_NilEnrichmentData
--- PASS: TestExtractMacroContext_NilEnrichmentData (0.00s)
=== RUN   TestExtractMacroContext_InvalidMacroContextType
--- PASS: TestExtractMacroContext_InvalidMacroContextType (0.00s)
=== RUN   TestMacroContext_FullJSONStructure
--- PASS: TestMacroContext_FullJSONStructure (0.00s)
=== RUN   TestStatusConstantsExist
--- PASS: TestStatusConstantsExist (0.00s)
=== RUN   TestRepository_Create_WithAll11Frameworks
    repository_test.go:231: 
        	Error Trace:	C:/Users/pradord/Documents/Projects/imensiah_new/backend_v3/domain/analysis/repository_test.go:231
        	Error:      	Received unexpected error:
        	            	failed to create analysis: ExecQuery '
        	            			INSERT INTO analyses (
        	            				id, submission_id, enrichment_id,
        	            				swot, pestel, porter, okrs, tam_sam_som, benchmarking, blue_ocean, growth_hacking, scenarios, bsc, decision_matrix,
        	            				synthesis, status, error_message, processing_time_ms,
        	            				is_visible_to_user, is_blurred, is_public, access_code, access_code_created_at, deleted_at,
        	            				created_at, updated_at, completed_at
        	            			) VALUES (
        	            				$1, $2, $3,
        	            				$4, $5, $6, $7, $8, $9, $10, $11, $12, $13, $14,
        	            				$15, $16, $17, $18,
        	            				$19, $20, $21, $22, $23, $24,
        	            				$25, $26, $27
        	            			)
        	            		', arguments do not match: expected 26, but got 27 arguments
        	Test:       	TestRepository_Create_WithAll11Frameworks
    repository_test.go:232: 
        	Error Trace:	C:/Users/pradord/Documents/Projects/imensiah_new/backend_v3/domain/analysis/repository_test.go:232
        	Error:      	Received unexpected error:
        	            	there is a remaining expectation which was not matched: ExpectedExec => expecting Exec or ExecContext which:
        	            	  - matches sql: 'INSERT INTO analyses'
        	            	  - is with arguments:
        	            	    0 - 4a8bb0d1-01e1-410d-afcf-26d94a412b0a
        	            	    1 - 877bb2eb-a212-41d8-b95d-993462cbd813
        	            	    2 - 5d76a3c1-c3c8-4c3b-aa36-6858f1c0b9f0
        	            	    3 - {}
        	            	    4 - {}
        	            	    5 - {}
        	            	    6 - {}
        	            	    7 - {}
        	            	    8 - {}
        	            	    9 - {}
        	            	    10 - {}
        	            	    11 - {}
        	            	    12 - {}
        	            	    13 - {}
        	            	    14 - {}
        	            	    15 - completed
        	            	    16 - <nil>
        	            	    17 - 0
        	            	    18 - false
        	            	    19 - false
        	            	    20 - <nil>
        	            	    21 - <nil>
        	            	    22 - <nil>
        	            	    23 - {}
        	            	    24 - {}
        	            	    25 - 2025-12-02 18:08:20.3340143 -0500 EST m=+0.010155801
        	            	  - should return Result having:
        	            	      LastInsertId: 1
        	            	      RowsAffected: 1
        	Test:       	TestRepository_Create_WithAll11Frameworks
--- FAIL: TestRepository_Create_WithAll11Frameworks (0.00s)
=== RUN   TestRepository_Create_JSONBSerialization
--- PASS: TestRepository_Create_JSONBSerialization (0.00s)
=== RUN   TestRepository_Update_Success
    repository_test.go:312: 
        	Error Trace:	C:/Users/pradord/Documents/Projects/imensiah_new/backend_v3/domain/analysis/repository_test.go:312
        	Error:      	Received unexpected error:
        	            	failed to update analysis: ExecQuery '
        	            			UPDATE analyses SET
        	            				swot = $1,
        	            				pestel = $2,
        	            				porter = $3,
        	            				okrs = $4,
        	            				tam_sam_som = $5,
        	            				benchmarking = $6,
        	            				blue_ocean = $7,
        	            				growth_hacking = $8,
        	            				scenarios = $9,
        	            				bsc = $10,
        	            				decision_matrix = $11,
        	            				synthesis = $12,
        	            				status = $13,
        	            				error_message = $14,
        	            				processing_time_ms = $15,
        	            				is_visible_to_user = $16,
        	            				is_blurred = $17,
        	            				is_public = $18,
        	            				access_code = $19,
        	            				access_code_created_at = $20,
        	            				deleted_at = $21,
        	            				updated_at = $22,
        	            				completed_at = $23
        	            			WHERE id = $24
        	            		', arguments do not match: expected 23, but got 24 arguments
        	Test:       	TestRepository_Update_Success
    repository_test.go:313: 
        	Error Trace:	C:/Users/pradord/Documents/Projects/imensiah_new/backend_v3/domain/analysis/repository_test.go:313
        	Error:      	Received unexpected error:
        	            	there is a remaining expectation which was not matched: ExpectedExec => expecting Exec or ExecContext which:
        	            	  - matches sql: 'UPDATE analyses SET'
        	            	  - is with arguments:
        	            	    0 - {}
        	            	    1 - {}
        	            	    2 - {}
        	            	    3 - {}
        	            	    4 - {}
        	            	    5 - {}
        	            	    6 - {}
        	            	    7 - {}
        	            	    8 - {}
        	            	    9 - {}
        	            	    10 - {}
        	            	    11 - {}
        	            	    12 - completed
        	            	    13 - <nil>
        	            	    14 - 0
        	            	    15 - false
        	            	    16 - false
        	            	    17 - <nil>
        	            	    18 - <nil>
        	            	    19 - <nil>
        	            	    20 - {}
        	            	    21 - 2025-12-02 18:08:20.3356372 -0500 EST m=+0.011778701
        	            	    22 - ee4174fa-5f6e-423c-bf23-0c3543fcade0
        	            	  - should return Result having:
        	            	      LastInsertId: 0
        	            	      RowsAffected: 1
        	Test:       	TestRepository_Update_Success
--- FAIL: TestRepository_Update_Success (0.00s)
=== RUN   TestRepository_Update_NotFound
--- PASS: TestRepository_Update_NotFound (0.00s)
=== RUN   TestRepository_UpdateWithTx_TransactionHandling
--- PASS: TestRepository_UpdateWithTx_TransactionHandling (0.00s)
=== RUN   TestRepository_BeginTx_CommitRollback
=== RUN   TestRepository_BeginTx_CommitRollback/Commit_Transaction
=== RUN   TestRepository_BeginTx_CommitRollback/Rollback_Transaction
--- PASS: TestRepository_BeginTx_CommitRollback (0.00s)
    --- PASS: TestRepository_BeginTx_CommitRollback/Commit_Transaction (0.00s)
    --- PASS: TestRepository_BeginTx_CommitRollback/Rollback_Transaction (0.00s)
=== RUN   TestRepository_GetByID_Success
--- PASS: TestRepository_GetByID_Success (0.00s)
=== RUN   TestRepository_GetByID_NotFound
--- PASS: TestRepository_GetByID_NotFound (0.00s)
=== RUN   TestRepository_Delete_SoftDeleteSuccess
--- PASS: TestRepository_Delete_SoftDeleteSuccess (0.00s)
=== RUN   TestRepository_Delete_AlreadyDeleted
--- PASS: TestRepository_Delete_AlreadyDeleted (0.00s)
=== RUN   TestRepository_List_WithPagination
--- PASS: TestRepository_List_WithPagination (0.00s)
=== RUN   TestRepository_VerifyAll11FrameworksInJSONB
=== RUN   TestRepository_VerifyAll11FrameworksInJSONB/PESTEL
=== RUN   TestRepository_VerifyAll11FrameworksInJSONB/Porter
=== RUN   TestRepository_VerifyAll11FrameworksInJSONB/TamSamSom
=== RUN   TestRepository_VerifyAll11FrameworksInJSONB/SWOT
=== RUN   TestRepository_VerifyAll11FrameworksInJSONB/Benchmarking
=== RUN   TestRepository_VerifyAll11FrameworksInJSONB/BlueOcean
=== RUN   TestRepository_VerifyAll11FrameworksInJSONB/GrowthHacking
=== RUN   TestRepository_VerifyAll11FrameworksInJSONB/Scenarios
=== RUN   TestRepository_VerifyAll11FrameworksInJSONB/OKRs
=== RUN   TestRepository_VerifyAll11FrameworksInJSONB/BSC
=== RUN   TestRepository_VerifyAll11FrameworksInJSONB/DecisionMatrix
--- PASS: TestRepository_VerifyAll11FrameworksInJSONB (0.00s)
    --- PASS: TestRepository_VerifyAll11FrameworksInJSONB/PESTEL (0.00s)
    --- PASS: TestRepository_VerifyAll11FrameworksInJSONB/Porter (0.00s)
    --- PASS: TestRepository_VerifyAll11FrameworksInJSONB/TamSamSom (0.00s)
    --- PASS: TestRepository_VerifyAll11FrameworksInJSONB/SWOT (0.00s)
    --- PASS: TestRepository_VerifyAll11FrameworksInJSONB/Benchmarking (0.00s)
    --- PASS: TestRepository_VerifyAll11FrameworksInJSONB/BlueOcean (0.00s)
    --- PASS: TestRepository_VerifyAll11FrameworksInJSONB/GrowthHacking (0.00s)
    --- PASS: TestRepository_VerifyAll11FrameworksInJSONB/Scenarios (0.00s)
    --- PASS: TestRepository_VerifyAll11FrameworksInJSONB/OKRs (0.00s)
    --- PASS: TestRepository_VerifyAll11FrameworksInJSONB/BSC (0.00s)
    --- PASS: TestRepository_VerifyAll11FrameworksInJSONB/DecisionMatrix (0.00s)
=== RUN   TestRepository_BeginTx_Error
--- PASS: TestRepository_BeginTx_Error (0.00s)
=== RUN   TestService_GetByID_Success
--- PASS: TestService_GetByID_Success (0.00s)
=== RUN   TestService_GetByID_NotFound
--- PASS: TestService_GetByID_NotFound (0.00s)
=== RUN   TestService_GetByID_DatabaseError
--- PASS: TestService_GetByID_DatabaseError (0.00s)
=== RUN   TestService_GetBySubmissionID_ReturnsAnalysis
--- PASS: TestService_GetBySubmissionID_ReturnsAnalysis (0.00s)
=== RUN   TestService_Delete_Success
--- PASS: TestService_Delete_Success (0.00s)
=== RUN   TestService_Delete_NotFound
--- PASS: TestService_Delete_NotFound (0.00s)
=== RUN   TestService_UpdateFields_Success
--- PASS: TestService_UpdateFields_Success (0.00s)
=== RUN   TestService_UpdateFields_ValidationPreservesStatus
--- PASS: TestService_UpdateFields_ValidationPreservesStatus (0.00s)
=== RUN   TestService_MarkAsFailed_KeepsPendingStatus
--- PASS: TestService_MarkAsFailed_KeepsPendingStatus (0.00s)
=== RUN   TestService_MarkAsFailed_SetsErrorMessage
--- PASS: TestService_MarkAsFailed_SetsErrorMessage (0.00s)
=== RUN   TestService_GetByID_TableDriven
=== RUN   TestService_GetByID_TableDriven/Success
=== RUN   TestService_GetByID_TableDriven/Not_Found
=== RUN   TestService_GetByID_TableDriven/Database_Error
--- PASS: TestService_GetByID_TableDriven (0.00s)
    --- PASS: TestService_GetByID_TableDriven/Success (0.00s)
    --- PASS: TestService_GetByID_TableDriven/Not_Found (0.00s)
    --- PASS: TestService_GetByID_TableDriven/Database_Error (0.00s)
FAIL
FAIL	backend_v3/domain/analysis	1.634s
?   	backend_v3/domain/company	[no test files]
=== RUN   TestNewEnrichmentDefaultsPending
--- PASS: TestNewEnrichmentDefaultsPending (0.00s)
PASS
ok  	backend_v3/domain/enrichment	1.416s
?   	backend_v3/domain/macroeconomics	[no test files]
=== RUN   TestHTMLAnalysis_ComprehensiveValidation
{"level":"debug","service":"report","template":"01_cover.html","path":"..\\..\\templates\\report_v2\\01_cover.html","time":"2025-12-02T18:08:19-05:00","message":"Template cached successfully"}
{"level":"debug","service":"report","template":"02_exec_summary.html","path":"..\\..\\templates\\report_v2\\02_exec_summary.html","time":"2025-12-02T18:08:19-05:00","message":"Template cached successfully"}
{"level":"debug","service":"report","template":"03_toc.html","path":"..\\..\\templates\\report_v2\\03_toc.html","time":"2025-12-02T18:08:19-05:00","message":"Template cached successfully"}
{"level":"debug","service":"report","template":"03a_divider_part1.html","path":"..\\..\\templates\\report_v2\\03a_divider_part1.html","time":"2025-12-02T18:08:19-05:00","message":"Template cached successfully"}
{"level":"debug","service":"report","template":"04a_pestel_pes.html","path":"..\\..\\templates\\report_v2\\04a_pestel_pes.html","time":"2025-12-02T18:08:19-05:00","message":"Template cached successfully"}
{"level":"debug","service":"report","template":"04b_pestel_tel.html","path":"..\\..\\templates\\report_v2\\04b_pestel_tel.html","time":"2025-12-02T18:08:19-05:00","message":"Template cached successfully"}
{"level":"debug","service":"report","template":"05a_porter_7forces.html","path":"..\\..\\templates\\report_v2\\05a_porter_7forces.html","time":"2025-12-02T18:08:19-05:00","message":"Template cached successfully"}
{"level":"debug","service":"report","template":"06_swot.html","path":"..\\..\\templates\\report_v2\\06_swot.html","time":"2025-12-02T18:08:19-05:00","message":"Template cached successfully"}
{"level":"debug","service":"report","template":"08a_divider_part2.html","path":"..\\..\\templates\\report_v2\\08a_divider_part2.html","time":"2025-12-02T18:08:19-05:00","message":"Template cached successfully"}
{"level":"debug","service":"report","template":"07_tam_sam_som.html","path":"..\\..\\templates\\report_v2\\07_tam_sam_som.html","time":"2025-12-02T18:08:19-05:00","message":"Template cached successfully"}
{"level":"debug","service":"report","template":"08_ocean.html","path":"..\\..\\templates\\report_v2\\08_ocean.html","time":"2025-12-02T18:08:19-05:00","message":"Template cached successfully"}
{"level":"debug","service":"report","template":"11a_divider_part3.html","path":"..\\..\\templates\\report_v2\\11a_divider_part3.html","time":"2025-12-02T18:08:19-05:00","message":"Template cached successfully"}
{"level":"debug","service":"report","template":"12a_okrs_quarterly.html","path":"..\\..\\templates\\report_v2\\12a_okrs_quarterly.html","time":"2025-12-02T18:08:19-05:00","message":"Template cached successfully"}
{"level":"debug","service":"report","template":"13a_growth_loops.html","path":"..\\..\\templates\\report_v2\\13a_growth_loops.html","time":"2025-12-02T18:08:19-05:00","message":"Template cached successfully"}
{"level":"debug","service":"report","template":"14a_divider_part4.html","path":"..\\..\\templates\\report_v2\\14a_divider_part4.html","time":"2025-12-02T18:08:19-05:00","message":"Template cached successfully"}
{"level":"debug","service":"report","template":"15a_scenarios.html","path":"..\\..\\templates\\report_v2\\15a_scenarios.html","time":"2025-12-02T18:08:19-05:00","message":"Template cached successfully"}
{"level":"debug","service":"report","template":"16a_recommendations_review.html","path":"..\\..\\templates\\report_v2\\16a_recommendations_review.html","time":"2025-12-02T18:08:19-05:00","message":"Template cached successfully"}
{"level":"debug","service":"report","template":"10_business_model.html","path":"..\\..\\templates\\report_v2\\10_business_model.html","time":"2025-12-02T18:08:19-05:00","message":"Template cached successfully"}
{"level":"debug","service":"report","template":"11_competitive_analysis.html","path":"..\\..\\templates\\report_v2\\11_competitive_analysis.html","time":"2025-12-02T18:08:19-05:00","message":"Template cached successfully"}
{"level":"debug","service":"report","template":"12_financial_projections.html","path":"..\\..\\templates\\report_v2\\12_financial_projections.html","time":"2025-12-02T18:08:19-05:00","message":"Template cached successfully"}
{"level":"debug","service":"report","template":"13_gtm_strategy.html","path":"..\\..\\templates\\report_v2\\13_gtm_strategy.html","time":"2025-12-02T18:08:19-05:00","message":"Template cached successfully"}
{"level":"debug","service":"report","template":"14_risk_assessment.html","path":"..\\..\\templates\\report_v2\\14_risk_assessment.html","time":"2025-12-02T18:08:19-05:00","message":"Template cached successfully"}
{"level":"debug","service":"report","template":"15_roadmap.html","path":"..\\..\\templates\\report_v2\\15_roadmap.html","time":"2025-12-02T18:08:19-05:00","message":"Template cached successfully"}
{"level":"debug","service":"report","template":"16_appendix.html","path":"..\\..\\templates\\report_v2\\16_appendix.html","time":"2025-12-02T18:08:19-05:00","message":"Template cached successfully"}
{"level":"info","service":"report","cached":24,"total":24,"time":"2025-12-02T18:08:19-05:00","message":"Template cache initialized"}
{"level":"info","time":"2025-12-02T18:08:19-05:00","message":"\n===================================================================================================="}
{"level":"info","time":"2025-12-02T18:08:19-05:00","message":"🔍 COMPREHENSIVE HTML ANALYSIS - COIMMA REPORT"}
{"level":"info","time":"2025-12-02T18:08:19-05:00","message":"===================================================================================================="}
{"level":"info","time":"2025-12-02T18:08:19-05:00","message":"\n📄 Analyzing: CompetitiveAnalysis"}
{"level":"info","time":"2025-12-02T18:08:19-05:00","message":"  💾 Saved: ..\\..\\test_artifacts\\html_analysis\\CompetitiveAnalysis.html"}
{"level":"warn","time":"2025-12-02T18:08:19-05:00","message":"  ⚠️  Found 1 issues:"}
{"level":"warn","time":"2025-12-02T18:08:19-05:00","message":"      ⚠️ Contains very long text blocks (>300 chars) that may overflow"}
{"level":"info","time":"2025-12-02T18:08:19-05:00","message":"\n📄 Analyzing: Roadmap"}
{"level":"info","time":"2025-12-02T18:08:19-05:00","message":"  💾 Saved: ..\\..\\test_artifacts\\html_analysis\\Roadmap.html"}
{"level":"warn","time":"2025-12-02T18:08:19-05:00","message":"  ⚠️  Found 1 issues:"}
{"level":"warn","time":"2025-12-02T18:08:19-05:00","message":"      ⚠️ Contains very long text blocks (>300 chars) that may overflow"}
{"level":"info","time":"2025-12-02T18:08:19-05:00","message":"\n📄 Analyzing: Cover"}
{"level":"info","time":"2025-12-02T18:08:19-05:00","message":"  💾 Saved: ..\\..\\test_artifacts\\html_analysis\\Cover.html"}
{"level":"warn","time":"2025-12-02T18:08:19-05:00","message":"  ⚠️  Found 1 issues:"}
{"level":"warn","time":"2025-12-02T18:08:19-05:00","message":"      ⚠️ Contains very long text blocks (>300 chars) that may overflow"}
{"level":"info","time":"2025-12-02T18:08:19-05:00","message":"\n📄 Analyzing: Porter"}
{"level":"info","time":"2025-12-02T18:08:19-05:00","message":"  💾 Saved: ..\\..\\test_artifacts\\html_analysis\\Porter.html"}
{"level":"warn","time":"2025-12-02T18:08:19-05:00","message":"  ⚠️  Found 2 issues:"}
{"level":"warn","time":"2025-12-02T18:08:19-05:00","message":"      ⚠️ Porter's analysis may be incomplete (found 1 force references, expected 7+)"}
{"level":"warn","time":"2025-12-02T18:08:19-05:00","message":"      ⚠️ Contains very long text blocks (>300 chars) that may overflow"}
{"level":"info","time":"2025-12-02T18:08:19-05:00","message":"\n📄 Analyzing: SWOT"}
{"level":"info","time":"2025-12-02T18:08:19-05:00","message":"  💾 Saved: ..\\..\\test_artifacts\\html_analysis\\SWOT.html"}
{"level":"warn","time":"2025-12-02T18:08:19-05:00","message":"  ⚠️  Found 1 issues:"}
{"level":"warn","time":"2025-12-02T18:08:19-05:00","message":"      ⚠️ Contains very long text blocks (>300 chars) that may overflow"}
{"level":"info","time":"2025-12-02T18:08:19-05:00","message":"\n📄 Analyzing: DividerPart2"}
{"level":"info","time":"2025-12-02T18:08:19-05:00","message":"  💾 Saved: ..\\..\\test_artifacts\\html_analysis\\DividerPart2.html"}
{"level":"warn","time":"2025-12-02T18:08:19-05:00","message":"  ⚠️  Found 1 issues:"}
{"level":"warn","time":"2025-12-02T18:08:19-05:00","message":"      ⚠️ Contains very long text blocks (>300 chars) that may overflow"}
{"level":"info","time":"2025-12-02T18:08:19-05:00","message":"\n📄 Analyzing: DividerPart3"}
{"level":"info","time":"2025-12-02T18:08:19-05:00","message":"  💾 Saved: ..\\..\\test_artifacts\\html_analysis\\DividerPart3.html"}
{"level":"warn","time":"2025-12-02T18:08:19-05:00","message":"  ⚠️  Found 1 issues:"}
{"level":"warn","time":"2025-12-02T18:08:19-05:00","message":"      ⚠️ Contains very long text blocks (>300 chars) that may overflow"}
{"level":"info","time":"2025-12-02T18:08:19-05:00","message":"\n📄 Analyzing: Scenarios"}
{"level":"info","time":"2025-12-02T18:08:19-05:00","message":"  💾 Saved: ..\\..\\test_artifacts\\html_analysis\\Scenarios.html"}
{"level":"warn","time":"2025-12-02T18:08:19-05:00","message":"  ⚠️  Found 1 issues:"}
{"level":"warn","time":"2025-12-02T18:08:19-05:00","message":"      ⚠️ Contains very long text blocks (>300 chars) that may overflow"}
{"level":"info","time":"2025-12-02T18:08:19-05:00","message":"\n📄 Analyzing: FinancialProjections"}
{"level":"info","time":"2025-12-02T18:08:19-05:00","message":"  💾 Saved: ..\\..\\test_artifacts\\html_analysis\\FinancialProjections.html"}
{"level":"warn","time":"2025-12-02T18:08:19-05:00","message":"  ⚠️  Found 1 issues:"}
{"level":"warn","time":"2025-12-02T18:08:19-05:00","message":"      ⚠️ Contains very long text blocks (>300 chars) that may overflow"}
{"level":"info","time":"2025-12-02T18:08:19-05:00","message":"\n📄 Analyzing: Appendix"}
{"level":"info","time":"2025-12-02T18:08:19-05:00","message":"  💾 Saved: ..\\..\\test_artifacts\\html_analysis\\Appendix.html"}
{"level":"warn","time":"2025-12-02T18:08:19-05:00","message":"  ⚠️  Found 1 issues:"}
{"level":"warn","time":"2025-12-02T18:08:19-05:00","message":"      ⚠️ Contains very long text blocks (>300 chars) that may overflow"}
{"level":"info","time":"2025-12-02T18:08:19-05:00","message":"\n📄 Analyzing: TableOfContents"}
{"level":"info","time":"2025-12-02T18:08:19-05:00","message":"  💾 Saved: ..\\..\\test_artifacts\\html_analysis\\TableOfContents.html"}
{"level":"warn","time":"2025-12-02T18:08:19-05:00","message":"  ⚠️  Found 1 issues:"}
{"level":"warn","time":"2025-12-02T18:08:19-05:00","message":"      ⚠️ Contains very long text blocks (>300 chars) that may overflow"}
{"level":"info","time":"2025-12-02T18:08:19-05:00","message":"\n📄 Analyzing: DividerPart1"}
{"level":"info","time":"2025-12-02T18:08:20-05:00","message":"  💾 Saved: ..\\..\\test_artifacts\\html_analysis\\DividerPart1.html"}
{"level":"warn","time":"2025-12-02T18:08:20-05:00","message":"  ⚠️  Found 1 issues:"}
{"level":"warn","time":"2025-12-02T18:08:20-05:00","message":"      ⚠️ Contains very long text blocks (>300 chars) that may overflow"}
{"level":"info","time":"2025-12-02T18:08:20-05:00","message":"\n📄 Analyzing: BlueOcean"}
{"level":"info","time":"2025-12-02T18:08:20-05:00","message":"  💾 Saved: ..\\..\\test_artifacts\\html_analysis\\BlueOcean.html"}
{"level":"warn","time":"2025-12-02T18:08:20-05:00","message":"  ⚠️  Found 1 issues:"}
{"level":"warn","time":"2025-12-02T18:08:20-05:00","message":"      ⚠️ Contains very long text blocks (>300 chars) that may overflow"}
{"level":"info","time":"2025-12-02T18:08:20-05:00","message":"\n📄 Analyzing: GrowthLoops"}
{"level":"info","time":"2025-12-02T18:08:20-05:00","message":"  💾 Saved: ..\\..\\test_artifacts\\html_analysis\\GrowthLoops.html"}
{"level":"warn","time":"2025-12-02T18:08:20-05:00","message":"  ⚠️  Found 1 issues:"}
{"level":"warn","time":"2025-12-02T18:08:20-05:00","message":"      ⚠️ Contains very long text blocks (>300 chars) that may overflow"}
{"level":"info","time":"2025-12-02T18:08:20-05:00","message":"\n📄 Analyzing: GTMStrategy"}
{"level":"info","time":"2025-12-02T18:08:20-05:00","message":"  💾 Saved: ..\\..\\test_artifacts\\html_analysis\\GTMStrategy.html"}
{"level":"warn","time":"2025-12-02T18:08:20-05:00","message":"  ⚠️  Found 1 issues:"}
{"level":"warn","time":"2025-12-02T18:08:20-05:00","message":"      ⚠️ Contains very long text blocks (>300 chars) that may overflow"}
{"level":"info","time":"2025-12-02T18:08:20-05:00","message":"\n📄 Analyzing: PESTEL_PES"}
{"level":"info","time":"2025-12-02T18:08:20-05:00","message":"  💾 Saved: ..\\..\\test_artifacts\\html_analysis\\PESTEL_PES.html"}
{"level":"warn","time":"2025-12-02T18:08:20-05:00","message":"  ⚠️  Found 1 issues:"}
{"level":"warn","time":"2025-12-02T18:08:20-05:00","message":"      ⚠️ Contains very long text blocks (>300 chars) that may overflow"}
{"level":"info","time":"2025-12-02T18:08:20-05:00","message":"\n📄 Analyzing: OKRs"}
{"level":"info","time":"2025-12-02T18:08:20-05:00","message":"  💾 Saved: ..\\..\\test_artifacts\\html_analysis\\OKRs.html"}
{"level":"warn","time":"2025-12-02T18:08:20-05:00","message":"  ⚠️  Found 1 issues:"}
{"level":"warn","time":"2025-12-02T18:08:20-05:00","message":"      ⚠️ Contains very long text blocks (>300 chars) that may overflow"}
{"level":"info","time":"2025-12-02T18:08:20-05:00","message":"\n📄 Analyzing: RiskAssessment"}
{"level":"info","time":"2025-12-02T18:08:20-05:00","message":"  💾 Saved: ..\\..\\test_artifacts\\html_analysis\\RiskAssessment.html"}
{"level":"warn","time":"2025-12-02T18:08:20-05:00","message":"  ⚠️  Found 1 issues:"}
{"level":"warn","time":"2025-12-02T18:08:20-05:00","message":"      ⚠️ Contains very long text blocks (>300 chars) that may overflow"}
{"level":"info","time":"2025-12-02T18:08:20-05:00","message":"\n📄 Analyzing: ExecutiveSummary"}
{"level":"info","time":"2025-12-02T18:08:20-05:00","message":"  💾 Saved: ..\\..\\test_artifacts\\html_analysis\\ExecutiveSummary.html"}
{"level":"warn","time":"2025-12-02T18:08:20-05:00","message":"  ⚠️  Found 1 issues:"}
{"level":"warn","time":"2025-12-02T18:08:20-05:00","message":"      ⚠️ Contains very long text blocks (>300 chars) that may overflow"}
{"level":"info","time":"2025-12-02T18:08:20-05:00","message":"\n📄 Analyzing: PESTEL_TEL"}
{"level":"info","time":"2025-12-02T18:08:20-05:00","message":"  💾 Saved: ..\\..\\test_artifacts\\html_analysis\\PESTEL_TEL.html"}
{"level":"warn","time":"2025-12-02T18:08:20-05:00","message":"  ⚠️  Found 1 issues:"}
{"level":"warn","time":"2025-12-02T18:08:20-05:00","message":"      ⚠️ Contains very long text blocks (>300 chars) that may overflow"}
{"level":"info","time":"2025-12-02T18:08:20-05:00","message":"\n📄 Analyzing: MarketSizing"}
{"level":"info","time":"2025-12-02T18:08:20-05:00","message":"  💾 Saved: ..\\..\\test_artifacts\\html_analysis\\MarketSizing.html"}
{"level":"warn","time":"2025-12-02T18:08:20-05:00","message":"  ⚠️  Found 1 issues:"}
{"level":"warn","time":"2025-12-02T18:08:20-05:00","message":"      ⚠️ Contains very long text blocks (>300 chars) that may overflow"}
{"level":"info","time":"2025-12-02T18:08:20-05:00","message":"\n📄 Analyzing: DividerPart4"}
{"level":"info","time":"2025-12-02T18:08:20-05:00","message":"  💾 Saved: ..\\..\\test_artifacts\\html_analysis\\DividerPart4.html"}
{"level":"warn","time":"2025-12-02T18:08:20-05:00","message":"  ⚠️  Found 1 issues:"}
{"level":"warn","time":"2025-12-02T18:08:20-05:00","message":"      ⚠️ Contains very long text blocks (>300 chars) that may overflow"}
{"level":"info","time":"2025-12-02T18:08:20-05:00","message":"\n📄 Analyzing: Recommendations"}
{"level":"info","time":"2025-12-02T18:08:20-05:00","message":"  💾 Saved: ..\\..\\test_artifacts\\html_analysis\\Recommendations.html"}
{"level":"warn","time":"2025-12-02T18:08:20-05:00","message":"  ⚠️  Found 1 issues:"}
{"level":"warn","time":"2025-12-02T18:08:20-05:00","message":"      ⚠️ Contains very long text blocks (>300 chars) that may overflow"}
{"level":"info","time":"2025-12-02T18:08:20-05:00","message":"\n📄 Analyzing: BusinessModel"}
{"level":"info","time":"2025-12-02T18:08:20-05:00","message":"  💾 Saved: ..\\..\\test_artifacts\\html_analysis\\BusinessModel.html"}
{"level":"warn","time":"2025-12-02T18:08:20-05:00","message":"  ⚠️  Found 1 issues:"}
{"level":"warn","time":"2025-12-02T18:08:20-05:00","message":"      ⚠️ Contains very long text blocks (>300 chars) that may overflow"}
{"level":"info","time":"2025-12-02T18:08:20-05:00","message":"\n===================================================================================================="}
{"level":"info","time":"2025-12-02T18:08:20-05:00","message":"📊 ANALYSIS SUMMARY"}
{"level":"info","time":"2025-12-02T18:08:20-05:00","message":"===================================================================================================="}
{"level":"info","time":"2025-12-02T18:08:20-05:00","message":"Total Pages: 24"}
{"level":"info","time":"2025-12-02T18:08:20-05:00","message":"Pages with Issues: 24"}
{"level":"info","time":"2025-12-02T18:08:20-05:00","message":"Total Issues: 25"}
{"level":"warn","time":"2025-12-02T18:08:20-05:00","message":"\n⚠️  PAGES WITH ISSUES:"}
{"level":"warn","time":"2025-12-02T18:08:20-05:00","message":"  SWOT: 1 issues"}
{"level":"warn","time":"2025-12-02T18:08:20-05:00","message":"  FinancialProjections: 1 issues"}
{"level":"warn","time":"2025-12-02T18:08:20-05:00","message":"  DividerPart1: 1 issues"}
{"level":"warn","time":"2025-12-02T18:08:20-05:00","message":"  OKRs: 1 issues"}
{"level":"warn","time":"2025-12-02T18:08:20-05:00","message":"  PESTEL_TEL: 1 issues"}
{"level":"warn","time":"2025-12-02T18:08:20-05:00","message":"  Porter: 2 issues"}
{"level":"warn","time":"2025-12-02T18:08:20-05:00","message":"  DividerPart3: 1 issues"}
{"level":"warn","time":"2025-12-02T18:08:20-05:00","message":"  Appendix: 1 issues"}
{"level":"warn","time":"2025-12-02T18:08:20-05:00","message":"  TableOfContents: 1 issues"}
{"level":"warn","time":"2025-12-02T18:08:20-05:00","message":"  BlueOcean: 1 issues"}
{"level":"warn","time":"2025-12-02T18:08:20-05:00","message":"  PESTEL_PES: 1 issues"}
{"level":"warn","time":"2025-12-02T18:08:20-05:00","message":"  MarketSizing: 1 issues"}
{"level":"warn","time":"2025-12-02T18:08:20-05:00","message":"  Recommendations: 1 issues"}
{"level":"warn","time":"2025-12-02T18:08:20-05:00","message":"  Roadmap: 1 issues"}
{"level":"warn","time":"2025-12-02T18:08:20-05:00","message":"  DividerPart2: 1 issues"}
{"level":"warn","time":"2025-12-02T18:08:20-05:00","message":"  RiskAssessment: 1 issues"}
{"level":"warn","time":"2025-12-02T18:08:20-05:00","message":"  DividerPart4: 1 issues"}
{"level":"warn","time":"2025-12-02T18:08:20-05:00","message":"  BusinessModel: 1 issues"}
{"level":"warn","time":"2025-12-02T18:08:20-05:00","message":"  GrowthLoops: 1 issues"}
{"level":"warn","time":"2025-12-02T18:08:20-05:00","message":"  CompetitiveAnalysis: 1 issues"}
{"level":"warn","time":"2025-12-02T18:08:20-05:00","message":"  Cover: 1 issues"}
{"level":"warn","time":"2025-12-02T18:08:20-05:00","message":"  Scenarios: 1 issues"}
{"level":"warn","time":"2025-12-02T18:08:20-05:00","message":"  GTMStrategy: 1 issues"}
{"level":"warn","time":"2025-12-02T18:08:20-05:00","message":"  ExecutiveSummary: 1 issues"}
{"level":"info","time":"2025-12-02T18:08:20-05:00","message":"\n===================================================================================================="}
{"level":"info","time":"2025-12-02T18:08:20-05:00","message":"📋 DATA COMPLETENESS CHECK"}
{"level":"info","time":"2025-12-02T18:08:20-05:00","message":"===================================================================================================="}
{"level":"info","time":"2025-12-02T18:08:20-05:00","message":"  ✅ BlueOcean: Complete"}
{"level":"info","time":"2025-12-02T18:08:20-05:00","message":"  ✅ GrowthHacking: Complete"}
{"level":"info","time":"2025-12-02T18:08:20-05:00","message":"  ✅ Scenarios: Complete"}
{"level":"info","time":"2025-12-02T18:08:20-05:00","message":"  ✅ BSC: Complete"}
{"level":"info","time":"2025-12-02T18:08:20-05:00","message":"  ✅ TAM-SAM-SOM: Complete"}
{"level":"info","time":"2025-12-02T18:08:20-05:00","message":"  ✅ OKRs: Complete"}
{"level":"info","time":"2025-12-02T18:08:20-05:00","message":"  ✅ DecisionMatrix: Complete"}
{"level":"info","time":"2025-12-02T18:08:20-05:00","message":"  ✅ Benchmarking: Complete"}
{"level":"info","time":"2025-12-02T18:08:20-05:00","message":"  ✅ Synthesis: Complete"}
{"level":"info","time":"2025-12-02T18:08:20-05:00","message":"  ✅ PESTEL: Complete"}
{"level":"info","time":"2025-12-02T18:08:20-05:00","message":"  ✅ Porter: Complete"}
{"level":"info","time":"2025-12-02T18:08:20-05:00","message":"  ✅ SWOT: Complete"}
{"level":"info","time":"2025-12-02T18:08:20-05:00","message":"\n📄 Full report saved to: ..\\..\\test_artifacts\\html_analysis\\ANALYSIS_REPORT.md"}
{"level":"warn","time":"2025-12-02T18:08:20-05:00","message":"\n⚠️  Test completed with 25 issues requiring attention"}
--- PASS: TestHTMLAnalysis_ComprehensiveValidation (1.02s)
=== RUN   TestAnalysisValidator_All11FrameworksComplete
=== RUN   TestAnalysisValidator_All11FrameworksComplete/PESTEL
=== RUN   TestAnalysisValidator_All11FrameworksComplete/Porter
=== RUN   TestAnalysisValidator_All11FrameworksComplete/SWOT
=== RUN   TestAnalysisValidator_All11FrameworksComplete/TAM-SAM-SOM
=== RUN   TestAnalysisValidator_All11FrameworksComplete/Blue_Ocean
=== RUN   TestAnalysisValidator_All11FrameworksComplete/OKRs
=== RUN   TestAnalysisValidator_All11FrameworksComplete/BSC
=== RUN   TestAnalysisValidator_All11FrameworksComplete/Benchmarking
=== RUN   TestAnalysisValidator_All11FrameworksComplete/Scenarios
=== RUN   TestAnalysisValidator_All11FrameworksComplete/Growth_Hacking
=== RUN   TestAnalysisValidator_All11FrameworksComplete/Decision_Matrix
--- PASS: TestAnalysisValidator_All11FrameworksComplete (0.00s)
    --- PASS: TestAnalysisValidator_All11FrameworksComplete/PESTEL (0.00s)
    --- PASS: TestAnalysisValidator_All11FrameworksComplete/Porter (0.00s)
    --- PASS: TestAnalysisValidator_All11FrameworksComplete/SWOT (0.00s)
    --- PASS: TestAnalysisValidator_All11FrameworksComplete/TAM-SAM-SOM (0.00s)
    --- PASS: TestAnalysisValidator_All11FrameworksComplete/Blue_Ocean (0.00s)
    --- PASS: TestAnalysisValidator_All11FrameworksComplete/OKRs (0.00s)
    --- PASS: TestAnalysisValidator_All11FrameworksComplete/BSC (0.00s)
    --- PASS: TestAnalysisValidator_All11FrameworksComplete/Benchmarking (0.00s)
    --- PASS: TestAnalysisValidator_All11FrameworksComplete/Scenarios (0.00s)
    --- PASS: TestAnalysisValidator_All11FrameworksComplete/Growth_Hacking (0.00s)
    --- PASS: TestAnalysisValidator_All11FrameworksComplete/Decision_Matrix (0.00s)
=== RUN   TestAnalysisValidator_IncompleteAnalysisRejected
--- PASS: TestAnalysisValidator_IncompleteAnalysisRejected (0.00s)
=== RUN   TestAnalysisValidator_FrameworkDataIntegrity
=== RUN   TestAnalysisValidator_FrameworkDataIntegrity/PESTEL_has_6_dimensions
=== RUN   TestAnalysisValidator_FrameworkDataIntegrity/Porter_has_7_forces
=== RUN   TestAnalysisValidator_FrameworkDataIntegrity/SWOT_has_4_quadrants
=== RUN   TestAnalysisValidator_FrameworkDataIntegrity/Scenarios_sum_to_100%
--- PASS: TestAnalysisValidator_FrameworkDataIntegrity (0.00s)
    --- PASS: TestAnalysisValidator_FrameworkDataIntegrity/PESTEL_has_6_dimensions (0.00s)
    --- PASS: TestAnalysisValidator_FrameworkDataIntegrity/Porter_has_7_forces (0.00s)
    --- PASS: TestAnalysisValidator_FrameworkDataIntegrity/SWOT_has_4_quadrants (0.00s)
    --- PASS: TestAnalysisValidator_FrameworkDataIntegrity/Scenarios_sum_to_100% (0.00s)
=== RUN   TestPostgresRepository_Create
--- PASS: TestPostgresRepository_Create (0.00s)
=== RUN   TestPostgresRepository_GetBySubmissionID_Found
--- PASS: TestPostgresRepository_GetBySubmissionID_Found (0.00s)
=== RUN   TestPostgresRepository_GetBySubmissionID_NotFound
--- PASS: TestPostgresRepository_GetBySubmissionID_NotFound (0.00s)
=== RUN   TestPostgresRepository_GetByID_Found
--- PASS: TestPostgresRepository_GetByID_Found (0.00s)
=== RUN   TestPostgresRepository_GetByID_NotFound
--- PASS: TestPostgresRepository_GetByID_NotFound (0.00s)
=== RUN   TestPostgresRepository_Update
--- PASS: TestPostgresRepository_Update (0.00s)
=== RUN   TestPostgresRepository_Update_NotFound
--- PASS: TestPostgresRepository_Update_NotFound (0.00s)
=== RUN   TestPostgresRepository_List
--- PASS: TestPostgresRepository_List (0.00s)
=== RUN   TestPostgresRepository_Delete
--- PASS: TestPostgresRepository_Delete (0.00s)
=== RUN   TestPostgresRepository_Delete_NotFound
--- PASS: TestPostgresRepository_Delete_NotFound (0.00s)
=== RUN   TestPostgresRepository_GetBySubmissionID_DatabaseError
--- PASS: TestPostgresRepository_GetBySubmissionID_DatabaseError (0.00s)
=== RUN   TestReportService_GeneratePreview_Coimma
{"level":"debug","service":"report","template":"01_cover.html","path":"..\\..\\templates\\report_v2\\01_cover.html","time":"2025-12-02T18:08:20-05:00","message":"Template cached successfully"}
{"level":"debug","service":"report","template":"02_exec_summary.html","path":"..\\..\\templates\\report_v2\\02_exec_summary.html","time":"2025-12-02T18:08:20-05:00","message":"Template cached successfully"}
{"level":"debug","service":"report","template":"03_toc.html","path":"..\\..\\templates\\report_v2\\03_toc.html","time":"2025-12-02T18:08:20-05:00","message":"Template cached successfully"}
{"level":"debug","service":"report","template":"03a_divider_part1.html","path":"..\\..\\templates\\report_v2\\03a_divider_part1.html","time":"2025-12-02T18:08:20-05:00","message":"Template cached successfully"}
{"level":"debug","service":"report","template":"04a_pestel_pes.html","path":"..\\..\\templates\\report_v2\\04a_pestel_pes.html","time":"2025-12-02T18:08:20-05:00","message":"Template cached successfully"}
{"level":"debug","service":"report","template":"04b_pestel_tel.html","path":"..\\..\\templates\\report_v2\\04b_pestel_tel.html","time":"2025-12-02T18:08:20-05:00","message":"Template cached successfully"}
{"level":"debug","service":"report","template":"05a_porter_7forces.html","path":"..\\..\\templates\\report_v2\\05a_porter_7forces.html","time":"2025-12-02T18:08:20-05:00","message":"Template cached successfully"}
{"level":"debug","service":"report","template":"06_swot.html","path":"..\\..\\templates\\report_v2\\06_swot.html","time":"2025-12-02T18:08:20-05:00","message":"Template cached successfully"}
{"level":"debug","service":"report","template":"08a_divider_part2.html","path":"..\\..\\templates\\report_v2\\08a_divider_part2.html","time":"2025-12-02T18:08:20-05:00","message":"Template cached successfully"}
{"level":"debug","service":"report","template":"07_tam_sam_som.html","path":"..\\..\\templates\\report_v2\\07_tam_sam_som.html","time":"2025-12-02T18:08:20-05:00","message":"Template cached successfully"}
{"level":"debug","service":"report","template":"08_ocean.html","path":"..\\..\\templates\\report_v2\\08_ocean.html","time":"2025-12-02T18:08:20-05:00","message":"Template cached successfully"}
{"level":"debug","service":"report","template":"11a_divider_part3.html","path":"..\\..\\templates\\report_v2\\11a_divider_part3.html","time":"2025-12-02T18:08:20-05:00","message":"Template cached successfully"}
{"level":"debug","service":"report","template":"12a_okrs_quarterly.html","path":"..\\..\\templates\\report_v2\\12a_okrs_quarterly.html","time":"2025-12-02T18:08:20-05:00","message":"Template cached successfully"}
{"level":"debug","service":"report","template":"13a_growth_loops.html","path":"..\\..\\templates\\report_v2\\13a_growth_loops.html","time":"2025-12-02T18:08:20-05:00","message":"Template cached successfully"}
{"level":"debug","service":"report","template":"14a_divider_part4.html","path":"..\\..\\templates\\report_v2\\14a_divider_part4.html","time":"2025-12-02T18:08:20-05:00","message":"Template cached successfully"}
{"level":"debug","service":"report","template":"15a_scenarios.html","path":"..\\..\\templates\\report_v2\\15a_scenarios.html","time":"2025-12-02T18:08:20-05:00","message":"Template cached successfully"}
{"level":"debug","service":"report","template":"16a_recommendations_review.html","path":"..\\..\\templates\\report_v2\\16a_recommendations_review.html","time":"2025-12-02T18:08:20-05:00","message":"Template cached successfully"}
{"level":"debug","service":"report","template":"10_business_model.html","path":"..\\..\\templates\\report_v2\\10_business_model.html","time":"2025-12-02T18:08:20-05:00","message":"Template cached successfully"}
{"level":"debug","service":"report","template":"11_competitive_analysis.html","path":"..\\..\\templates\\report_v2\\11_competitive_analysis.html","time":"2025-12-02T18:08:20-05:00","message":"Template cached successfully"}
{"level":"debug","service":"report","template":"12_financial_projections.html","path":"..\\..\\templates\\report_v2\\12_financial_projections.html","time":"2025-12-02T18:08:20-05:00","message":"Template cached successfully"}
{"level":"debug","service":"report","template":"13_gtm_strategy.html","path":"..\\..\\templates\\report_v2\\13_gtm_strategy.html","time":"2025-12-02T18:08:20-05:00","message":"Template cached successfully"}
{"level":"debug","service":"report","template":"14_risk_assessment.html","path":"..\\..\\templates\\report_v2\\14_risk_assessment.html","time":"2025-12-02T18:08:20-05:00","message":"Template cached successfully"}
{"level":"debug","service":"report","template":"15_roadmap.html","path":"..\\..\\templates\\report_v2\\15_roadmap.html","time":"2025-12-02T18:08:20-05:00","message":"Template cached successfully"}
{"level":"debug","service":"report","template":"16_appendix.html","path":"..\\..\\templates\\report_v2\\16_appendix.html","time":"2025-12-02T18:08:20-05:00","message":"Template cached successfully"}
{"level":"info","service":"report","cached":24,"total":24,"time":"2025-12-02T18:08:20-05:00","message":"Template cache initialized"}
{"level":"info","time":"2025-12-02T18:08:20-05:00","message":"🚀 Generating HTML Preview for Coimma Report..."}
{"level":"info","time":"2025-12-02T18:08:20-05:00","message":"✅ Generated 24 HTML pages"}
{"level":"info","time":"2025-12-02T18:08:20-05:00","message":"  📄 Cover: 5205 characters"}
{"level":"info","time":"2025-12-02T18:08:20-05:00","message":"  📄 DividerPart1: 3974 characters"}
{"level":"info","time":"2025-12-02T18:08:20-05:00","message":"  📄 PESTEL_TEL: 5296 characters"}
{"level":"info","time":"2025-12-02T18:08:20-05:00","message":"  📄 SWOT: 12770 characters"}
{"level":"info","time":"2025-12-02T18:08:20-05:00","message":"  📄 BlueOcean: 6938 characters"}
{"level":"info","time":"2025-12-02T18:08:20-05:00","message":"  📄 Scenarios: 11099 characters"}
{"level":"info","time":"2025-12-02T18:08:20-05:00","message":"  📄 BusinessModel: 5638 characters"}
{"level":"info","time":"2025-12-02T18:08:20-05:00","message":"  📄 TableOfContents: 8411 characters"}
{"level":"info","time":"2025-12-02T18:08:20-05:00","message":"  📄 MarketSizing: 5095 characters"}
{"level":"info","time":"2025-12-02T18:08:20-05:00","message":"  📄 DividerPart3: 3871 characters"}
{"level":"info","time":"2025-12-02T18:08:20-05:00","message":"  📄 GrowthLoops: 10042 characters"}
{"level":"info","time":"2025-12-02T18:08:20-05:00","message":"  📄 Recommendations: 12049 characters"}
{"level":"info","time":"2025-12-02T18:08:20-05:00","message":"  📄 FinancialProjections: 6680 characters"}
{"level":"info","time":"2025-12-02T18:08:20-05:00","message":"  📄 ExecutiveSummary: 7990 characters"}
{"level":"info","time":"2025-12-02T18:08:20-05:00","message":"  📄 PESTEL_PES: 5326 characters"}
{"level":"info","time":"2025-12-02T18:08:20-05:00","message":"  📄 DividerPart4: 3761 characters"}
{"level":"info","time":"2025-12-02T18:08:20-05:00","message":"  📄 GTMStrategy: 5571 characters"}
{"level":"info","time":"2025-12-02T18:08:20-05:00","message":"  📄 Roadmap: 5016 characters"}
{"level":"info","time":"2025-12-02T18:08:20-05:00","message":"  📄 Porter: 10590 characters"}
{"level":"info","time":"2025-12-02T18:08:20-05:00","message":"  📄 DividerPart2: 3791 characters"}
{"level":"info","time":"2025-12-02T18:08:20-05:00","message":"  📄 OKRs: 10808 characters"}
{"level":"info","time":"2025-12-02T18:08:20-05:00","message":"  📄 CompetitiveAnalysis: 4610 characters"}
{"level":"info","time":"2025-12-02T18:08:20-05:00","message":"  📄 RiskAssessment: 5548 characters"}
{"level":"info","time":"2025-12-02T18:08:20-05:00","message":"  📄 Appendix: 6632 characters"}
--- PASS: TestReportService_GeneratePreview_Coimma (0.05s)
=== RUN   TestReportService_Publish_Coimma
{"level":"debug","service":"report","template":"01_cover.html","path":"..\\..\\templates\\report_v2\\01_cover.html","time":"2025-12-02T18:08:20-05:00","message":"Template cached successfully"}
{"level":"debug","service":"report","template":"02_exec_summary.html","path":"..\\..\\templates\\report_v2\\02_exec_summary.html","time":"2025-12-02T18:08:20-05:00","message":"Template cached successfully"}
{"level":"debug","service":"report","template":"03_toc.html","path":"..\\..\\templates\\report_v2\\03_toc.html","time":"2025-12-02T18:08:20-05:00","message":"Template cached successfully"}
{"level":"debug","service":"report","template":"03a_divider_part1.html","path":"..\\..\\templates\\report_v2\\03a_divider_part1.html","time":"2025-12-02T18:08:20-05:00","message":"Template cached successfully"}
{"level":"debug","service":"report","template":"04a_pestel_pes.html","path":"..\\..\\templates\\report_v2\\04a_pestel_pes.html","time":"2025-12-02T18:08:20-05:00","message":"Template cached successfully"}
{"level":"debug","service":"report","template":"04b_pestel_tel.html","path":"..\\..\\templates\\report_v2\\04b_pestel_tel.html","time":"2025-12-02T18:08:20-05:00","message":"Template cached successfully"}
{"level":"debug","service":"report","template":"05a_porter_7forces.html","path":"..\\..\\templates\\report_v2\\05a_porter_7forces.html","time":"2025-12-02T18:08:20-05:00","message":"Template cached successfully"}
{"level":"debug","service":"report","template":"06_swot.html","path":"..\\..\\templates\\report_v2\\06_swot.html","time":"2025-12-02T18:08:20-05:00","message":"Template cached successfully"}
{"level":"debug","service":"report","template":"08a_divider_part2.html","path":"..\\..\\templates\\report_v2\\08a_divider_part2.html","time":"2025-12-02T18:08:20-05:00","message":"Template cached successfully"}
{"level":"debug","service":"report","template":"07_tam_sam_som.html","path":"..\\..\\templates\\report_v2\\07_tam_sam_som.html","time":"2025-12-02T18:08:20-05:00","message":"Template cached successfully"}
{"level":"debug","service":"report","template":"08_ocean.html","path":"..\\..\\templates\\report_v2\\08_ocean.html","time":"2025-12-02T18:08:20-05:00","message":"Template cached successfully"}
{"level":"debug","service":"report","template":"11a_divider_part3.html","path":"..\\..\\templates\\report_v2\\11a_divider_part3.html","time":"2025-12-02T18:08:20-05:00","message":"Template cached successfully"}
{"level":"debug","service":"report","template":"12a_okrs_quarterly.html","path":"..\\..\\templates\\report_v2\\12a_okrs_quarterly.html","time":"2025-12-02T18:08:20-05:00","message":"Template cached successfully"}
{"level":"debug","service":"report","template":"13a_growth_loops.html","path":"..\\..\\templates\\report_v2\\13a_growth_loops.html","time":"2025-12-02T18:08:20-05:00","message":"Template cached successfully"}
{"level":"debug","service":"report","template":"14a_divider_part4.html","path":"..\\..\\templates\\report_v2\\14a_divider_part4.html","time":"2025-12-02T18:08:20-05:00","message":"Template cached successfully"}
{"level":"debug","service":"report","template":"15a_scenarios.html","path":"..\\..\\templates\\report_v2\\15a_scenarios.html","time":"2025-12-02T18:08:20-05:00","message":"Template cached successfully"}
{"level":"debug","service":"report","template":"16a_recommendations_review.html","path":"..\\..\\templates\\report_v2\\16a_recommendations_review.html","time":"2025-12-02T18:08:20-05:00","message":"Template cached successfully"}
{"level":"debug","service":"report","template":"10_business_model.html","path":"..\\..\\templates\\report_v2\\10_business_model.html","time":"2025-12-02T18:08:20-05:00","message":"Template cached successfully"}
{"level":"debug","service":"report","template":"11_competitive_analysis.html","path":"..\\..\\templates\\report_v2\\11_competitive_analysis.html","time":"2025-12-02T18:08:20-05:00","message":"Template cached successfully"}
{"level":"debug","service":"report","template":"12_financial_projections.html","path":"..\\..\\templates\\report_v2\\12_financial_projections.html","time":"2025-12-02T18:08:20-05:00","message":"Template cached successfully"}
{"level":"debug","service":"report","template":"13_gtm_strategy.html","path":"..\\..\\templates\\report_v2\\13_gtm_strategy.html","time":"2025-12-02T18:08:20-05:00","message":"Template cached successfully"}
{"level":"debug","service":"report","template":"14_risk_assessment.html","path":"..\\..\\templates\\report_v2\\14_risk_assessment.html","time":"2025-12-02T18:08:20-05:00","message":"Template cached successfully"}
{"level":"debug","service":"report","template":"15_roadmap.html","path":"..\\..\\templates\\report_v2\\15_roadmap.html","time":"2025-12-02T18:08:20-05:00","message":"Template cached successfully"}
{"level":"debug","service":"report","template":"16_appendix.html","path":"..\\..\\templates\\report_v2\\16_appendix.html","time":"2025-12-02T18:08:20-05:00","message":"Template cached successfully"}
{"level":"info","service":"report","cached":24,"total":24,"time":"2025-12-02T18:08:20-05:00","message":"Template cache initialized"}
{"level":"info","time":"2025-12-02T18:08:20-05:00","message":"🚀 Publishing Coimma Report (Generating PDF)..."}
{"level":"info","service":"report","analysis_id":"6057454f-12bf-4783-8334-f5a4424ad246","time":"2025-12-02T18:08:20-05:00","message":"Publishing Report"}
{"level":"info","time":"2025-12-02T18:08:20-05:00","message":"✅ PDF Published Successfully: https://storage.example.com/reports/coimma-report.pdf"}
--- PASS: TestReportService_Publish_Coimma (0.04s)
=== RUN   TestReportService_Publish_PDFGenerationFails
{"level":"debug","service":"report","template":"01_cover.html","path":"..\\..\\templates\\report_v2\\01_cover.html","time":"2025-12-02T18:08:20-05:00","message":"Template cached successfully"}
{"level":"debug","service":"report","template":"02_exec_summary.html","path":"..\\..\\templates\\report_v2\\02_exec_summary.html","time":"2025-12-02T18:08:20-05:00","message":"Template cached successfully"}
{"level":"debug","service":"report","template":"03_toc.html","path":"..\\..\\templates\\report_v2\\03_toc.html","time":"2025-12-02T18:08:20-05:00","message":"Template cached successfully"}
{"level":"debug","service":"report","template":"03a_divider_part1.html","path":"..\\..\\templates\\report_v2\\03a_divider_part1.html","time":"2025-12-02T18:08:20-05:00","message":"Template cached successfully"}
{"level":"debug","service":"report","template":"04a_pestel_pes.html","path":"..\\..\\templates\\report_v2\\04a_pestel_pes.html","time":"2025-12-02T18:08:20-05:00","message":"Template cached successfully"}
{"level":"debug","service":"report","template":"04b_pestel_tel.html","path":"..\\..\\templates\\report_v2\\04b_pestel_tel.html","time":"2025-12-02T18:08:20-05:00","message":"Template cached successfully"}
{"level":"debug","service":"report","template":"05a_porter_7forces.html","path":"..\\..\\templates\\report_v2\\05a_porter_7forces.html","time":"2025-12-02T18:08:20-05:00","message":"Template cached successfully"}
{"level":"debug","service":"report","template":"06_swot.html","path":"..\\..\\templates\\report_v2\\06_swot.html","time":"2025-12-02T18:08:20-05:00","message":"Template cached successfully"}
{"level":"debug","service":"report","template":"08a_divider_part2.html","path":"..\\..\\templates\\report_v2\\08a_divider_part2.html","time":"2025-12-02T18:08:20-05:00","message":"Template cached successfully"}
{"level":"debug","service":"report","template":"07_tam_sam_som.html","path":"..\\..\\templates\\report_v2\\07_tam_sam_som.html","time":"2025-12-02T18:08:20-05:00","message":"Template cached successfully"}
{"level":"debug","service":"report","template":"08_ocean.html","path":"..\\..\\templates\\report_v2\\08_ocean.html","time":"2025-12-02T18:08:20-05:00","message":"Template cached successfully"}
{"level":"debug","service":"report","template":"11a_divider_part3.html","path":"..\\..\\templates\\report_v2\\11a_divider_part3.html","time":"2025-12-02T18:08:20-05:00","message":"Template cached successfully"}
{"level":"debug","service":"report","template":"12a_okrs_quarterly.html","path":"..\\..\\templates\\report_v2\\12a_okrs_quarterly.html","time":"2025-12-02T18:08:20-05:00","message":"Template cached successfully"}
{"level":"debug","service":"report","template":"13a_growth_loops.html","path":"..\\..\\templates\\report_v2\\13a_growth_loops.html","time":"2025-12-02T18:08:20-05:00","message":"Template cached successfully"}
{"level":"debug","service":"report","template":"14a_divider_part4.html","path":"..\\..\\templates\\report_v2\\14a_divider_part4.html","time":"2025-12-02T18:08:20-05:00","message":"Template cached successfully"}
{"level":"debug","service":"report","template":"15a_scenarios.html","path":"..\\..\\templates\\report_v2\\15a_scenarios.html","time":"2025-12-02T18:08:20-05:00","message":"Template cached successfully"}
{"level":"debug","service":"report","template":"16a_recommendations_review.html","path":"..\\..\\templates\\report_v2\\16a_recommendations_review.html","time":"2025-12-02T18:08:20-05:00","message":"Template cached successfully"}
{"level":"debug","service":"report","template":"10_business_model.html","path":"..\\..\\templates\\report_v2\\10_business_model.html","time":"2025-12-02T18:08:20-05:00","message":"Template cached successfully"}
{"level":"debug","service":"report","template":"11_competitive_analysis.html","path":"..\\..\\templates\\report_v2\\11_competitive_analysis.html","time":"2025-12-02T18:08:20-05:00","message":"Template cached successfully"}
{"level":"debug","service":"report","template":"12_financial_projections.html","path":"..\\..\\templates\\report_v2\\12_financial_projections.html","time":"2025-12-02T18:08:20-05:00","message":"Template cached successfully"}
{"level":"debug","service":"report","template":"13_gtm_strategy.html","path":"..\\..\\templates\\report_v2\\13_gtm_strategy.html","time":"2025-12-02T18:08:20-05:00","message":"Template cached successfully"}
{"level":"debug","service":"report","template":"14_risk_assessment.html","path":"..\\..\\templates\\report_v2\\14_risk_assessment.html","time":"2025-12-02T18:08:20-05:00","message":"Template cached successfully"}
{"level":"debug","service":"report","template":"15_roadmap.html","path":"..\\..\\templates\\report_v2\\15_roadmap.html","time":"2025-12-02T18:08:20-05:00","message":"Template cached successfully"}
{"level":"debug","service":"report","template":"16_appendix.html","path":"..\\..\\templates\\report_v2\\16_appendix.html","time":"2025-12-02T18:08:20-05:00","message":"Template cached successfully"}
{"level":"info","service":"report","cached":24,"total":24,"time":"2025-12-02T18:08:20-05:00","message":"Template cache initialized"}
{"level":"info","service":"report","analysis_id":"6057454f-12bf-4783-8334-f5a4424ad246","time":"2025-12-02T18:08:20-05:00","message":"Publishing Report"}
--- PASS: TestReportService_Publish_PDFGenerationFails (0.04s)
=== RUN   TestReportService_Publish_StorageUploadFails
{"level":"debug","service":"report","template":"01_cover.html","path":"..\\..\\templates\\report_v2\\01_cover.html","time":"2025-12-02T18:08:20-05:00","message":"Template cached successfully"}
{"level":"debug","service":"report","template":"02_exec_summary.html","path":"..\\..\\templates\\report_v2\\02_exec_summary.html","time":"2025-12-02T18:08:20-05:00","message":"Template cached successfully"}
{"level":"debug","service":"report","template":"03_toc.html","path":"..\\..\\templates\\report_v2\\03_toc.html","time":"2025-12-02T18:08:20-05:00","message":"Template cached successfully"}
{"level":"debug","service":"report","template":"03a_divider_part1.html","path":"..\\..\\templates\\report_v2\\03a_divider_part1.html","time":"2025-12-02T18:08:20-05:00","message":"Template cached successfully"}
{"level":"debug","service":"report","template":"04a_pestel_pes.html","path":"..\\..\\templates\\report_v2\\04a_pestel_pes.html","time":"2025-12-02T18:08:20-05:00","message":"Template cached successfully"}
{"level":"debug","service":"report","template":"04b_pestel_tel.html","path":"..\\..\\templates\\report_v2\\04b_pestel_tel.html","time":"2025-12-02T18:08:20-05:00","message":"Template cached successfully"}
{"level":"debug","service":"report","template":"05a_porter_7forces.html","path":"..\\..\\templates\\report_v2\\05a_porter_7forces.html","time":"2025-12-02T18:08:20-05:00","message":"Template cached successfully"}
{"level":"debug","service":"report","template":"06_swot.html","path":"..\\..\\templates\\report_v2\\06_swot.html","time":"2025-12-02T18:08:20-05:00","message":"Template cached successfully"}
{"level":"debug","service":"report","template":"08a_divider_part2.html","path":"..\\..\\templates\\report_v2\\08a_divider_part2.html","time":"2025-12-02T18:08:20-05:00","message":"Template cached successfully"}
{"level":"debug","service":"report","template":"07_tam_sam_som.html","path":"..\\..\\templates\\report_v2\\07_tam_sam_som.html","time":"2025-12-02T18:08:20-05:00","message":"Template cached successfully"}
{"level":"debug","service":"report","template":"08_ocean.html","path":"..\\..\\templates\\report_v2\\08_ocean.html","time":"2025-12-02T18:08:20-05:00","message":"Template cached successfully"}
{"level":"debug","service":"report","template":"11a_divider_part3.html","path":"..\\..\\templates\\report_v2\\11a_divider_part3.html","time":"2025-12-02T18:08:20-05:00","message":"Template cached successfully"}
{"level":"debug","service":"report","template":"12a_okrs_quarterly.html","path":"..\\..\\templates\\report_v2\\12a_okrs_quarterly.html","time":"2025-12-02T18:08:20-05:00","message":"Template cached successfully"}
{"level":"debug","service":"report","template":"13a_growth_loops.html","path":"..\\..\\templates\\report_v2\\13a_growth_loops.html","time":"2025-12-02T18:08:20-05:00","message":"Template cached successfully"}
{"level":"debug","service":"report","template":"14a_divider_part4.html","path":"..\\..\\templates\\report_v2\\14a_divider_part4.html","time":"2025-12-02T18:08:20-05:00","message":"Template cached successfully"}
{"level":"debug","service":"report","template":"15a_scenarios.html","path":"..\\..\\templates\\report_v2\\15a_scenarios.html","time":"2025-12-02T18:08:20-05:00","message":"Template cached successfully"}
{"level":"debug","service":"report","template":"16a_recommendations_review.html","path":"..\\..\\templates\\report_v2\\16a_recommendations_review.html","time":"2025-12-02T18:08:20-05:00","message":"Template cached successfully"}
{"level":"debug","service":"report","template":"10_business_model.html","path":"..\\..\\templates\\report_v2\\10_business_model.html","time":"2025-12-02T18:08:20-05:00","message":"Template cached successfully"}
{"level":"debug","service":"report","template":"11_competitive_analysis.html","path":"..\\..\\templates\\report_v2\\11_competitive_analysis.html","time":"2025-12-02T18:08:20-05:00","message":"Template cached successfully"}
{"level":"debug","service":"report","template":"12_financial_projections.html","path":"..\\..\\templates\\report_v2\\12_financial_projections.html","time":"2025-12-02T18:08:20-05:00","message":"Template cached successfully"}
{"level":"debug","service":"report","template":"13_gtm_strategy.html","path":"..\\..\\templates\\report_v2\\13_gtm_strategy.html","time":"2025-12-02T18:08:20-05:00","message":"Template cached successfully"}
{"level":"debug","service":"report","template":"14_risk_assessment.html","path":"..\\..\\templates\\report_v2\\14_risk_assessment.html","time":"2025-12-02T18:08:20-05:00","message":"Template cached successfully"}
{"level":"debug","service":"report","template":"15_roadmap.html","path":"..\\..\\templates\\report_v2\\15_roadmap.html","time":"2025-12-02T18:08:20-05:00","message":"Template cached successfully"}
{"level":"debug","service":"report","template":"16_appendix.html","path":"..\\..\\templates\\report_v2\\16_appendix.html","time":"2025-12-02T18:08:20-05:00","message":"Template cached successfully"}
{"level":"info","service":"report","cached":24,"total":24,"time":"2025-12-02T18:08:20-05:00","message":"Template cache initialized"}
{"level":"info","service":"report","analysis_id":"6057454f-12bf-4783-8334-f5a4424ad246","time":"2025-12-02T18:08:20-05:00","message":"Publishing Report"}
--- PASS: TestReportService_Publish_StorageUploadFails (0.03s)
=== RUN   TestReportService_Publish_SubmissionNotFound
{"level":"debug","service":"report","template":"01_cover.html","path":"..\\..\\templates\\report_v2\\01_cover.html","time":"2025-12-02T18:08:20-05:00","message":"Template cached successfully"}
{"level":"debug","service":"report","template":"02_exec_summary.html","path":"..\\..\\templates\\report_v2\\02_exec_summary.html","time":"2025-12-02T18:08:20-05:00","message":"Template cached successfully"}
{"level":"debug","service":"report","template":"03_toc.html","path":"..\\..\\templates\\report_v2\\03_toc.html","time":"2025-12-02T18:08:20-05:00","message":"Template cached successfully"}
{"level":"debug","service":"report","template":"03a_divider_part1.html","path":"..\\..\\templates\\report_v2\\03a_divider_part1.html","time":"2025-12-02T18:08:20-05:00","message":"Template cached successfully"}
{"level":"debug","service":"report","template":"04a_pestel_pes.html","path":"..\\..\\templates\\report_v2\\04a_pestel_pes.html","time":"2025-12-02T18:08:20-05:00","message":"Template cached successfully"}
{"level":"debug","service":"report","template":"04b_pestel_tel.html","path":"..\\..\\templates\\report_v2\\04b_pestel_tel.html","time":"2025-12-02T18:08:20-05:00","message":"Template cached successfully"}
{"level":"debug","service":"report","template":"05a_porter_7forces.html","path":"..\\..\\templates\\report_v2\\05a_porter_7forces.html","time":"2025-12-02T18:08:20-05:00","message":"Template cached successfully"}
{"level":"debug","service":"report","template":"06_swot.html","path":"..\\..\\templates\\report_v2\\06_swot.html","time":"2025-12-02T18:08:20-05:00","message":"Template cached successfully"}
{"level":"debug","service":"report","template":"08a_divider_part2.html","path":"..\\..\\templates\\report_v2\\08a_divider_part2.html","time":"2025-12-02T18:08:20-05:00","message":"Template cached successfully"}
{"level":"debug","service":"report","template":"07_tam_sam_som.html","path":"..\\..\\templates\\report_v2\\07_tam_sam_som.html","time":"2025-12-02T18:08:20-05:00","message":"Template cached successfully"}
{"level":"debug","service":"report","template":"08_ocean.html","path":"..\\..\\templates\\report_v2\\08_ocean.html","time":"2025-12-02T18:08:20-05:00","message":"Template cached successfully"}
{"level":"debug","service":"report","template":"11a_divider_part3.html","path":"..\\..\\templates\\report_v2\\11a_divider_part3.html","time":"2025-12-02T18:08:20-05:00","message":"Template cached successfully"}
{"level":"debug","service":"report","template":"12a_okrs_quarterly.html","path":"..\\..\\templates\\report_v2\\12a_okrs_quarterly.html","time":"2025-12-02T18:08:20-05:00","message":"Template cached successfully"}
{"level":"debug","service":"report","template":"13a_growth_loops.html","path":"..\\..\\templates\\report_v2\\13a_growth_loops.html","time":"2025-12-02T18:08:20-05:00","message":"Template cached successfully"}
{"level":"debug","service":"report","template":"14a_divider_part4.html","path":"..\\..\\templates\\report_v2\\14a_divider_part4.html","time":"2025-12-02T18:08:20-05:00","message":"Template cached successfully"}
{"level":"debug","service":"report","template":"15a_scenarios.html","path":"..\\..\\templates\\report_v2\\15a_scenarios.html","time":"2025-12-02T18:08:20-05:00","message":"Template cached successfully"}
{"level":"debug","service":"report","template":"16a_recommendations_review.html","path":"..\\..\\templates\\report_v2\\16a_recommendations_review.html","time":"2025-12-02T18:08:20-05:00","message":"Template cached successfully"}
{"level":"debug","service":"report","template":"10_business_model.html","path":"..\\..\\templates\\report_v2\\10_business_model.html","time":"2025-12-02T18:08:20-05:00","message":"Template cached successfully"}
{"level":"debug","service":"report","template":"11_competitive_analysis.html","path":"..\\..\\templates\\report_v2\\11_competitive_analysis.html","time":"2025-12-02T18:08:20-05:00","message":"Template cached successfully"}
{"level":"debug","service":"report","template":"12_financial_projections.html","path":"..\\..\\templates\\report_v2\\12_financial_projections.html","time":"2025-12-02T18:08:20-05:00","message":"Template cached successfully"}
{"level":"debug","service":"report","template":"13_gtm_strategy.html","path":"..\\..\\templates\\report_v2\\13_gtm_strategy.html","time":"2025-12-02T18:08:20-05:00","message":"Template cached successfully"}
{"level":"debug","service":"report","template":"14_risk_assessment.html","path":"..\\..\\templates\\report_v2\\14_risk_assessment.html","time":"2025-12-02T18:08:20-05:00","message":"Template cached successfully"}
{"level":"debug","service":"report","template":"15_roadmap.html","path":"..\\..\\templates\\report_v2\\15_roadmap.html","time":"2025-12-02T18:08:20-05:00","message":"Template cached successfully"}
{"level":"debug","service":"report","template":"16_appendix.html","path":"..\\..\\templates\\report_v2\\16_appendix.html","time":"2025-12-02T18:08:20-05:00","message":"Template cached successfully"}
{"level":"info","service":"report","cached":24,"total":24,"time":"2025-12-02T18:08:20-05:00","message":"Template cache initialized"}
{"level":"info","service":"report","analysis_id":"6057454f-12bf-4783-8334-f5a4424ad246","time":"2025-12-02T18:08:20-05:00","message":"Publishing Report"}
--- PASS: TestReportService_Publish_SubmissionNotFound (0.03s)
=== RUN   TestReportService_Publish_AnalysisNotFound
{"level":"debug","service":"report","template":"01_cover.html","path":"..\\..\\templates\\report_v2\\01_cover.html","time":"2025-12-02T18:08:20-05:00","message":"Template cached successfully"}
{"level":"debug","service":"report","template":"02_exec_summary.html","path":"..\\..\\templates\\report_v2\\02_exec_summary.html","time":"2025-12-02T18:08:20-05:00","message":"Template cached successfully"}
{"level":"debug","service":"report","template":"03_toc.html","path":"..\\..\\templates\\report_v2\\03_toc.html","time":"2025-12-02T18:08:20-05:00","message":"Template cached successfully"}
{"level":"debug","service":"report","template":"03a_divider_part1.html","path":"..\\..\\templates\\report_v2\\03a_divider_part1.html","time":"2025-12-02T18:08:20-05:00","message":"Template cached successfully"}
{"level":"debug","service":"report","template":"04a_pestel_pes.html","path":"..\\..\\templates\\report_v2\\04a_pestel_pes.html","time":"2025-12-02T18:08:20-05:00","message":"Template cached successfully"}
{"level":"debug","service":"report","template":"04b_pestel_tel.html","path":"..\\..\\templates\\report_v2\\04b_pestel_tel.html","time":"2025-12-02T18:08:20-05:00","message":"Template cached successfully"}
{"level":"debug","service":"report","template":"05a_porter_7forces.html","path":"..\\..\\templates\\report_v2\\05a_porter_7forces.html","time":"2025-12-02T18:08:20-05:00","message":"Template cached successfully"}
{"level":"debug","service":"report","template":"06_swot.html","path":"..\\..\\templates\\report_v2\\06_swot.html","time":"2025-12-02T18:08:20-05:00","message":"Template cached successfully"}
{"level":"debug","service":"report","template":"08a_divider_part2.html","path":"..\\..\\templates\\report_v2\\08a_divider_part2.html","time":"2025-12-02T18:08:20-05:00","message":"Template cached successfully"}
{"level":"debug","service":"report","template":"07_tam_sam_som.html","path":"..\\..\\templates\\report_v2\\07_tam_sam_som.html","time":"2025-12-02T18:08:20-05:00","message":"Template cached successfully"}
{"level":"debug","service":"report","template":"08_ocean.html","path":"..\\..\\templates\\report_v2\\08_ocean.html","time":"2025-12-02T18:08:20-05:00","message":"Template cached successfully"}
{"level":"debug","service":"report","template":"11a_divider_part3.html","path":"..\\..\\templates\\report_v2\\11a_divider_part3.html","time":"2025-12-02T18:08:20-05:00","message":"Template cached successfully"}
{"level":"debug","service":"report","template":"12a_okrs_quarterly.html","path":"..\\..\\templates\\report_v2\\12a_okrs_quarterly.html","time":"2025-12-02T18:08:20-05:00","message":"Template cached successfully"}
{"level":"debug","service":"report","template":"13a_growth_loops.html","path":"..\\..\\templates\\report_v2\\13a_growth_loops.html","time":"2025-12-02T18:08:20-05:00","message":"Template cached successfully"}
{"level":"debug","service":"report","template":"14a_divider_part4.html","path":"..\\..\\templates\\report_v2\\14a_divider_part4.html","time":"2025-12-02T18:08:20-05:00","message":"Template cached successfully"}
{"level":"debug","service":"report","template":"15a_scenarios.html","path":"..\\..\\templates\\report_v2\\15a_scenarios.html","time":"2025-12-02T18:08:20-05:00","message":"Template cached successfully"}
{"level":"debug","service":"report","template":"16a_recommendations_review.html","path":"..\\..\\templates\\report_v2\\16a_recommendations_review.html","time":"2025-12-02T18:08:20-05:00","message":"Template cached successfully"}
{"level":"debug","service":"report","template":"10_business_model.html","path":"..\\..\\templates\\report_v2\\10_business_model.html","time":"2025-12-02T18:08:20-05:00","message":"Template cached successfully"}
{"level":"debug","service":"report","template":"11_competitive_analysis.html","path":"..\\..\\templates\\report_v2\\11_competitive_analysis.html","time":"2025-12-02T18:08:20-05:00","message":"Template cached successfully"}
{"level":"debug","service":"report","template":"12_financial_projections.html","path":"..\\..\\templates\\report_v2\\12_financial_projections.html","time":"2025-12-02T18:08:20-05:00","message":"Template cached successfully"}
{"level":"debug","service":"report","template":"13_gtm_strategy.html","path":"..\\..\\templates\\report_v2\\13_gtm_strategy.html","time":"2025-12-02T18:08:20-05:00","message":"Template cached successfully"}
{"level":"debug","service":"report","template":"14_risk_assessment.html","path":"..\\..\\templates\\report_v2\\14_risk_assessment.html","time":"2025-12-02T18:08:20-05:00","message":"Template cached successfully"}
{"level":"debug","service":"report","template":"15_roadmap.html","path":"..\\..\\templates\\report_v2\\15_roadmap.html","time":"2025-12-02T18:08:20-05:00","message":"Template cached successfully"}
{"level":"debug","service":"report","template":"16_appendix.html","path":"..\\..\\templates\\report_v2\\16_appendix.html","time":"2025-12-02T18:08:20-05:00","message":"Template cached successfully"}
{"level":"info","service":"report","cached":24,"total":24,"time":"2025-12-02T18:08:20-05:00","message":"Template cache initialized"}
{"level":"info","service":"report","analysis_id":"6057454f-12bf-4783-8334-f5a4424ad246","time":"2025-12-02T18:08:20-05:00","message":"Publishing Report"}
--- PASS: TestReportService_Publish_AnalysisNotFound (0.03s)
=== RUN   TestReportService_GeneratePreview_AllPagesRendered
{"level":"debug","service":"report","template":"01_cover.html","path":"..\\..\\templates\\report_v2\\01_cover.html","time":"2025-12-02T18:08:20-05:00","message":"Template cached successfully"}
{"level":"debug","service":"report","template":"02_exec_summary.html","path":"..\\..\\templates\\report_v2\\02_exec_summary.html","time":"2025-12-02T18:08:20-05:00","message":"Template cached successfully"}
{"level":"debug","service":"report","template":"03_toc.html","path":"..\\..\\templates\\report_v2\\03_toc.html","time":"2025-12-02T18:08:20-05:00","message":"Template cached successfully"}
{"level":"debug","service":"report","template":"03a_divider_part1.html","path":"..\\..\\templates\\report_v2\\03a_divider_part1.html","time":"2025-12-02T18:08:20-05:00","message":"Template cached successfully"}
{"level":"debug","service":"report","template":"04a_pestel_pes.html","path":"..\\..\\templates\\report_v2\\04a_pestel_pes.html","time":"2025-12-02T18:08:20-05:00","message":"Template cached successfully"}
{"level":"debug","service":"report","template":"04b_pestel_tel.html","path":"..\\..\\templates\\report_v2\\04b_pestel_tel.html","time":"2025-12-02T18:08:20-05:00","message":"Template cached successfully"}
{"level":"debug","service":"report","template":"05a_porter_7forces.html","path":"..\\..\\templates\\report_v2\\05a_porter_7forces.html","time":"2025-12-02T18:08:20-05:00","message":"Template cached successfully"}
{"level":"debug","service":"report","template":"06_swot.html","path":"..\\..\\templates\\report_v2\\06_swot.html","time":"2025-12-02T18:08:20-05:00","message":"Template cached successfully"}
{"level":"debug","service":"report","template":"08a_divider_part2.html","path":"..\\..\\templates\\report_v2\\08a_divider_part2.html","time":"2025-12-02T18:08:20-05:00","message":"Template cached successfully"}
{"level":"debug","service":"report","template":"07_tam_sam_som.html","path":"..\\..\\templates\\report_v2\\07_tam_sam_som.html","time":"2025-12-02T18:08:20-05:00","message":"Template cached successfully"}
{"level":"debug","service":"report","template":"08_ocean.html","path":"..\\..\\templates\\report_v2\\08_ocean.html","time":"2025-12-02T18:08:20-05:00","message":"Template cached successfully"}
{"level":"debug","service":"report","template":"11a_divider_part3.html","path":"..\\..\\templates\\report_v2\\11a_divider_part3.html","time":"2025-12-02T18:08:20-05:00","message":"Template cached successfully"}
{"level":"debug","service":"report","template":"12a_okrs_quarterly.html","path":"..\\..\\templates\\report_v2\\12a_okrs_quarterly.html","time":"2025-12-02T18:08:20-05:00","message":"Template cached successfully"}
{"level":"debug","service":"report","template":"13a_growth_loops.html","path":"..\\..\\templates\\report_v2\\13a_growth_loops.html","time":"2025-12-02T18:08:20-05:00","message":"Template cached successfully"}
{"level":"debug","service":"report","template":"14a_divider_part4.html","path":"..\\..\\templates\\report_v2\\14a_divider_part4.html","time":"2025-12-02T18:08:20-05:00","message":"Template cached successfully"}
{"level":"debug","service":"report","template":"15a_scenarios.html","path":"..\\..\\templates\\report_v2\\15a_scenarios.html","time":"2025-12-02T18:08:20-05:00","message":"Template cached successfully"}
{"level":"debug","service":"report","template":"16a_recommendations_review.html","path":"..\\..\\templates\\report_v2\\16a_recommendations_review.html","time":"2025-12-02T18:08:20-05:00","message":"Template cached successfully"}
{"level":"debug","service":"report","template":"10_business_model.html","path":"..\\..\\templates\\report_v2\\10_business_model.html","time":"2025-12-02T18:08:20-05:00","message":"Template cached successfully"}
{"level":"debug","service":"report","template":"11_competitive_analysis.html","path":"..\\..\\templates\\report_v2\\11_competitive_analysis.html","time":"2025-12-02T18:08:20-05:00","message":"Template cached successfully"}
{"level":"debug","service":"report","template":"12_financial_projections.html","path":"..\\..\\templates\\report_v2\\12_financial_projections.html","time":"2025-12-02T18:08:20-05:00","message":"Template cached successfully"}
{"level":"debug","service":"report","template":"13_gtm_strategy.html","path":"..\\..\\templates\\report_v2\\13_gtm_strategy.html","time":"2025-12-02T18:08:20-05:00","message":"Template cached successfully"}
{"level":"debug","service":"report","template":"14_risk_assessment.html","path":"..\\..\\templates\\report_v2\\14_risk_assessment.html","time":"2025-12-02T18:08:20-05:00","message":"Template cached successfully"}
{"level":"debug","service":"report","template":"15_roadmap.html","path":"..\\..\\templates\\report_v2\\15_roadmap.html","time":"2025-12-02T18:08:20-05:00","message":"Template cached successfully"}
{"level":"debug","service":"report","template":"16_appendix.html","path":"..\\..\\templates\\report_v2\\16_appendix.html","time":"2025-12-02T18:08:20-05:00","message":"Template cached successfully"}
{"level":"info","service":"report","cached":24,"total":24,"time":"2025-12-02T18:08:20-05:00","message":"Template cache initialized"}
--- PASS: TestReportService_GeneratePreview_AllPagesRendered (0.03s)
=== RUN   TestReportService_GetBySubmissionID_Found
{"level":"debug","service":"report","template":"01_cover.html","path":"..\\..\\templates\\report_v2\\01_cover.html","time":"2025-12-02T18:08:20-05:00","message":"Template cached successfully"}
{"level":"debug","service":"report","template":"02_exec_summary.html","path":"..\\..\\templates\\report_v2\\02_exec_summary.html","time":"2025-12-02T18:08:20-05:00","message":"Template cached successfully"}
{"level":"debug","service":"report","template":"03_toc.html","path":"..\\..\\templates\\report_v2\\03_toc.html","time":"2025-12-02T18:08:20-05:00","message":"Template cached successfully"}
{"level":"debug","service":"report","template":"03a_divider_part1.html","path":"..\\..\\templates\\report_v2\\03a_divider_part1.html","time":"2025-12-02T18:08:20-05:00","message":"Template cached successfully"}
{"level":"debug","service":"report","template":"04a_pestel_pes.html","path":"..\\..\\templates\\report_v2\\04a_pestel_pes.html","time":"2025-12-02T18:08:20-05:00","message":"Template cached successfully"}
{"level":"debug","service":"report","template":"04b_pestel_tel.html","path":"..\\..\\templates\\report_v2\\04b_pestel_tel.html","time":"2025-12-02T18:08:20-05:00","message":"Template cached successfully"}
{"level":"debug","service":"report","template":"05a_porter_7forces.html","path":"..\\..\\templates\\report_v2\\05a_porter_7forces.html","time":"2025-12-02T18:08:20-05:00","message":"Template cached successfully"}
{"level":"debug","service":"report","template":"06_swot.html","path":"..\\..\\templates\\report_v2\\06_swot.html","time":"2025-12-02T18:08:20-05:00","message":"Template cached successfully"}
{"level":"debug","service":"report","template":"08a_divider_part2.html","path":"..\\..\\templates\\report_v2\\08a_divider_part2.html","time":"2025-12-02T18:08:20-05:00","message":"Template cached successfully"}
{"level":"debug","service":"report","template":"07_tam_sam_som.html","path":"..\\..\\templates\\report_v2\\07_tam_sam_som.html","time":"2025-12-02T18:08:20-05:00","message":"Template cached successfully"}
{"level":"debug","service":"report","template":"08_ocean.html","path":"..\\..\\templates\\report_v2\\08_ocean.html","time":"2025-12-02T18:08:20-05:00","message":"Template cached successfully"}
{"level":"debug","service":"report","template":"11a_divider_part3.html","path":"..\\..\\templates\\report_v2\\11a_divider_part3.html","time":"2025-12-02T18:08:20-05:00","message":"Template cached successfully"}
{"level":"debug","service":"report","template":"12a_okrs_quarterly.html","path":"..\\..\\templates\\report_v2\\12a_okrs_quarterly.html","time":"2025-12-02T18:08:20-05:00","message":"Template cached successfully"}
{"level":"debug","service":"report","template":"13a_growth_loops.html","path":"..\\..\\templates\\report_v2\\13a_growth_loops.html","time":"2025-12-02T18:08:20-05:00","message":"Template cached successfully"}
{"level":"debug","service":"report","template":"14a_divider_part4.html","path":"..\\..\\templates\\report_v2\\14a_divider_part4.html","time":"2025-12-02T18:08:20-05:00","message":"Template cached successfully"}
{"level":"debug","service":"report","template":"15a_scenarios.html","path":"..\\..\\templates\\report_v2\\15a_scenarios.html","time":"2025-12-02T18:08:20-05:00","message":"Template cached successfully"}
{"level":"debug","service":"report","template":"16a_recommendations_review.html","path":"..\\..\\templates\\report_v2\\16a_recommendations_review.html","time":"2025-12-02T18:08:20-05:00","message":"Template cached successfully"}
{"level":"debug","service":"report","template":"10_business_model.html","path":"..\\..\\templates\\report_v2\\10_business_model.html","time":"2025-12-02T18:08:20-05:00","message":"Template cached successfully"}
{"level":"debug","service":"report","template":"11_competitive_analysis.html","path":"..\\..\\templates\\report_v2\\11_competitive_analysis.html","time":"2025-12-02T18:08:20-05:00","message":"Template cached successfully"}
{"level":"debug","service":"report","template":"12_financial_projections.html","path":"..\\..\\templates\\report_v2\\12_financial_projections.html","time":"2025-12-02T18:08:20-05:00","message":"Template cached successfully"}
{"level":"debug","service":"report","template":"13_gtm_strategy.html","path":"..\\..\\templates\\report_v2\\13_gtm_strategy.html","time":"2025-12-02T18:08:20-05:00","message":"Template cached successfully"}
{"level":"debug","service":"report","template":"14_risk_assessment.html","path":"..\\..\\templates\\report_v2\\14_risk_assessment.html","time":"2025-12-02T18:08:20-05:00","message":"Template cached successfully"}
{"level":"debug","service":"report","template":"15_roadmap.html","path":"..\\..\\templates\\report_v2\\15_roadmap.html","time":"2025-12-02T18:08:20-05:00","message":"Template cached successfully"}
{"level":"debug","service":"report","template":"16_appendix.html","path":"..\\..\\templates\\report_v2\\16_appendix.html","time":"2025-12-02T18:08:20-05:00","message":"Template cached successfully"}
{"level":"info","service":"report","cached":24,"total":24,"time":"2025-12-02T18:08:20-05:00","message":"Template cache initialized"}
--- PASS: TestReportService_GetBySubmissionID_Found (0.02s)
=== RUN   TestReportService_GetBySubmissionID_NotFound
{"level":"debug","service":"report","template":"01_cover.html","path":"..\\..\\templates\\report_v2\\01_cover.html","time":"2025-12-02T18:08:20-05:00","message":"Template cached successfully"}
{"level":"debug","service":"report","template":"02_exec_summary.html","path":"..\\..\\templates\\report_v2\\02_exec_summary.html","time":"2025-12-02T18:08:20-05:00","message":"Template cached successfully"}
{"level":"debug","service":"report","template":"03_toc.html","path":"..\\..\\templates\\report_v2\\03_toc.html","time":"2025-12-02T18:08:20-05:00","message":"Template cached successfully"}
{"level":"debug","service":"report","template":"03a_divider_part1.html","path":"..\\..\\templates\\report_v2\\03a_divider_part1.html","time":"2025-12-02T18:08:20-05:00","message":"Template cached successfully"}
{"level":"debug","service":"report","template":"04a_pestel_pes.html","path":"..\\..\\templates\\report_v2\\04a_pestel_pes.html","time":"2025-12-02T18:08:20-05:00","message":"Template cached successfully"}
{"level":"debug","service":"report","template":"04b_pestel_tel.html","path":"..\\..\\templates\\report_v2\\04b_pestel_tel.html","time":"2025-12-02T18:08:20-05:00","message":"Template cached successfully"}
{"level":"debug","service":"report","template":"05a_porter_7forces.html","path":"..\\..\\templates\\report_v2\\05a_porter_7forces.html","time":"2025-12-02T18:08:20-05:00","message":"Template cached successfully"}
{"level":"debug","service":"report","template":"06_swot.html","path":"..\\..\\templates\\report_v2\\06_swot.html","time":"2025-12-02T18:08:20-05:00","message":"Template cached successfully"}
{"level":"debug","service":"report","template":"08a_divider_part2.html","path":"..\\..\\templates\\report_v2\\08a_divider_part2.html","time":"2025-12-02T18:08:20-05:00","message":"Template cached successfully"}
{"level":"debug","service":"report","template":"07_tam_sam_som.html","path":"..\\..\\templates\\report_v2\\07_tam_sam_som.html","time":"2025-12-02T18:08:20-05:00","message":"Template cached successfully"}
{"level":"debug","service":"report","template":"08_ocean.html","path":"..\\..\\templates\\report_v2\\08_ocean.html","time":"2025-12-02T18:08:20-05:00","message":"Template cached successfully"}
{"level":"debug","service":"report","template":"11a_divider_part3.html","path":"..\\..\\templates\\report_v2\\11a_divider_part3.html","time":"2025-12-02T18:08:20-05:00","message":"Template cached successfully"}
{"level":"debug","service":"report","template":"12a_okrs_quarterly.html","path":"..\\..\\templates\\report_v2\\12a_okrs_quarterly.html","time":"2025-12-02T18:08:20-05:00","message":"Template cached successfully"}
{"level":"debug","service":"report","template":"13a_growth_loops.html","path":"..\\..\\templates\\report_v2\\13a_growth_loops.html","time":"2025-12-02T18:08:20-05:00","message":"Template cached successfully"}
{"level":"debug","service":"report","template":"14a_divider_part4.html","path":"..\\..\\templates\\report_v2\\14a_divider_part4.html","time":"2025-12-02T18:08:20-05:00","message":"Template cached successfully"}
{"level":"debug","service":"report","template":"15a_scenarios.html","path":"..\\..\\templates\\report_v2\\15a_scenarios.html","time":"2025-12-02T18:08:20-05:00","message":"Template cached successfully"}
{"level":"debug","service":"report","template":"16a_recommendations_review.html","path":"..\\..\\templates\\report_v2\\16a_recommendations_review.html","time":"2025-12-02T18:08:20-05:00","message":"Template cached successfully"}
{"level":"debug","service":"report","template":"10_business_model.html","path":"..\\..\\templates\\report_v2\\10_business_model.html","time":"2025-12-02T18:08:20-05:00","message":"Template cached successfully"}
{"level":"debug","service":"report","template":"11_competitive_analysis.html","path":"..\\..\\templates\\report_v2\\11_competitive_analysis.html","time":"2025-12-02T18:08:20-05:00","message":"Template cached successfully"}
{"level":"debug","service":"report","template":"12_financial_projections.html","path":"..\\..\\templates\\report_v2\\12_financial_projections.html","time":"2025-12-02T18:08:20-05:00","message":"Template cached successfully"}
{"level":"debug","service":"report","template":"13_gtm_strategy.html","path":"..\\..\\templates\\report_v2\\13_gtm_strategy.html","time":"2025-12-02T18:08:20-05:00","message":"Template cached successfully"}
{"level":"debug","service":"report","template":"14_risk_assessment.html","path":"..\\..\\templates\\report_v2\\14_risk_assessment.html","time":"2025-12-02T18:08:20-05:00","message":"Template cached successfully"}
{"level":"debug","service":"report","template":"15_roadmap.html","path":"..\\..\\templates\\report_v2\\15_roadmap.html","time":"2025-12-02T18:08:20-05:00","message":"Template cached successfully"}
{"level":"debug","service":"report","template":"16_appendix.html","path":"..\\..\\templates\\report_v2\\16_appendix.html","time":"2025-12-02T18:08:20-05:00","message":"Template cached successfully"}
{"level":"info","service":"report","cached":24,"total":24,"time":"2025-12-02T18:08:20-05:00","message":"Template cache initialized"}
--- PASS: TestReportService_GetBySubmissionID_NotFound (0.02s)
=== RUN   TestTemplateResolution_AllTemplatesExist
{"level":"debug","service":"report","template":"01_cover.html","path":"..\\..\\templates\\report_v2\\01_cover.html","time":"2025-12-02T18:08:20-05:00","message":"Template cached successfully"}
{"level":"debug","service":"report","template":"02_exec_summary.html","path":"..\\..\\templates\\report_v2\\02_exec_summary.html","time":"2025-12-02T18:08:20-05:00","message":"Template cached successfully"}
{"level":"debug","service":"report","template":"03_toc.html","path":"..\\..\\templates\\report_v2\\03_toc.html","time":"2025-12-02T18:08:20-05:00","message":"Template cached successfully"}
{"level":"debug","service":"report","template":"03a_divider_part1.html","path":"..\\..\\templates\\report_v2\\03a_divider_part1.html","time":"2025-12-02T18:08:20-05:00","message":"Template cached successfully"}
{"level":"debug","service":"report","template":"04a_pestel_pes.html","path":"..\\..\\templates\\report_v2\\04a_pestel_pes.html","time":"2025-12-02T18:08:20-05:00","message":"Template cached successfully"}
{"level":"debug","service":"report","template":"04b_pestel_tel.html","path":"..\\..\\templates\\report_v2\\04b_pestel_tel.html","time":"2025-12-02T18:08:20-05:00","message":"Template cached successfully"}
{"level":"debug","service":"report","template":"05a_porter_7forces.html","path":"..\\..\\templates\\report_v2\\05a_porter_7forces.html","time":"2025-12-02T18:08:20-05:00","message":"Template cached successfully"}
{"level":"debug","service":"report","template":"06_swot.html","path":"..\\..\\templates\\report_v2\\06_swot.html","time":"2025-12-02T18:08:20-05:00","message":"Template cached successfully"}
{"level":"debug","service":"report","template":"08a_divider_part2.html","path":"..\\..\\templates\\report_v2\\08a_divider_part2.html","time":"2025-12-02T18:08:20-05:00","message":"Template cached successfully"}
{"level":"debug","service":"report","template":"07_tam_sam_som.html","path":"..\\..\\templates\\report_v2\\07_tam_sam_som.html","time":"2025-12-02T18:08:20-05:00","message":"Template cached successfully"}
{"level":"debug","service":"report","template":"08_ocean.html","path":"..\\..\\templates\\report_v2\\08_ocean.html","time":"2025-12-02T18:08:20-05:00","message":"Template cached successfully"}
{"level":"debug","service":"report","template":"11a_divider_part3.html","path":"..\\..\\templates\\report_v2\\11a_divider_part3.html","time":"2025-12-02T18:08:20-05:00","message":"Template cached successfully"}
{"level":"debug","service":"report","template":"12a_okrs_quarterly.html","path":"..\\..\\templates\\report_v2\\12a_okrs_quarterly.html","time":"2025-12-02T18:08:20-05:00","message":"Template cached successfully"}
{"level":"debug","service":"report","template":"13a_growth_loops.html","path":"..\\..\\templates\\report_v2\\13a_growth_loops.html","time":"2025-12-02T18:08:20-05:00","message":"Template cached successfully"}
{"level":"debug","service":"report","template":"14a_divider_part4.html","path":"..\\..\\templates\\report_v2\\14a_divider_part4.html","time":"2025-12-02T18:08:20-05:00","message":"Template cached successfully"}
{"level":"debug","service":"report","template":"15a_scenarios.html","path":"..\\..\\templates\\report_v2\\15a_scenarios.html","time":"2025-12-02T18:08:20-05:00","message":"Template cached successfully"}
{"level":"debug","service":"report","template":"16a_recommendations_review.html","path":"..\\..\\templates\\report_v2\\16a_recommendations_review.html","time":"2025-12-02T18:08:20-05:00","message":"Template cached successfully"}
{"level":"debug","service":"report","template":"10_business_model.html","path":"..\\..\\templates\\report_v2\\10_business_model.html","time":"2025-12-02T18:08:20-05:00","message":"Template cached successfully"}
{"level":"debug","service":"report","template":"11_competitive_analysis.html","path":"..\\..\\templates\\report_v2\\11_competitive_analysis.html","time":"2025-12-02T18:08:20-05:00","message":"Template cached successfully"}
{"level":"debug","service":"report","template":"12_financial_projections.html","path":"..\\..\\templates\\report_v2\\12_financial_projections.html","time":"2025-12-02T18:08:20-05:00","message":"Template cached successfully"}
{"level":"debug","service":"report","template":"13_gtm_strategy.html","path":"..\\..\\templates\\report_v2\\13_gtm_strategy.html","time":"2025-12-02T18:08:20-05:00","message":"Template cached successfully"}
{"level":"debug","service":"report","template":"14_risk_assessment.html","path":"..\\..\\templates\\report_v2\\14_risk_assessment.html","time":"2025-12-02T18:08:20-05:00","message":"Template cached successfully"}
{"level":"debug","service":"report","template":"15_roadmap.html","path":"..\\..\\templates\\report_v2\\15_roadmap.html","time":"2025-12-02T18:08:20-05:00","message":"Template cached successfully"}
{"level":"debug","service":"report","template":"16_appendix.html","path":"..\\..\\templates\\report_v2\\16_appendix.html","time":"2025-12-02T18:08:20-05:00","message":"Template cached successfully"}
{"level":"info","service":"report","cached":24,"total":24,"time":"2025-12-02T18:08:20-05:00","message":"Template cache initialized"}
--- PASS: TestTemplateResolution_AllTemplatesExist (0.03s)
=== RUN   TestXSSSanitization_ScriptTagsRemoved
{"level":"debug","service":"report","template":"01_cover.html","path":"..\\..\\templates\\report_v2\\01_cover.html","time":"2025-12-02T18:08:20-05:00","message":"Template cached successfully"}
{"level":"debug","service":"report","template":"02_exec_summary.html","path":"..\\..\\templates\\report_v2\\02_exec_summary.html","time":"2025-12-02T18:08:20-05:00","message":"Template cached successfully"}
{"level":"debug","service":"report","template":"03_toc.html","path":"..\\..\\templates\\report_v2\\03_toc.html","time":"2025-12-02T18:08:20-05:00","message":"Template cached successfully"}
{"level":"debug","service":"report","template":"03a_divider_part1.html","path":"..\\..\\templates\\report_v2\\03a_divider_part1.html","time":"2025-12-02T18:08:20-05:00","message":"Template cached successfully"}
{"level":"debug","service":"report","template":"04a_pestel_pes.html","path":"..\\..\\templates\\report_v2\\04a_pestel_pes.html","time":"2025-12-02T18:08:20-05:00","message":"Template cached successfully"}
{"level":"debug","service":"report","template":"04b_pestel_tel.html","path":"..\\..\\templates\\report_v2\\04b_pestel_tel.html","time":"2025-12-02T18:08:20-05:00","message":"Template cached successfully"}
{"level":"debug","service":"report","template":"05a_porter_7forces.html","path":"..\\..\\templates\\report_v2\\05a_porter_7forces.html","time":"2025-12-02T18:08:20-05:00","message":"Template cached successfully"}
{"level":"debug","service":"report","template":"06_swot.html","path":"..\\..\\templates\\report_v2\\06_swot.html","time":"2025-12-02T18:08:20-05:00","message":"Template cached successfully"}
{"level":"debug","service":"report","template":"08a_divider_part2.html","path":"..\\..\\templates\\report_v2\\08a_divider_part2.html","time":"2025-12-02T18:08:20-05:00","message":"Template cached successfully"}
{"level":"debug","service":"report","template":"07_tam_sam_som.html","path":"..\\..\\templates\\report_v2\\07_tam_sam_som.html","time":"2025-12-02T18:08:20-05:00","message":"Template cached successfully"}
{"level":"debug","service":"report","template":"08_ocean.html","path":"..\\..\\templates\\report_v2\\08_ocean.html","time":"2025-12-02T18:08:20-05:00","message":"Template cached successfully"}
{"level":"debug","service":"report","template":"11a_divider_part3.html","path":"..\\..\\templates\\report_v2\\11a_divider_part3.html","time":"2025-12-02T18:08:20-05:00","message":"Template cached successfully"}
{"level":"debug","service":"report","template":"12a_okrs_quarterly.html","path":"..\\..\\templates\\report_v2\\12a_okrs_quarterly.html","time":"2025-12-02T18:08:20-05:00","message":"Template cached successfully"}
{"level":"debug","service":"report","template":"13a_growth_loops.html","path":"..\\..\\templates\\report_v2\\13a_growth_loops.html","time":"2025-12-02T18:08:20-05:00","message":"Template cached successfully"}
{"level":"debug","service":"report","template":"14a_divider_part4.html","path":"..\\..\\templates\\report_v2\\14a_divider_part4.html","time":"2025-12-02T18:08:20-05:00","message":"Template cached successfully"}
{"level":"debug","service":"report","template":"15a_scenarios.html","path":"..\\..\\templates\\report_v2\\15a_scenarios.html","time":"2025-12-02T18:08:20-05:00","message":"Template cached successfully"}
{"level":"debug","service":"report","template":"16a_recommendations_review.html","path":"..\\..\\templates\\report_v2\\16a_recommendations_review.html","time":"2025-12-02T18:08:20-05:00","message":"Template cached successfully"}
{"level":"debug","service":"report","template":"10_business_model.html","path":"..\\..\\templates\\report_v2\\10_business_model.html","time":"2025-12-02T18:08:20-05:00","message":"Template cached successfully"}
{"level":"debug","service":"report","template":"11_competitive_analysis.html","path":"..\\..\\templates\\report_v2\\11_competitive_analysis.html","time":"2025-12-02T18:08:20-05:00","message":"Template cached successfully"}
{"level":"debug","service":"report","template":"12_financial_projections.html","path":"..\\..\\templates\\report_v2\\12_financial_projections.html","time":"2025-12-02T18:08:20-05:00","message":"Template cached successfully"}
{"level":"debug","service":"report","template":"13_gtm_strategy.html","path":"..\\..\\templates\\report_v2\\13_gtm_strategy.html","time":"2025-12-02T18:08:20-05:00","message":"Template cached successfully"}
{"level":"debug","service":"report","template":"14_risk_assessment.html","path":"..\\..\\templates\\report_v2\\14_risk_assessment.html","time":"2025-12-02T18:08:20-05:00","message":"Template cached successfully"}
{"level":"debug","service":"report","template":"15_roadmap.html","path":"..\\..\\templates\\report_v2\\15_roadmap.html","time":"2025-12-02T18:08:20-05:00","message":"Template cached successfully"}
{"level":"debug","service":"report","template":"16_appendix.html","path":"..\\..\\templates\\report_v2\\16_appendix.html","time":"2025-12-02T18:08:20-05:00","message":"Template cached successfully"}
{"level":"info","service":"report","cached":24,"total":24,"time":"2025-12-02T18:08:20-05:00","message":"Template cache initialized"}
--- PASS: TestXSSSanitization_ScriptTagsRemoved (0.03s)
=== RUN   TestMissingDataHandling_EmptyFrameworks
{"level":"debug","service":"report","template":"01_cover.html","path":"..\\..\\templates\\report_v2\\01_cover.html","time":"2025-12-02T18:08:20-05:00","message":"Template cached successfully"}
{"level":"debug","service":"report","template":"02_exec_summary.html","path":"..\\..\\templates\\report_v2\\02_exec_summary.html","time":"2025-12-02T18:08:20-05:00","message":"Template cached successfully"}
{"level":"debug","service":"report","template":"03_toc.html","path":"..\\..\\templates\\report_v2\\03_toc.html","time":"2025-12-02T18:08:20-05:00","message":"Template cached successfully"}
{"level":"debug","service":"report","template":"03a_divider_part1.html","path":"..\\..\\templates\\report_v2\\03a_divider_part1.html","time":"2025-12-02T18:08:20-05:00","message":"Template cached successfully"}
{"level":"debug","service":"report","template":"04a_pestel_pes.html","path":"..\\..\\templates\\report_v2\\04a_pestel_pes.html","time":"2025-12-02T18:08:20-05:00","message":"Template cached successfully"}
{"level":"debug","service":"report","template":"04b_pestel_tel.html","path":"..\\..\\templates\\report_v2\\04b_pestel_tel.html","time":"2025-12-02T18:08:20-05:00","message":"Template cached successfully"}
{"level":"debug","service":"report","template":"05a_porter_7forces.html","path":"..\\..\\templates\\report_v2\\05a_porter_7forces.html","time":"2025-12-02T18:08:20-05:00","message":"Template cached successfully"}
{"level":"debug","service":"report","template":"06_swot.html","path":"..\\..\\templates\\report_v2\\06_swot.html","time":"2025-12-02T18:08:20-05:00","message":"Template cached successfully"}
{"level":"debug","service":"report","template":"08a_divider_part2.html","path":"..\\..\\templates\\report_v2\\08a_divider_part2.html","time":"2025-12-02T18:08:20-05:00","message":"Template cached successfully"}
{"level":"debug","service":"report","template":"07_tam_sam_som.html","path":"..\\..\\templates\\report_v2\\07_tam_sam_som.html","time":"2025-12-02T18:08:20-05:00","message":"Template cached successfully"}
{"level":"debug","service":"report","template":"08_ocean.html","path":"..\\..\\templates\\report_v2\\08_ocean.html","time":"2025-12-02T18:08:20-05:00","message":"Template cached successfully"}
{"level":"debug","service":"report","template":"11a_divider_part3.html","path":"..\\..\\templates\\report_v2\\11a_divider_part3.html","time":"2025-12-02T18:08:20-05:00","message":"Template cached successfully"}
{"level":"debug","service":"report","template":"12a_okrs_quarterly.html","path":"..\\..\\templates\\report_v2\\12a_okrs_quarterly.html","time":"2025-12-02T18:08:20-05:00","message":"Template cached successfully"}
{"level":"debug","service":"report","template":"13a_growth_loops.html","path":"..\\..\\templates\\report_v2\\13a_growth_loops.html","time":"2025-12-02T18:08:20-05:00","message":"Template cached successfully"}
{"level":"debug","service":"report","template":"14a_divider_part4.html","path":"..\\..\\templates\\report_v2\\14a_divider_part4.html","time":"2025-12-02T18:08:20-05:00","message":"Template cached successfully"}
{"level":"debug","service":"report","template":"15a_scenarios.html","path":"..\\..\\templates\\report_v2\\15a_scenarios.html","time":"2025-12-02T18:08:20-05:00","message":"Template cached successfully"}
{"level":"debug","service":"report","template":"16a_recommendations_review.html","path":"..\\..\\templates\\report_v2\\16a_recommendations_review.html","time":"2025-12-02T18:08:20-05:00","message":"Template cached successfully"}
{"level":"debug","service":"report","template":"10_business_model.html","path":"..\\..\\templates\\report_v2\\10_business_model.html","time":"2025-12-02T18:08:20-05:00","message":"Template cached successfully"}
{"level":"debug","service":"report","template":"11_competitive_analysis.html","path":"..\\..\\templates\\report_v2\\11_competitive_analysis.html","time":"2025-12-02T18:08:20-05:00","message":"Template cached successfully"}
{"level":"debug","service":"report","template":"12_financial_projections.html","path":"..\\..\\templates\\report_v2\\12_financial_projections.html","time":"2025-12-02T18:08:20-05:00","message":"Template cached successfully"}
{"level":"debug","service":"report","template":"13_gtm_strategy.html","path":"..\\..\\templates\\report_v2\\13_gtm_strategy.html","time":"2025-12-02T18:08:20-05:00","message":"Template cached successfully"}
{"level":"debug","service":"report","template":"14_risk_assessment.html","path":"..\\..\\templates\\report_v2\\14_risk_assessment.html","time":"2025-12-02T18:08:20-05:00","message":"Template cached successfully"}
{"level":"debug","service":"report","template":"15_roadmap.html","path":"..\\..\\templates\\report_v2\\15_roadmap.html","time":"2025-12-02T18:08:20-05:00","message":"Template cached successfully"}
{"level":"debug","service":"report","template":"16_appendix.html","path":"..\\..\\templates\\report_v2\\16_appendix.html","time":"2025-12-02T18:08:20-05:00","message":"Template cached successfully"}
{"level":"info","service":"report","cached":24,"total":24,"time":"2025-12-02T18:08:20-05:00","message":"Template cache initialized"}
--- PASS: TestMissingDataHandling_EmptyFrameworks (0.02s)
=== RUN   TestDividerPagesRendering
{"level":"debug","service":"report","template":"01_cover.html","path":"..\\..\\templates\\report_v2\\01_cover.html","time":"2025-12-02T18:08:20-05:00","message":"Template cached successfully"}
{"level":"debug","service":"report","template":"02_exec_summary.html","path":"..\\..\\templates\\report_v2\\02_exec_summary.html","time":"2025-12-02T18:08:20-05:00","message":"Template cached successfully"}
{"level":"debug","service":"report","template":"03_toc.html","path":"..\\..\\templates\\report_v2\\03_toc.html","time":"2025-12-02T18:08:20-05:00","message":"Template cached successfully"}
{"level":"debug","service":"report","template":"03a_divider_part1.html","path":"..\\..\\templates\\report_v2\\03a_divider_part1.html","time":"2025-12-02T18:08:20-05:00","message":"Template cached successfully"}
{"level":"debug","service":"report","template":"04a_pestel_pes.html","path":"..\\..\\templates\\report_v2\\04a_pestel_pes.html","time":"2025-12-02T18:08:20-05:00","message":"Template cached successfully"}
{"level":"debug","service":"report","template":"04b_pestel_tel.html","path":"..\\..\\templates\\report_v2\\04b_pestel_tel.html","time":"2025-12-02T18:08:20-05:00","message":"Template cached successfully"}
{"level":"debug","service":"report","template":"05a_porter_7forces.html","path":"..\\..\\templates\\report_v2\\05a_porter_7forces.html","time":"2025-12-02T18:08:20-05:00","message":"Template cached successfully"}
{"level":"debug","service":"report","template":"06_swot.html","path":"..\\..\\templates\\report_v2\\06_swot.html","time":"2025-12-02T18:08:20-05:00","message":"Template cached successfully"}
{"level":"debug","service":"report","template":"08a_divider_part2.html","path":"..\\..\\templates\\report_v2\\08a_divider_part2.html","time":"2025-12-02T18:08:20-05:00","message":"Template cached successfully"}
{"level":"debug","service":"report","template":"07_tam_sam_som.html","path":"..\\..\\templates\\report_v2\\07_tam_sam_som.html","time":"2025-12-02T18:08:20-05:00","message":"Template cached successfully"}
{"level":"debug","service":"report","template":"08_ocean.html","path":"..\\..\\templates\\report_v2\\08_ocean.html","time":"2025-12-02T18:08:20-05:00","message":"Template cached successfully"}
{"level":"debug","service":"report","template":"11a_divider_part3.html","path":"..\\..\\templates\\report_v2\\11a_divider_part3.html","time":"2025-12-02T18:08:20-05:00","message":"Template cached successfully"}
{"level":"debug","service":"report","template":"12a_okrs_quarterly.html","path":"..\\..\\templates\\report_v2\\12a_okrs_quarterly.html","time":"2025-12-02T18:08:20-05:00","message":"Template cached successfully"}
{"level":"debug","service":"report","template":"13a_growth_loops.html","path":"..\\..\\templates\\report_v2\\13a_growth_loops.html","time":"2025-12-02T18:08:20-05:00","message":"Template cached successfully"}
{"level":"debug","service":"report","template":"14a_divider_part4.html","path":"..\\..\\templates\\report_v2\\14a_divider_part4.html","time":"2025-12-02T18:08:20-05:00","message":"Template cached successfully"}
{"level":"debug","service":"report","template":"15a_scenarios.html","path":"..\\..\\templates\\report_v2\\15a_scenarios.html","time":"2025-12-02T18:08:20-05:00","message":"Template cached successfully"}
{"level":"debug","service":"report","template":"16a_recommendations_review.html","path":"..\\..\\templates\\report_v2\\16a_recommendations_review.html","time":"2025-12-02T18:08:20-05:00","message":"Template cached successfully"}
{"level":"debug","service":"report","template":"10_business_model.html","path":"..\\..\\templates\\report_v2\\10_business_model.html","time":"2025-12-02T18:08:20-05:00","message":"Template cached successfully"}
{"level":"debug","service":"report","template":"11_competitive_analysis.html","path":"..\\..\\templates\\report_v2\\11_competitive_analysis.html","time":"2025-12-02T18:08:20-05:00","message":"Template cached successfully"}
{"level":"debug","service":"report","template":"12_financial_projections.html","path":"..\\..\\templates\\report_v2\\12_financial_projections.html","time":"2025-12-02T18:08:20-05:00","message":"Template cached successfully"}
{"level":"debug","service":"report","template":"13_gtm_strategy.html","path":"..\\..\\templates\\report_v2\\13_gtm_strategy.html","time":"2025-12-02T18:08:20-05:00","message":"Template cached successfully"}
{"level":"debug","service":"report","template":"14_risk_assessment.html","path":"..\\..\\templates\\report_v2\\14_risk_assessment.html","time":"2025-12-02T18:08:20-05:00","message":"Template cached successfully"}
{"level":"debug","service":"report","template":"15_roadmap.html","path":"..\\..\\templates\\report_v2\\15_roadmap.html","time":"2025-12-02T18:08:20-05:00","message":"Template cached successfully"}
{"level":"debug","service":"report","template":"16_appendix.html","path":"..\\..\\templates\\report_v2\\16_appendix.html","time":"2025-12-02T18:08:20-05:00","message":"Template cached successfully"}
{"level":"info","service":"report","cached":24,"total":24,"time":"2025-12-02T18:08:20-05:00","message":"Template cache initialized"}
--- PASS: TestDividerPagesRendering (0.02s)
=== RUN   TestPESTELSplitPages
{"level":"debug","service":"report","template":"01_cover.html","path":"..\\..\\templates\\report_v2\\01_cover.html","time":"2025-12-02T18:08:20-05:00","message":"Template cached successfully"}
{"level":"debug","service":"report","template":"02_exec_summary.html","path":"..\\..\\templates\\report_v2\\02_exec_summary.html","time":"2025-12-02T18:08:20-05:00","message":"Template cached successfully"}
{"level":"debug","service":"report","template":"03_toc.html","path":"..\\..\\templates\\report_v2\\03_toc.html","time":"2025-12-02T18:08:20-05:00","message":"Template cached successfully"}
{"level":"debug","service":"report","template":"03a_divider_part1.html","path":"..\\..\\templates\\report_v2\\03a_divider_part1.html","time":"2025-12-02T18:08:20-05:00","message":"Template cached successfully"}
{"level":"debug","service":"report","template":"04a_pestel_pes.html","path":"..\\..\\templates\\report_v2\\04a_pestel_pes.html","time":"2025-12-02T18:08:20-05:00","message":"Template cached successfully"}
{"level":"debug","service":"report","template":"04b_pestel_tel.html","path":"..\\..\\templates\\report_v2\\04b_pestel_tel.html","time":"2025-12-02T18:08:20-05:00","message":"Template cached successfully"}
{"level":"debug","service":"report","template":"05a_porter_7forces.html","path":"..\\..\\templates\\report_v2\\05a_porter_7forces.html","time":"2025-12-02T18:08:20-05:00","message":"Template cached successfully"}
{"level":"debug","service":"report","template":"06_swot.html","path":"..\\..\\templates\\report_v2\\06_swot.html","time":"2025-12-02T18:08:20-05:00","message":"Template cached successfully"}
{"level":"debug","service":"report","template":"08a_divider_part2.html","path":"..\\..\\templates\\report_v2\\08a_divider_part2.html","time":"2025-12-02T18:08:20-05:00","message":"Template cached successfully"}
{"level":"debug","service":"report","template":"07_tam_sam_som.html","path":"..\\..\\templates\\report_v2\\07_tam_sam_som.html","time":"2025-12-02T18:08:20-05:00","message":"Template cached successfully"}
{"level":"debug","service":"report","template":"08_ocean.html","path":"..\\..\\templates\\report_v2\\08_ocean.html","time":"2025-12-02T18:08:20-05:00","message":"Template cached successfully"}
{"level":"debug","service":"report","template":"11a_divider_part3.html","path":"..\\..\\templates\\report_v2\\11a_divider_part3.html","time":"2025-12-02T18:08:20-05:00","message":"Template cached successfully"}
{"level":"debug","service":"report","template":"12a_okrs_quarterly.html","path":"..\\..\\templates\\report_v2\\12a_okrs_quarterly.html","time":"2025-12-02T18:08:20-05:00","message":"Template cached successfully"}
{"level":"debug","service":"report","template":"13a_growth_loops.html","path":"..\\..\\templates\\report_v2\\13a_growth_loops.html","time":"2025-12-02T18:08:20-05:00","message":"Template cached successfully"}
{"level":"debug","service":"report","template":"14a_divider_part4.html","path":"..\\..\\templates\\report_v2\\14a_divider_part4.html","time":"2025-12-02T18:08:20-05:00","message":"Template cached successfully"}
{"level":"debug","service":"report","template":"15a_scenarios.html","path":"..\\..\\templates\\report_v2\\15a_scenarios.html","time":"2025-12-02T18:08:20-05:00","message":"Template cached successfully"}
{"level":"debug","service":"report","template":"16a_recommendations_review.html","path":"..\\..\\templates\\report_v2\\16a_recommendations_review.html","time":"2025-12-02T18:08:20-05:00","message":"Template cached successfully"}
{"level":"debug","service":"report","template":"10_business_model.html","path":"..\\..\\templates\\report_v2\\10_business_model.html","time":"2025-12-02T18:08:20-05:00","message":"Template cached successfully"}
{"level":"debug","service":"report","template":"11_competitive_analysis.html","path":"..\\..\\templates\\report_v2\\11_competitive_analysis.html","time":"2025-12-02T18:08:20-05:00","message":"Template cached successfully"}
{"level":"debug","service":"report","template":"12_financial_projections.html","path":"..\\..\\templates\\report_v2\\12_financial_projections.html","time":"2025-12-02T18:08:20-05:00","message":"Template cached successfully"}
{"level":"debug","service":"report","template":"13_gtm_strategy.html","path":"..\\..\\templates\\report_v2\\13_gtm_strategy.html","time":"2025-12-02T18:08:20-05:00","message":"Template cached successfully"}
{"level":"debug","service":"report","template":"14_risk_assessment.html","path":"..\\..\\templates\\report_v2\\14_risk_assessment.html","time":"2025-12-02T18:08:20-05:00","message":"Template cached successfully"}
{"level":"debug","service":"report","template":"15_roadmap.html","path":"..\\..\\templates\\report_v2\\15_roadmap.html","time":"2025-12-02T18:08:20-05:00","message":"Template cached successfully"}
{"level":"debug","service":"report","template":"16_appendix.html","path":"..\\..\\templates\\report_v2\\16_appendix.html","time":"2025-12-02T18:08:20-05:00","message":"Template cached successfully"}
{"level":"info","service":"report","cached":24,"total":24,"time":"2025-12-02T18:08:20-05:00","message":"Template cache initialized"}
--- PASS: TestPESTELSplitPages (0.02s)
=== RUN   TestPorter7ForcesRendering
{"level":"debug","service":"report","template":"01_cover.html","path":"..\\..\\templates\\report_v2\\01_cover.html","time":"2025-12-02T18:08:20-05:00","message":"Template cached successfully"}
{"level":"debug","service":"report","template":"02_exec_summary.html","path":"..\\..\\templates\\report_v2\\02_exec_summary.html","time":"2025-12-02T18:08:20-05:00","message":"Template cached successfully"}
{"level":"debug","service":"report","template":"03_toc.html","path":"..\\..\\templates\\report_v2\\03_toc.html","time":"2025-12-02T18:08:20-05:00","message":"Template cached successfully"}
{"level":"debug","service":"report","template":"03a_divider_part1.html","path":"..\\..\\templates\\report_v2\\03a_divider_part1.html","time":"2025-12-02T18:08:20-05:00","message":"Template cached successfully"}
{"level":"debug","service":"report","template":"04a_pestel_pes.html","path":"..\\..\\templates\\report_v2\\04a_pestel_pes.html","time":"2025-12-02T18:08:20-05:00","message":"Template cached successfully"}
{"level":"debug","service":"report","template":"04b_pestel_tel.html","path":"..\\..\\templates\\report_v2\\04b_pestel_tel.html","time":"2025-12-02T18:08:20-05:00","message":"Template cached successfully"}
{"level":"debug","service":"report","template":"05a_porter_7forces.html","path":"..\\..\\templates\\report_v2\\05a_porter_7forces.html","time":"2025-12-02T18:08:20-05:00","message":"Template cached successfully"}
{"level":"debug","service":"report","template":"06_swot.html","path":"..\\..\\templates\\report_v2\\06_swot.html","time":"2025-12-02T18:08:20-05:00","message":"Template cached successfully"}
{"level":"debug","service":"report","template":"08a_divider_part2.html","path":"..\\..\\templates\\report_v2\\08a_divider_part2.html","time":"2025-12-02T18:08:20-05:00","message":"Template cached successfully"}
{"level":"debug","service":"report","template":"07_tam_sam_som.html","path":"..\\..\\templates\\report_v2\\07_tam_sam_som.html","time":"2025-12-02T18:08:20-05:00","message":"Template cached successfully"}
{"level":"debug","service":"report","template":"08_ocean.html","path":"..\\..\\templates\\report_v2\\08_ocean.html","time":"2025-12-02T18:08:20-05:00","message":"Template cached successfully"}
{"level":"debug","service":"report","template":"11a_divider_part3.html","path":"..\\..\\templates\\report_v2\\11a_divider_part3.html","time":"2025-12-02T18:08:20-05:00","message":"Template cached successfully"}
{"level":"debug","service":"report","template":"12a_okrs_quarterly.html","path":"..\\..\\templates\\report_v2\\12a_okrs_quarterly.html","time":"2025-12-02T18:08:20-05:00","message":"Template cached successfully"}
{"level":"debug","service":"report","template":"13a_growth_loops.html","path":"..\\..\\templates\\report_v2\\13a_growth_loops.html","time":"2025-12-02T18:08:20-05:00","message":"Template cached successfully"}
{"level":"debug","service":"report","template":"14a_divider_part4.html","path":"..\\..\\templates\\report_v2\\14a_divider_part4.html","time":"2025-12-02T18:08:20-05:00","message":"Template cached successfully"}
{"level":"debug","service":"report","template":"15a_scenarios.html","path":"..\\..\\templates\\report_v2\\15a_scenarios.html","time":"2025-12-02T18:08:20-05:00","message":"Template cached successfully"}
{"level":"debug","service":"report","template":"16a_recommendations_review.html","path":"..\\..\\templates\\report_v2\\16a_recommendations_review.html","time":"2025-12-02T18:08:20-05:00","message":"Template cached successfully"}
{"level":"debug","service":"report","template":"10_business_model.html","path":"..\\..\\templates\\report_v2\\10_business_model.html","time":"2025-12-02T18:08:20-05:00","message":"Template cached successfully"}
{"level":"debug","service":"report","template":"11_competitive_analysis.html","path":"..\\..\\templates\\report_v2\\11_competitive_analysis.html","time":"2025-12-02T18:08:20-05:00","message":"Template cached successfully"}
{"level":"debug","service":"report","template":"12_financial_projections.html","path":"..\\..\\templates\\report_v2\\12_financial_projections.html","time":"2025-12-02T18:08:20-05:00","message":"Template cached successfully"}
{"level":"debug","service":"report","template":"13_gtm_strategy.html","path":"..\\..\\templates\\report_v2\\13_gtm_strategy.html","time":"2025-12-02T18:08:20-05:00","message":"Template cached successfully"}
{"level":"debug","service":"report","template":"14_risk_assessment.html","path":"..\\..\\templates\\report_v2\\14_risk_assessment.html","time":"2025-12-02T18:08:20-05:00","message":"Template cached successfully"}
{"level":"debug","service":"report","template":"15_roadmap.html","path":"..\\..\\templates\\report_v2\\15_roadmap.html","time":"2025-12-02T18:08:20-05:00","message":"Template cached successfully"}
{"level":"debug","service":"report","template":"16_appendix.html","path":"..\\..\\templates\\report_v2\\16_appendix.html","time":"2025-12-02T18:08:20-05:00","message":"Template cached successfully"}
{"level":"info","service":"report","cached":24,"total":24,"time":"2025-12-02T18:08:20-05:00","message":"Template cache initialized"}
--- PASS: TestPorter7ForcesRendering (0.02s)
=== RUN   TestSWOTConfidenceBadges
{"level":"debug","service":"report","template":"01_cover.html","path":"..\\..\\templates\\report_v2\\01_cover.html","time":"2025-12-02T18:08:20-05:00","message":"Template cached successfully"}
{"level":"debug","service":"report","template":"02_exec_summary.html","path":"..\\..\\templates\\report_v2\\02_exec_summary.html","time":"2025-12-02T18:08:20-05:00","message":"Template cached successfully"}
{"level":"debug","service":"report","template":"03_toc.html","path":"..\\..\\templates\\report_v2\\03_toc.html","time":"2025-12-02T18:08:20-05:00","message":"Template cached successfully"}
{"level":"debug","service":"report","template":"03a_divider_part1.html","path":"..\\..\\templates\\report_v2\\03a_divider_part1.html","time":"2025-12-02T18:08:20-05:00","message":"Template cached successfully"}
{"level":"debug","service":"report","template":"04a_pestel_pes.html","path":"..\\..\\templates\\report_v2\\04a_pestel_pes.html","time":"2025-12-02T18:08:20-05:00","message":"Template cached successfully"}
{"level":"debug","service":"report","template":"04b_pestel_tel.html","path":"..\\..\\templates\\report_v2\\04b_pestel_tel.html","time":"2025-12-02T18:08:20-05:00","message":"Template cached successfully"}
{"level":"debug","service":"report","template":"05a_porter_7forces.html","path":"..\\..\\templates\\report_v2\\05a_porter_7forces.html","time":"2025-12-02T18:08:20-05:00","message":"Template cached successfully"}
{"level":"debug","service":"report","template":"06_swot.html","path":"..\\..\\templates\\report_v2\\06_swot.html","time":"2025-12-02T18:08:20-05:00","message":"Template cached successfully"}
{"level":"debug","service":"report","template":"08a_divider_part2.html","path":"..\\..\\templates\\report_v2\\08a_divider_part2.html","time":"2025-12-02T18:08:20-05:00","message":"Template cached successfully"}
{"level":"debug","service":"report","template":"07_tam_sam_som.html","path":"..\\..\\templates\\report_v2\\07_tam_sam_som.html","time":"2025-12-02T18:08:20-05:00","message":"Template cached successfully"}
{"level":"debug","service":"report","template":"08_ocean.html","path":"..\\..\\templates\\report_v2\\08_ocean.html","time":"2025-12-02T18:08:20-05:00","message":"Template cached successfully"}
{"level":"debug","service":"report","template":"11a_divider_part3.html","path":"..\\..\\templates\\report_v2\\11a_divider_part3.html","time":"2025-12-02T18:08:20-05:00","message":"Template cached successfully"}
{"level":"debug","service":"report","template":"12a_okrs_quarterly.html","path":"..\\..\\templates\\report_v2\\12a_okrs_quarterly.html","time":"2025-12-02T18:08:20-05:00","message":"Template cached successfully"}
{"level":"debug","service":"report","template":"13a_growth_loops.html","path":"..\\..\\templates\\report_v2\\13a_growth_loops.html","time":"2025-12-02T18:08:20-05:00","message":"Template cached successfully"}
{"level":"debug","service":"report","template":"14a_divider_part4.html","path":"..\\..\\templates\\report_v2\\14a_divider_part4.html","time":"2025-12-02T18:08:20-05:00","message":"Template cached successfully"}
{"level":"debug","service":"report","template":"15a_scenarios.html","path":"..\\..\\templates\\report_v2\\15a_scenarios.html","time":"2025-12-02T18:08:20-05:00","message":"Template cached successfully"}
{"level":"debug","service":"report","template":"16a_recommendations_review.html","path":"..\\..\\templates\\report_v2\\16a_recommendations_review.html","time":"2025-12-02T18:08:20-05:00","message":"Template cached successfully"}
{"level":"debug","service":"report","template":"10_business_model.html","path":"..\\..\\templates\\report_v2\\10_business_model.html","time":"2025-12-02T18:08:20-05:00","message":"Template cached successfully"}
{"level":"debug","service":"report","template":"11_competitive_analysis.html","path":"..\\..\\templates\\report_v2\\11_competitive_analysis.html","time":"2025-12-02T18:08:20-05:00","message":"Template cached successfully"}
{"level":"debug","service":"report","template":"12_financial_projections.html","path":"..\\..\\templates\\report_v2\\12_financial_projections.html","time":"2025-12-02T18:08:20-05:00","message":"Template cached successfully"}
{"level":"debug","service":"report","template":"13_gtm_strategy.html","path":"..\\..\\templates\\report_v2\\13_gtm_strategy.html","time":"2025-12-02T18:08:20-05:00","message":"Template cached successfully"}
{"level":"debug","service":"report","template":"14_risk_assessment.html","path":"..\\..\\templates\\report_v2\\14_risk_assessment.html","time":"2025-12-02T18:08:20-05:00","message":"Template cached successfully"}
{"level":"debug","service":"report","template":"15_roadmap.html","path":"..\\..\\templates\\report_v2\\15_roadmap.html","time":"2025-12-02T18:08:20-05:00","message":"Template cached successfully"}
{"level":"debug","service":"report","template":"16_appendix.html","path":"..\\..\\templates\\report_v2\\16_appendix.html","time":"2025-12-02T18:08:20-05:00","message":"Template cached successfully"}
{"level":"info","service":"report","cached":24,"total":24,"time":"2025-12-02T18:08:20-05:00","message":"Template cache initialized"}
--- PASS: TestSWOTConfidenceBadges (0.03s)
=== RUN   TestGrowthHackingLoops
{"level":"debug","service":"report","template":"01_cover.html","path":"..\\..\\templates\\report_v2\\01_cover.html","time":"2025-12-02T18:08:20-05:00","message":"Template cached successfully"}
{"level":"debug","service":"report","template":"02_exec_summary.html","path":"..\\..\\templates\\report_v2\\02_exec_summary.html","time":"2025-12-02T18:08:20-05:00","message":"Template cached successfully"}
{"level":"debug","service":"report","template":"03_toc.html","path":"..\\..\\templates\\report_v2\\03_toc.html","time":"2025-12-02T18:08:20-05:00","message":"Template cached successfully"}
{"level":"debug","service":"report","template":"03a_divider_part1.html","path":"..\\..\\templates\\report_v2\\03a_divider_part1.html","time":"2025-12-02T18:08:20-05:00","message":"Template cached successfully"}
{"level":"debug","service":"report","template":"04a_pestel_pes.html","path":"..\\..\\templates\\report_v2\\04a_pestel_pes.html","time":"2025-12-02T18:08:20-05:00","message":"Template cached successfully"}
{"level":"debug","service":"report","template":"04b_pestel_tel.html","path":"..\\..\\templates\\report_v2\\04b_pestel_tel.html","time":"2025-12-02T18:08:20-05:00","message":"Template cached successfully"}
{"level":"debug","service":"report","template":"05a_porter_7forces.html","path":"..\\..\\templates\\report_v2\\05a_porter_7forces.html","time":"2025-12-02T18:08:20-05:00","message":"Template cached successfully"}
{"level":"debug","service":"report","template":"06_swot.html","path":"..\\..\\templates\\report_v2\\06_swot.html","time":"2025-12-02T18:08:20-05:00","message":"Template cached successfully"}
{"level":"debug","service":"report","template":"08a_divider_part2.html","path":"..\\..\\templates\\report_v2\\08a_divider_part2.html","time":"2025-12-02T18:08:20-05:00","message":"Template cached successfully"}
{"level":"debug","service":"report","template":"07_tam_sam_som.html","path":"..\\..\\templates\\report_v2\\07_tam_sam_som.html","time":"2025-12-02T18:08:20-05:00","message":"Template cached successfully"}
{"level":"debug","service":"report","template":"08_ocean.html","path":"..\\..\\templates\\report_v2\\08_ocean.html","time":"2025-12-02T18:08:20-05:00","message":"Template cached successfully"}
{"level":"debug","service":"report","template":"11a_divider_part3.html","path":"..\\..\\templates\\report_v2\\11a_divider_part3.html","time":"2025-12-02T18:08:20-05:00","message":"Template cached successfully"}
{"level":"debug","service":"report","template":"12a_okrs_quarterly.html","path":"..\\..\\templates\\report_v2\\12a_okrs_quarterly.html","time":"2025-12-02T18:08:20-05:00","message":"Template cached successfully"}
{"level":"debug","service":"report","template":"13a_growth_loops.html","path":"..\\..\\templates\\report_v2\\13a_growth_loops.html","time":"2025-12-02T18:08:20-05:00","message":"Template cached successfully"}
{"level":"debug","service":"report","template":"14a_divider_part4.html","path":"..\\..\\templates\\report_v2\\14a_divider_part4.html","time":"2025-12-02T18:08:20-05:00","message":"Template cached successfully"}
{"level":"debug","service":"report","template":"15a_scenarios.html","path":"..\\..\\templates\\report_v2\\15a_scenarios.html","time":"2025-12-02T18:08:20-05:00","message":"Template cached successfully"}
{"level":"debug","service":"report","template":"16a_recommendations_review.html","path":"..\\..\\templates\\report_v2\\16a_recommendations_review.html","time":"2025-12-02T18:08:20-05:00","message":"Template cached successfully"}
{"level":"debug","service":"report","template":"10_business_model.html","path":"..\\..\\templates\\report_v2\\10_business_model.html","time":"2025-12-02T18:08:20-05:00","message":"Template cached successfully"}
{"level":"debug","service":"report","template":"11_competitive_analysis.html","path":"..\\..\\templates\\report_v2\\11_competitive_analysis.html","time":"2025-12-02T18:08:20-05:00","message":"Template cached successfully"}
{"level":"debug","service":"report","template":"12_financial_projections.html","path":"..\\..\\templates\\report_v2\\12_financial_projections.html","time":"2025-12-02T18:08:20-05:00","message":"Template cached successfully"}
{"level":"debug","service":"report","template":"13_gtm_strategy.html","path":"..\\..\\templates\\report_v2\\13_gtm_strategy.html","time":"2025-12-02T18:08:20-05:00","message":"Template cached successfully"}
{"level":"debug","service":"report","template":"14_risk_assessment.html","path":"..\\..\\templates\\report_v2\\14_risk_assessment.html","time":"2025-12-02T18:08:20-05:00","message":"Template cached successfully"}
{"level":"debug","service":"report","template":"15_roadmap.html","path":"..\\..\\templates\\report_v2\\15_roadmap.html","time":"2025-12-02T18:08:20-05:00","message":"Template cached successfully"}
{"level":"debug","service":"report","template":"16_appendix.html","path":"..\\..\\templates\\report_v2\\16_appendix.html","time":"2025-12-02T18:08:20-05:00","message":"Template cached successfully"}
{"level":"info","service":"report","cached":24,"total":24,"time":"2025-12-02T18:08:20-05:00","message":"Template cache initialized"}
--- PASS: TestGrowthHackingLoops (0.03s)
=== RUN   TestScenariosProbabilities
{"level":"debug","service":"report","template":"01_cover.html","path":"..\\..\\templates\\report_v2\\01_cover.html","time":"2025-12-02T18:08:20-05:00","message":"Template cached successfully"}
{"level":"debug","service":"report","template":"02_exec_summary.html","path":"..\\..\\templates\\report_v2\\02_exec_summary.html","time":"2025-12-02T18:08:20-05:00","message":"Template cached successfully"}
{"level":"debug","service":"report","template":"03_toc.html","path":"..\\..\\templates\\report_v2\\03_toc.html","time":"2025-12-02T18:08:20-05:00","message":"Template cached successfully"}
{"level":"debug","service":"report","template":"03a_divider_part1.html","path":"..\\..\\templates\\report_v2\\03a_divider_part1.html","time":"2025-12-02T18:08:20-05:00","message":"Template cached successfully"}
{"level":"debug","service":"report","template":"04a_pestel_pes.html","path":"..\\..\\templates\\report_v2\\04a_pestel_pes.html","time":"2025-12-02T18:08:20-05:00","message":"Template cached successfully"}
{"level":"debug","service":"report","template":"04b_pestel_tel.html","path":"..\\..\\templates\\report_v2\\04b_pestel_tel.html","time":"2025-12-02T18:08:20-05:00","message":"Template cached successfully"}
{"level":"debug","service":"report","template":"05a_porter_7forces.html","path":"..\\..\\templates\\report_v2\\05a_porter_7forces.html","time":"2025-12-02T18:08:20-05:00","message":"Template cached successfully"}
{"level":"debug","service":"report","template":"06_swot.html","path":"..\\..\\templates\\report_v2\\06_swot.html","time":"2025-12-02T18:08:20-05:00","message":"Template cached successfully"}
{"level":"debug","service":"report","template":"08a_divider_part2.html","path":"..\\..\\templates\\report_v2\\08a_divider_part2.html","time":"2025-12-02T18:08:20-05:00","message":"Template cached successfully"}
{"level":"debug","service":"report","template":"07_tam_sam_som.html","path":"..\\..\\templates\\report_v2\\07_tam_sam_som.html","time":"2025-12-02T18:08:20-05:00","message":"Template cached successfully"}
{"level":"debug","service":"report","template":"08_ocean.html","path":"..\\..\\templates\\report_v2\\08_ocean.html","time":"2025-12-02T18:08:20-05:00","message":"Template cached successfully"}
{"level":"debug","service":"report","template":"11a_divider_part3.html","path":"..\\..\\templates\\report_v2\\11a_divider_part3.html","time":"2025-12-02T18:08:20-05:00","message":"Template cached successfully"}
{"level":"debug","service":"report","template":"12a_okrs_quarterly.html","path":"..\\..\\templates\\report_v2\\12a_okrs_quarterly.html","time":"2025-12-02T18:08:20-05:00","message":"Template cached successfully"}
{"level":"debug","service":"report","template":"13a_growth_loops.html","path":"..\\..\\templates\\report_v2\\13a_growth_loops.html","time":"2025-12-02T18:08:20-05:00","message":"Template cached successfully"}
{"level":"debug","service":"report","template":"14a_divider_part4.html","path":"..\\..\\templates\\report_v2\\14a_divider_part4.html","time":"2025-12-02T18:08:20-05:00","message":"Template cached successfully"}
{"level":"debug","service":"report","template":"15a_scenarios.html","path":"..\\..\\templates\\report_v2\\15a_scenarios.html","time":"2025-12-02T18:08:20-05:00","message":"Template cached successfully"}
{"level":"debug","service":"report","template":"16a_recommendations_review.html","path":"..\\..\\templates\\report_v2\\16a_recommendations_review.html","time":"2025-12-02T18:08:20-05:00","message":"Template cached successfully"}
{"level":"debug","service":"report","template":"10_business_model.html","path":"..\\..\\templates\\report_v2\\10_business_model.html","time":"2025-12-02T18:08:20-05:00","message":"Template cached successfully"}
{"level":"debug","service":"report","template":"11_competitive_analysis.html","path":"..\\..\\templates\\report_v2\\11_competitive_analysis.html","time":"2025-12-02T18:08:20-05:00","message":"Template cached successfully"}
{"level":"debug","service":"report","template":"12_financial_projections.html","path":"..\\..\\templates\\report_v2\\12_financial_projections.html","time":"2025-12-02T18:08:20-05:00","message":"Template cached successfully"}
{"level":"debug","service":"report","template":"13_gtm_strategy.html","path":"..\\..\\templates\\report_v2\\13_gtm_strategy.html","time":"2025-12-02T18:08:20-05:00","message":"Template cached successfully"}
{"level":"debug","service":"report","template":"14_risk_assessment.html","path":"..\\..\\templates\\report_v2\\14_risk_assessment.html","time":"2025-12-02T18:08:20-05:00","message":"Template cached successfully"}
{"level":"debug","service":"report","template":"15_roadmap.html","path":"..\\..\\templates\\report_v2\\15_roadmap.html","time":"2025-12-02T18:08:20-05:00","message":"Template cached successfully"}
{"level":"debug","service":"report","template":"16_appendix.html","path":"..\\..\\templates\\report_v2\\16_appendix.html","time":"2025-12-02T18:08:20-05:00","message":"Template cached successfully"}
{"level":"info","service":"report","cached":24,"total":24,"time":"2025-12-02T18:08:20-05:00","message":"Template cache initialized"}
--- PASS: TestScenariosProbabilities (0.03s)
=== RUN   TestOKRsQuarterlyStructure
{"level":"debug","service":"report","template":"01_cover.html","path":"..\\..\\templates\\report_v2\\01_cover.html","time":"2025-12-02T18:08:20-05:00","message":"Template cached successfully"}
{"level":"debug","service":"report","template":"02_exec_summary.html","path":"..\\..\\templates\\report_v2\\02_exec_summary.html","time":"2025-12-02T18:08:20-05:00","message":"Template cached successfully"}
{"level":"debug","service":"report","template":"03_toc.html","path":"..\\..\\templates\\report_v2\\03_toc.html","time":"2025-12-02T18:08:20-05:00","message":"Template cached successfully"}
{"level":"debug","service":"report","template":"03a_divider_part1.html","path":"..\\..\\templates\\report_v2\\03a_divider_part1.html","time":"2025-12-02T18:08:20-05:00","message":"Template cached successfully"}
{"level":"debug","service":"report","template":"04a_pestel_pes.html","path":"..\\..\\templates\\report_v2\\04a_pestel_pes.html","time":"2025-12-02T18:08:20-05:00","message":"Template cached successfully"}
{"level":"debug","service":"report","template":"04b_pestel_tel.html","path":"..\\..\\templates\\report_v2\\04b_pestel_tel.html","time":"2025-12-02T18:08:20-05:00","message":"Template cached successfully"}
{"level":"debug","service":"report","template":"05a_porter_7forces.html","path":"..\\..\\templates\\report_v2\\05a_porter_7forces.html","time":"2025-12-02T18:08:20-05:00","message":"Template cached successfully"}
{"level":"debug","service":"report","template":"06_swot.html","path":"..\\..\\templates\\report_v2\\06_swot.html","time":"2025-12-02T18:08:20-05:00","message":"Template cached successfully"}
{"level":"debug","service":"report","template":"08a_divider_part2.html","path":"..\\..\\templates\\report_v2\\08a_divider_part2.html","time":"2025-12-02T18:08:20-05:00","message":"Template cached successfully"}
{"level":"debug","service":"report","template":"07_tam_sam_som.html","path":"..\\..\\templates\\report_v2\\07_tam_sam_som.html","time":"2025-12-02T18:08:20-05:00","message":"Template cached successfully"}
{"level":"debug","service":"report","template":"08_ocean.html","path":"..\\..\\templates\\report_v2\\08_ocean.html","time":"2025-12-02T18:08:20-05:00","message":"Template cached successfully"}
{"level":"debug","service":"report","template":"11a_divider_part3.html","path":"..\\..\\templates\\report_v2\\11a_divider_part3.html","time":"2025-12-02T18:08:20-05:00","message":"Template cached successfully"}
{"level":"debug","service":"report","template":"12a_okrs_quarterly.html","path":"..\\..\\templates\\report_v2\\12a_okrs_quarterly.html","time":"2025-12-02T18:08:20-05:00","message":"Template cached successfully"}
{"level":"debug","service":"report","template":"13a_growth_loops.html","path":"..\\..\\templates\\report_v2\\13a_growth_loops.html","time":"2025-12-02T18:08:20-05:00","message":"Template cached successfully"}
{"level":"debug","service":"report","template":"14a_divider_part4.html","path":"..\\..\\templates\\report_v2\\14a_divider_part4.html","time":"2025-12-02T18:08:20-05:00","message":"Template cached successfully"}
{"level":"debug","service":"report","template":"15a_scenarios.html","path":"..\\..\\templates\\report_v2\\15a_scenarios.html","time":"2025-12-02T18:08:20-05:00","message":"Template cached successfully"}
{"level":"debug","service":"report","template":"16a_recommendations_review.html","path":"..\\..\\templates\\report_v2\\16a_recommendations_review.html","time":"2025-12-02T18:08:20-05:00","message":"Template cached successfully"}
{"level":"debug","service":"report","template":"10_business_model.html","path":"..\\..\\templates\\report_v2\\10_business_model.html","time":"2025-12-02T18:08:20-05:00","message":"Template cached successfully"}
{"level":"debug","service":"report","template":"11_competitive_analysis.html","path":"..\\..\\templates\\report_v2\\11_competitive_analysis.html","time":"2025-12-02T18:08:20-05:00","message":"Template cached successfully"}
{"level":"debug","service":"report","template":"12_financial_projections.html","path":"..\\..\\templates\\report_v2\\12_financial_projections.html","time":"2025-12-02T18:08:20-05:00","message":"Template cached successfully"}
{"level":"debug","service":"report","template":"13_gtm_strategy.html","path":"..\\..\\templates\\report_v2\\13_gtm_strategy.html","time":"2025-12-02T18:08:20-05:00","message":"Template cached successfully"}
{"level":"debug","service":"report","template":"14_risk_assessment.html","path":"..\\..\\templates\\report_v2\\14_risk_assessment.html","time":"2025-12-02T18:08:20-05:00","message":"Template cached successfully"}
{"level":"debug","service":"report","template":"15_roadmap.html","path":"..\\..\\templates\\report_v2\\15_roadmap.html","time":"2025-12-02T18:08:20-05:00","message":"Template cached successfully"}
{"level":"debug","service":"report","template":"16_appendix.html","path":"..\\..\\templates\\report_v2\\16_appendix.html","time":"2025-12-02T18:08:20-05:00","message":"Template cached successfully"}
{"level":"info","service":"report","cached":24,"total":24,"time":"2025-12-02T18:08:20-05:00","message":"Template cache initialized"}
--- PASS: TestOKRsQuarterlyStructure (0.03s)
=== RUN   TestTemplateFunctionHelpers
{"level":"debug","service":"report","template":"01_cover.html","path":"..\\..\\templates\\report_v2\\01_cover.html","time":"2025-12-02T18:08:20-05:00","message":"Template cached successfully"}
{"level":"debug","service":"report","template":"02_exec_summary.html","path":"..\\..\\templates\\report_v2\\02_exec_summary.html","time":"2025-12-02T18:08:20-05:00","message":"Template cached successfully"}
{"level":"debug","service":"report","template":"03_toc.html","path":"..\\..\\templates\\report_v2\\03_toc.html","time":"2025-12-02T18:08:20-05:00","message":"Template cached successfully"}
{"level":"debug","service":"report","template":"03a_divider_part1.html","path":"..\\..\\templates\\report_v2\\03a_divider_part1.html","time":"2025-12-02T18:08:20-05:00","message":"Template cached successfully"}
{"level":"debug","service":"report","template":"04a_pestel_pes.html","path":"..\\..\\templates\\report_v2\\04a_pestel_pes.html","time":"2025-12-02T18:08:20-05:00","message":"Template cached successfully"}
{"level":"debug","service":"report","template":"04b_pestel_tel.html","path":"..\\..\\templates\\report_v2\\04b_pestel_tel.html","time":"2025-12-02T18:08:20-05:00","message":"Template cached successfully"}
{"level":"debug","service":"report","template":"05a_porter_7forces.html","path":"..\\..\\templates\\report_v2\\05a_porter_7forces.html","time":"2025-12-02T18:08:20-05:00","message":"Template cached successfully"}
{"level":"debug","service":"report","template":"06_swot.html","path":"..\\..\\templates\\report_v2\\06_swot.html","time":"2025-12-02T18:08:20-05:00","message":"Template cached successfully"}
{"level":"debug","service":"report","template":"08a_divider_part2.html","path":"..\\..\\templates\\report_v2\\08a_divider_part2.html","time":"2025-12-02T18:08:20-05:00","message":"Template cached successfully"}
{"level":"debug","service":"report","template":"07_tam_sam_som.html","path":"..\\..\\templates\\report_v2\\07_tam_sam_som.html","time":"2025-12-02T18:08:20-05:00","message":"Template cached successfully"}
{"level":"debug","service":"report","template":"08_ocean.html","path":"..\\..\\templates\\report_v2\\08_ocean.html","time":"2025-12-02T18:08:20-05:00","message":"Template cached successfully"}
{"level":"debug","service":"report","template":"11a_divider_part3.html","path":"..\\..\\templates\\report_v2\\11a_divider_part3.html","time":"2025-12-02T18:08:20-05:00","message":"Template cached successfully"}
{"level":"debug","service":"report","template":"12a_okrs_quarterly.html","path":"..\\..\\templates\\report_v2\\12a_okrs_quarterly.html","time":"2025-12-02T18:08:20-05:00","message":"Template cached successfully"}
{"level":"debug","service":"report","template":"13a_growth_loops.html","path":"..\\..\\templates\\report_v2\\13a_growth_loops.html","time":"2025-12-02T18:08:20-05:00","message":"Template cached successfully"}
{"level":"debug","service":"report","template":"14a_divider_part4.html","path":"..\\..\\templates\\report_v2\\14a_divider_part4.html","time":"2025-12-02T18:08:20-05:00","message":"Template cached successfully"}
{"level":"debug","service":"report","template":"15a_scenarios.html","path":"..\\..\\templates\\report_v2\\15a_scenarios.html","time":"2025-12-02T18:08:20-05:00","message":"Template cached successfully"}
{"level":"debug","service":"report","template":"16a_recommendations_review.html","path":"..\\..\\templates\\report_v2\\16a_recommendations_review.html","time":"2025-12-02T18:08:20-05:00","message":"Template cached successfully"}
{"level":"debug","service":"report","template":"10_business_model.html","path":"..\\..\\templates\\report_v2\\10_business_model.html","time":"2025-12-02T18:08:20-05:00","message":"Template cached successfully"}
{"level":"debug","service":"report","template":"11_competitive_analysis.html","path":"..\\..\\templates\\report_v2\\11_competitive_analysis.html","time":"2025-12-02T18:08:20-05:00","message":"Template cached successfully"}
{"level":"debug","service":"report","template":"12_financial_projections.html","path":"..\\..\\templates\\report_v2\\12_financial_projections.html","time":"2025-12-02T18:08:20-05:00","message":"Template cached successfully"}
{"level":"debug","service":"report","template":"13_gtm_strategy.html","path":"..\\..\\templates\\report_v2\\13_gtm_strategy.html","time":"2025-12-02T18:08:20-05:00","message":"Template cached successfully"}
{"level":"debug","service":"report","template":"14_risk_assessment.html","path":"..\\..\\templates\\report_v2\\14_risk_assessment.html","time":"2025-12-02T18:08:20-05:00","message":"Template cached successfully"}
{"level":"debug","service":"report","template":"15_roadmap.html","path":"..\\..\\templates\\report_v2\\15_roadmap.html","time":"2025-12-02T18:08:20-05:00","message":"Template cached successfully"}
{"level":"debug","service":"report","template":"16_appendix.html","path":"..\\..\\templates\\report_v2\\16_appendix.html","time":"2025-12-02T18:08:20-05:00","message":"Template cached successfully"}
{"level":"info","service":"report","cached":24,"total":24,"time":"2025-12-02T18:08:20-05:00","message":"Template cache initialized"}
--- PASS: TestTemplateFunctionHelpers (0.02s)
=== RUN   TestCompanyBranding
{"level":"debug","service":"report","template":"01_cover.html","path":"..\\..\\templates\\report_v2\\01_cover.html","time":"2025-12-02T18:08:20-05:00","message":"Template cached successfully"}
{"level":"debug","service":"report","template":"02_exec_summary.html","path":"..\\..\\templates\\report_v2\\02_exec_summary.html","time":"2025-12-02T18:08:20-05:00","message":"Template cached successfully"}
{"level":"debug","service":"report","template":"03_toc.html","path":"..\\..\\templates\\report_v2\\03_toc.html","time":"2025-12-02T18:08:20-05:00","message":"Template cached successfully"}
{"level":"debug","service":"report","template":"03a_divider_part1.html","path":"..\\..\\templates\\report_v2\\03a_divider_part1.html","time":"2025-12-02T18:08:20-05:00","message":"Template cached successfully"}
{"level":"debug","service":"report","template":"04a_pestel_pes.html","path":"..\\..\\templates\\report_v2\\04a_pestel_pes.html","time":"2025-12-02T18:08:20-05:00","message":"Template cached successfully"}
{"level":"debug","service":"report","template":"04b_pestel_tel.html","path":"..\\..\\templates\\report_v2\\04b_pestel_tel.html","time":"2025-12-02T18:08:20-05:00","message":"Template cached successfully"}
{"level":"debug","service":"report","template":"05a_porter_7forces.html","path":"..\\..\\templates\\report_v2\\05a_porter_7forces.html","time":"2025-12-02T18:08:20-05:00","message":"Template cached successfully"}
{"level":"debug","service":"report","template":"06_swot.html","path":"..\\..\\templates\\report_v2\\06_swot.html","time":"2025-12-02T18:08:20-05:00","message":"Template cached successfully"}
{"level":"debug","service":"report","template":"08a_divider_part2.html","path":"..\\..\\templates\\report_v2\\08a_divider_part2.html","time":"2025-12-02T18:08:20-05:00","message":"Template cached successfully"}
{"level":"debug","service":"report","template":"07_tam_sam_som.html","path":"..\\..\\templates\\report_v2\\07_tam_sam_som.html","time":"2025-12-02T18:08:20-05:00","message":"Template cached successfully"}
{"level":"debug","service":"report","template":"08_ocean.html","path":"..\\..\\templates\\report_v2\\08_ocean.html","time":"2025-12-02T18:08:20-05:00","message":"Template cached successfully"}
{"level":"debug","service":"report","template":"11a_divider_part3.html","path":"..\\..\\templates\\report_v2\\11a_divider_part3.html","time":"2025-12-02T18:08:20-05:00","message":"Template cached successfully"}
{"level":"debug","service":"report","template":"12a_okrs_quarterly.html","path":"..\\..\\templates\\report_v2\\12a_okrs_quarterly.html","time":"2025-12-02T18:08:20-05:00","message":"Template cached successfully"}
{"level":"debug","service":"report","template":"13a_growth_loops.html","path":"..\\..\\templates\\report_v2\\13a_growth_loops.html","time":"2025-12-02T18:08:20-05:00","message":"Template cached successfully"}
{"level":"debug","service":"report","template":"14a_divider_part4.html","path":"..\\..\\templates\\report_v2\\14a_divider_part4.html","time":"2025-12-02T18:08:20-05:00","message":"Template cached successfully"}
{"level":"debug","service":"report","template":"15a_scenarios.html","path":"..\\..\\templates\\report_v2\\15a_scenarios.html","time":"2025-12-02T18:08:20-05:00","message":"Template cached successfully"}
{"level":"debug","service":"report","template":"16a_recommendations_review.html","path":"..\\..\\templates\\report_v2\\16a_recommendations_review.html","time":"2025-12-02T18:08:20-05:00","message":"Template cached successfully"}
{"level":"debug","service":"report","template":"10_business_model.html","path":"..\\..\\templates\\report_v2\\10_business_model.html","time":"2025-12-02T18:08:20-05:00","message":"Template cached successfully"}
{"level":"debug","service":"report","template":"11_competitive_analysis.html","path":"..\\..\\templates\\report_v2\\11_competitive_analysis.html","time":"2025-12-02T18:08:20-05:00","message":"Template cached successfully"}
{"level":"debug","service":"report","template":"12_financial_projections.html","path":"..\\..\\templates\\report_v2\\12_financial_projections.html","time":"2025-12-02T18:08:20-05:00","message":"Template cached successfully"}
{"level":"debug","service":"report","template":"13_gtm_strategy.html","path":"..\\..\\templates\\report_v2\\13_gtm_strategy.html","time":"2025-12-02T18:08:20-05:00","message":"Template cached successfully"}
{"level":"debug","service":"report","template":"14_risk_assessment.html","path":"..\\..\\templates\\report_v2\\14_risk_assessment.html","time":"2025-12-02T18:08:20-05:00","message":"Template cached successfully"}
{"level":"debug","service":"report","template":"15_roadmap.html","path":"..\\..\\templates\\report_v2\\15_roadmap.html","time":"2025-12-02T18:08:20-05:00","message":"Template cached successfully"}
{"level":"debug","service":"report","template":"16_appendix.html","path":"..\\..\\templates\\report_v2\\16_appendix.html","time":"2025-12-02T18:08:20-05:00","message":"Template cached successfully"}
{"level":"info","service":"report","cached":24,"total":24,"time":"2025-12-02T18:08:20-05:00","message":"Template cache initialized"}
--- PASS: TestCompanyBranding (0.02s)
=== RUN   TestPageCountVerification
{"level":"debug","service":"report","template":"01_cover.html","path":"..\\..\\templates\\report_v2\\01_cover.html","time":"2025-12-02T18:08:20-05:00","message":"Template cached successfully"}
{"level":"debug","service":"report","template":"02_exec_summary.html","path":"..\\..\\templates\\report_v2\\02_exec_summary.html","time":"2025-12-02T18:08:20-05:00","message":"Template cached successfully"}
{"level":"debug","service":"report","template":"03_toc.html","path":"..\\..\\templates\\report_v2\\03_toc.html","time":"2025-12-02T18:08:20-05:00","message":"Template cached successfully"}
{"level":"debug","service":"report","template":"03a_divider_part1.html","path":"..\\..\\templates\\report_v2\\03a_divider_part1.html","time":"2025-12-02T18:08:20-05:00","message":"Template cached successfully"}
{"level":"debug","service":"report","template":"04a_pestel_pes.html","path":"..\\..\\templates\\report_v2\\04a_pestel_pes.html","time":"2025-12-02T18:08:20-05:00","message":"Template cached successfully"}
{"level":"debug","service":"report","template":"04b_pestel_tel.html","path":"..\\..\\templates\\report_v2\\04b_pestel_tel.html","time":"2025-12-02T18:08:20-05:00","message":"Template cached successfully"}
{"level":"debug","service":"report","template":"05a_porter_7forces.html","path":"..\\..\\templates\\report_v2\\05a_porter_7forces.html","time":"2025-12-02T18:08:20-05:00","message":"Template cached successfully"}
{"level":"debug","service":"report","template":"06_swot.html","path":"..\\..\\templates\\report_v2\\06_swot.html","time":"2025-12-02T18:08:20-05:00","message":"Template cached successfully"}
{"level":"debug","service":"report","template":"08a_divider_part2.html","path":"..\\..\\templates\\report_v2\\08a_divider_part2.html","time":"2025-12-02T18:08:20-05:00","message":"Template cached successfully"}
{"level":"debug","service":"report","template":"07_tam_sam_som.html","path":"..\\..\\templates\\report_v2\\07_tam_sam_som.html","time":"2025-12-02T18:08:20-05:00","message":"Template cached successfully"}
{"level":"debug","service":"report","template":"08_ocean.html","path":"..\\..\\templates\\report_v2\\08_ocean.html","time":"2025-12-02T18:08:20-05:00","message":"Template cached successfully"}
{"level":"debug","service":"report","template":"11a_divider_part3.html","path":"..\\..\\templates\\report_v2\\11a_divider_part3.html","time":"2025-12-02T18:08:20-05:00","message":"Template cached successfully"}
{"level":"debug","service":"report","template":"12a_okrs_quarterly.html","path":"..\\..\\templates\\report_v2\\12a_okrs_quarterly.html","time":"2025-12-02T18:08:20-05:00","message":"Template cached successfully"}
{"level":"debug","service":"report","template":"13a_growth_loops.html","path":"..\\..\\templates\\report_v2\\13a_growth_loops.html","time":"2025-12-02T18:08:20-05:00","message":"Template cached successfully"}
{"level":"debug","service":"report","template":"14a_divider_part4.html","path":"..\\..\\templates\\report_v2\\14a_divider_part4.html","time":"2025-12-02T18:08:20-05:00","message":"Template cached successfully"}
{"level":"debug","service":"report","template":"15a_scenarios.html","path":"..\\..\\templates\\report_v2\\15a_scenarios.html","time":"2025-12-02T18:08:20-05:00","message":"Template cached successfully"}
{"level":"debug","service":"report","template":"16a_recommendations_review.html","path":"..\\..\\templates\\report_v2\\16a_recommendations_review.html","time":"2025-12-02T18:08:20-05:00","message":"Template cached successfully"}
{"level":"debug","service":"report","template":"10_business_model.html","path":"..\\..\\templates\\report_v2\\10_business_model.html","time":"2025-12-02T18:08:20-05:00","message":"Template cached successfully"}
{"level":"debug","service":"report","template":"11_competitive_analysis.html","path":"..\\..\\templates\\report_v2\\11_competitive_analysis.html","time":"2025-12-02T18:08:20-05:00","message":"Template cached successfully"}
{"level":"debug","service":"report","template":"12_financial_projections.html","path":"..\\..\\templates\\report_v2\\12_financial_projections.html","time":"2025-12-02T18:08:20-05:00","message":"Template cached successfully"}
{"level":"debug","service":"report","template":"13_gtm_strategy.html","path":"..\\..\\templates\\report_v2\\13_gtm_strategy.html","time":"2025-12-02T18:08:20-05:00","message":"Template cached successfully"}
{"level":"debug","service":"report","template":"14_risk_assessment.html","path":"..\\..\\templates\\report_v2\\14_risk_assessment.html","time":"2025-12-02T18:08:20-05:00","message":"Template cached successfully"}
{"level":"debug","service":"report","template":"15_roadmap.html","path":"..\\..\\templates\\report_v2\\15_roadmap.html","time":"2025-12-02T18:08:20-05:00","message":"Template cached successfully"}
{"level":"debug","service":"report","template":"16_appendix.html","path":"..\\..\\templates\\report_v2\\16_appendix.html","time":"2025-12-02T18:08:20-05:00","message":"Template cached successfully"}
{"level":"info","service":"report","cached":24,"total":24,"time":"2025-12-02T18:08:20-05:00","message":"Template cache initialized"}
{"level":"info","service":"report","analysis_id":"6057454f-12bf-4783-8334-f5a4424ad246","time":"2025-12-02T18:08:20-05:00","message":"Publishing Report"}
--- PASS: TestPageCountVerification (0.02s)
PASS
ok  	backend_v3/domain/report	1.992s
=== RUN   TestCreateSetsReceivedStatus
{"level":"info","id":"8cf395f6-ff83-4f21-ba52-4398cd164603","company":"Test Co","time":"2025-12-02T18:08:19-05:00","message":"submission created"}
--- PASS: TestCreateSetsReceivedStatus (0.00s)
=== RUN   TestRepository_Create
=== RUN   TestRepository_Create/success_-_creates_submission
=== RUN   TestRepository_Create/success_-_creates_submission_with_nil_UserID_(public_submission)
=== RUN   TestRepository_Create/failure_-_database_error
--- PASS: TestRepository_Create (0.00s)
    --- PASS: TestRepository_Create/success_-_creates_submission (0.00s)
    --- PASS: TestRepository_Create/success_-_creates_submission_with_nil_UserID_(public_submission) (0.00s)
    --- PASS: TestRepository_Create/failure_-_database_error (0.00s)
=== RUN   TestRepository_GetByID
=== RUN   TestRepository_GetByID/success_-_found_submission
=== RUN   TestRepository_GetByID/failure_-_not_found
=== RUN   TestRepository_GetByID/success_-_soft_deleted_submission_not_returned_(deleted_at_IS_NULL_clause)
=== RUN   TestRepository_GetByID/failure_-_database_error
--- PASS: TestRepository_GetByID (0.00s)
    --- PASS: TestRepository_GetByID/success_-_found_submission (0.00s)
    --- PASS: TestRepository_GetByID/failure_-_not_found (0.00s)
    --- PASS: TestRepository_GetByID/success_-_soft_deleted_submission_not_returned_(deleted_at_IS_NULL_clause) (0.00s)
    --- PASS: TestRepository_GetByID/failure_-_database_error (0.00s)
=== RUN   TestRepository_GetByEmail
=== RUN   TestRepository_GetByEmail/success_-_multiple_submissions_found
=== RUN   TestRepository_GetByEmail/success_-_none_found
=== RUN   TestRepository_GetByEmail/success_-_soft_deleted_submissions_excluded_(deleted_at_IS_NULL)
=== RUN   TestRepository_GetByEmail/failure_-_database_error
--- PASS: TestRepository_GetByEmail (0.00s)
    --- PASS: TestRepository_GetByEmail/success_-_multiple_submissions_found (0.00s)
    --- PASS: TestRepository_GetByEmail/success_-_none_found (0.00s)
    --- PASS: TestRepository_GetByEmail/success_-_soft_deleted_submissions_excluded_(deleted_at_IS_NULL) (0.00s)
    --- PASS: TestRepository_GetByEmail/failure_-_database_error (0.00s)
=== RUN   TestRepository_List
=== RUN   TestRepository_List/success_-_default_options_(no_filters)
=== RUN   TestRepository_List/success_-_with_status_filter
=== RUN   TestRepository_List/success_-_with_email_filter
=== RUN   TestRepository_List/success_-_with_user_id_filter
=== RUN   TestRepository_List/success_-_multiple_filters_combined
=== RUN   TestRepository_List/failure_-_invalid_OrderBy_rejected
=== RUN   TestRepository_List/failure_-_invalid_Order_direction_rejected
=== RUN   TestRepository_List/failure_-_count_query_error
=== RUN   TestRepository_List/failure_-_list_query_error
--- PASS: TestRepository_List (0.00s)
    --- PASS: TestRepository_List/success_-_default_options_(no_filters) (0.00s)
    --- PASS: TestRepository_List/success_-_with_status_filter (0.00s)
    --- PASS: TestRepository_List/success_-_with_email_filter (0.00s)
    --- PASS: TestRepository_List/success_-_with_user_id_filter (0.00s)
    --- PASS: TestRepository_List/success_-_multiple_filters_combined (0.00s)
    --- PASS: TestRepository_List/failure_-_invalid_OrderBy_rejected (0.00s)
    --- PASS: TestRepository_List/failure_-_invalid_Order_direction_rejected (0.00s)
    --- PASS: TestRepository_List/failure_-_count_query_error (0.00s)
    --- PASS: TestRepository_List/failure_-_list_query_error (0.00s)
=== RUN   TestRepository_Delete
=== RUN   TestRepository_Delete/success_-_soft_delete_sets_deleted_at_timestamp
=== RUN   TestRepository_Delete/failure_-_submission_not_found
=== RUN   TestRepository_Delete/failure_-_already_deleted_(deleted_at_IS_NULL_prevents_double_delete)
=== RUN   TestRepository_Delete/failure_-_database_error
--- PASS: TestRepository_Delete (0.00s)
    --- PASS: TestRepository_Delete/success_-_soft_delete_sets_deleted_at_timestamp (0.00s)
    --- PASS: TestRepository_Delete/failure_-_submission_not_found (0.00s)
    --- PASS: TestRepository_Delete/failure_-_already_deleted_(deleted_at_IS_NULL_prevents_double_delete) (0.00s)
    --- PASS: TestRepository_Delete/failure_-_database_error (0.00s)
=== RUN   TestRepository_GetTotalCount
=== RUN   TestRepository_GetTotalCount/success_-_returns_total_count
=== RUN   TestRepository_GetTotalCount/success_-_zero_submissions
=== RUN   TestRepository_GetTotalCount/failure_-_database_error
--- PASS: TestRepository_GetTotalCount (0.00s)
    --- PASS: TestRepository_GetTotalCount/success_-_returns_total_count (0.00s)
    --- PASS: TestRepository_GetTotalCount/success_-_zero_submissions (0.00s)
    --- PASS: TestRepository_GetTotalCount/failure_-_database_error (0.00s)
=== RUN   TestRepository_GetActiveCount
=== RUN   TestRepository_GetActiveCount/success_-_returns_active_count
=== RUN   TestRepository_GetActiveCount/success_-_zero_active_submissions
=== RUN   TestRepository_GetActiveCount/failure_-_database_error
--- PASS: TestRepository_GetActiveCount (0.00s)
    --- PASS: TestRepository_GetActiveCount/success_-_returns_active_count (0.00s)
    --- PASS: TestRepository_GetActiveCount/success_-_zero_active_submissions (0.00s)
    --- PASS: TestRepository_GetActiveCount/failure_-_database_error (0.00s)
=== RUN   TestRepository_GetCompletedCount
=== RUN   TestRepository_GetCompletedCount/success_-_returns_completed_count
=== RUN   TestRepository_GetCompletedCount/success_-_zero_completed_submissions
=== RUN   TestRepository_GetCompletedCount/failure_-_database_error
--- PASS: TestRepository_GetCompletedCount (0.00s)
    --- PASS: TestRepository_GetCompletedCount/success_-_returns_completed_count (0.00s)
    --- PASS: TestRepository_GetCompletedCount/success_-_zero_completed_submissions (0.00s)
    --- PASS: TestRepository_GetCompletedCount/failure_-_database_error (0.00s)
=== RUN   TestService_Create
=== RUN   TestService_Create/success_-_creates_submission_with_valid_data
{"level":"info","id":"5008349e-6a40-41f9-b5ff-5b023c01a5bd","company":"Test Corp","time":"2025-12-02T18:08:19-05:00","message":"submission created"}
=== RUN   TestService_Create/success_-_creates_submission_with_nil_UserID_(public_submission)
{"level":"info","id":"8dbebe35-ec6f-4cf2-8565-6339ffdbd6bf","company":"Test Corp","time":"2025-12-02T18:08:19-05:00","message":"submission created"}
=== RUN   TestService_Create/failure_-_validation_error_(missing_company_name)
=== RUN   TestService_Create/failure_-_validation_error_(missing_contact_name)
=== RUN   TestService_Create/failure_-_validation_error_(missing_contact_email)
=== RUN   TestService_Create/failure_-_validation_error_(missing_business_challenge)
=== RUN   TestService_Create/failure_-_database_error
--- PASS: TestService_Create (0.00s)
    --- PASS: TestService_Create/success_-_creates_submission_with_valid_data (0.00s)
    --- PASS: TestService_Create/success_-_creates_submission_with_nil_UserID_(public_submission) (0.00s)
    --- PASS: TestService_Create/failure_-_validation_error_(missing_company_name) (0.00s)
    --- PASS: TestService_Create/failure_-_validation_error_(missing_contact_name) (0.00s)
    --- PASS: TestService_Create/failure_-_validation_error_(missing_contact_email) (0.00s)
    --- PASS: TestService_Create/failure_-_validation_error_(missing_business_challenge) (0.00s)
    --- PASS: TestService_Create/failure_-_database_error (0.00s)
=== RUN   TestService_GetByID
=== RUN   TestService_GetByID/success_-_found_by_UUID
=== RUN   TestService_GetByID/success_-_found_by_string_UUID
=== RUN   TestService_GetByID/failure_-_not_found
=== RUN   TestService_GetByID/failure_-_invalid_UUID_format
=== RUN   TestService_GetByID/failure_-_invalid_type
=== RUN   TestService_GetByID/failure_-_database_error
--- PASS: TestService_GetByID (0.00s)
    --- PASS: TestService_GetByID/success_-_found_by_UUID (0.00s)
    --- PASS: TestService_GetByID/success_-_found_by_string_UUID (0.00s)
    --- PASS: TestService_GetByID/failure_-_not_found (0.00s)
    --- PASS: TestService_GetByID/failure_-_invalid_UUID_format (0.00s)
    --- PASS: TestService_GetByID/failure_-_invalid_type (0.00s)
    --- PASS: TestService_GetByID/failure_-_database_error (0.00s)
=== RUN   TestService_GetByEmail
=== RUN   TestService_GetByEmail/success_-_multiple_submissions_found
=== RUN   TestService_GetByEmail/success_-_single_submission_found
=== RUN   TestService_GetByEmail/success_-_none_found
=== RUN   TestService_GetByEmail/failure_-_database_error
--- PASS: TestService_GetByEmail (0.00s)
    --- PASS: TestService_GetByEmail/success_-_multiple_submissions_found (0.00s)
    --- PASS: TestService_GetByEmail/success_-_single_submission_found (0.00s)
    --- PASS: TestService_GetByEmail/success_-_none_found (0.00s)
    --- PASS: TestService_GetByEmail/failure_-_database_error (0.00s)
=== RUN   TestService_Delete
=== RUN   TestService_Delete/success_-_soft_delete_sets_deleted_at_timestamp
=== RUN   TestService_Delete/failure_-_not_found
=== RUN   TestService_Delete/failure_-_already_deleted
=== RUN   TestService_Delete/failure_-_database_error
--- PASS: TestService_Delete (0.00s)
    --- PASS: TestService_Delete/success_-_soft_delete_sets_deleted_at_timestamp (0.00s)
    --- PASS: TestService_Delete/failure_-_not_found (0.00s)
    --- PASS: TestService_Delete/failure_-_already_deleted (0.00s)
    --- PASS: TestService_Delete/failure_-_database_error (0.00s)
=== RUN   TestService_GetAnalytics
=== RUN   TestService_GetAnalytics/success_-_all_counts_retrieved_in_parallel
=== RUN   TestService_GetAnalytics/success_-_zero_counts
=== RUN   TestService_GetAnalytics/failure_-_total_count_error
=== RUN   TestService_GetAnalytics/failure_-_active_count_error
=== RUN   TestService_GetAnalytics/failure_-_completed_count_error
=== RUN   TestService_GetAnalytics/success_-_handles_partial_failures_gracefully_(first_error_wins)
--- PASS: TestService_GetAnalytics (0.00s)
    --- PASS: TestService_GetAnalytics/success_-_all_counts_retrieved_in_parallel (0.00s)
    --- PASS: TestService_GetAnalytics/success_-_zero_counts (0.00s)
    --- PASS: TestService_GetAnalytics/failure_-_total_count_error (0.00s)
    --- PASS: TestService_GetAnalytics/failure_-_active_count_error (0.00s)
    --- PASS: TestService_GetAnalytics/failure_-_completed_count_error (0.00s)
    --- PASS: TestService_GetAnalytics/success_-_handles_partial_failures_gracefully_(first_error_wins) (0.00s)
=== RUN   TestService_GetAnalytics_ParallelExecution
--- PASS: TestService_GetAnalytics_ParallelExecution (0.01s)
=== RUN   TestService_SubmitForm
=== RUN   TestService_SubmitForm/success_-_saves_submission_with_provided_CNPJ
{"level":"info","id":"f375f427-f50b-4f10-8714-b235d04cbf77","company":"Test Corp","time":"2025-12-02T18:08:19-05:00","message":"submission created"}
{"level":"info","id":"f375f427-f50b-4f10-8714-b235d04cbf77","time":"2025-12-02T18:08:19-05:00","message":"submission process started successfully"}
=== RUN   TestService_SubmitForm/success_-_creates_submission_with_nil_UserID_(public_submission)
{"level":"info","id":"41a316a3-6390-4b4d-9e02-6f9ddf45bde8","company":"Public Corp","time":"2025-12-02T18:08:19-05:00","message":"submission created"}
{"level":"info","id":"41a316a3-6390-4b4d-9e02-6f9ddf45bde8","time":"2025-12-02T18:08:19-05:00","message":"submission process started successfully"}
=== RUN   TestService_SubmitForm/success_-_creates_submission_with_UserID_(authenticated_user)
{"level":"info","id":"e7f888ef-236a-4912-b905-3dacb59277f0","company":"User Corp","time":"2025-12-02T18:08:19-05:00","message":"submission created"}
{"level":"info","id":"e7f888ef-236a-4912-b905-3dacb59277f0","time":"2025-12-02T18:08:19-05:00","message":"submission process started successfully"}
=== RUN   TestService_SubmitForm/failure_-_validation_error_(missing_company_name)
=== RUN   TestService_SubmitForm/failure_-_database_error_(submission_not_saved)
--- PASS: TestService_SubmitForm (0.00s)
    --- PASS: TestService_SubmitForm/success_-_saves_submission_with_provided_CNPJ (0.00s)
    --- PASS: TestService_SubmitForm/success_-_creates_submission_with_nil_UserID_(public_submission) (0.00s)
    --- PASS: TestService_SubmitForm/success_-_creates_submission_with_UserID_(authenticated_user) (0.00s)
    --- PASS: TestService_SubmitForm/failure_-_validation_error_(missing_company_name) (0.00s)
    --- PASS: TestService_SubmitForm/failure_-_database_error_(submission_not_saved) (0.00s)
=== RUN   TestService_TriggerEnrichmentProcess
=== RUN   TestService_TriggerEnrichmentProcess/success_-_enqueues_enrichment_job_with_correct_type
=== RUN   TestService_TriggerEnrichmentProcess/success_-_payload_contains_submission_id_as_UUID_string
=== RUN   TestService_TriggerEnrichmentProcess/success_-_job_has_MaxRetry(3)_option
=== RUN   TestService_TriggerEnrichmentProcess/failure_-_queue_client_missing
--- PASS: TestService_TriggerEnrichmentProcess (0.00s)
    --- PASS: TestService_TriggerEnrichmentProcess/success_-_enqueues_enrichment_job_with_correct_type (0.00s)
    --- PASS: TestService_TriggerEnrichmentProcess/success_-_payload_contains_submission_id_as_UUID_string (0.00s)
    --- PASS: TestService_TriggerEnrichmentProcess/success_-_job_has_MaxRetry(3)_option (0.00s)
    --- PASS: TestService_TriggerEnrichmentProcess/failure_-_queue_client_missing (0.00s)
PASS
ok  	backend_v3/domain/submission	0.946s
=== RUN   TestSupabaseStorageClient_UploadSignedURL
--- PASS: TestSupabaseStorageClient_UploadSignedURL (0.01s)
PASS
ok  	backend_v3/infrastructure	0.885s
=== RUN   TestIsRetryableError
=== RUN   TestIsRetryableError/Context_deadline_exceeded
=== RUN   TestIsRetryableError/Connection_refused
=== RUN   TestIsRetryableError/Rate_limit
=== RUN   TestIsRetryableError/Internal_server_error
=== RUN   TestIsRetryableError/Service_unavailable
=== RUN   TestIsRetryableError/Database_connection_error
=== RUN   TestIsRetryableError/Validation_error
=== RUN   TestIsRetryableError/Bad_request
=== RUN   TestIsRetryableError/Invalid_UUID
=== RUN   TestIsRetryableError/Nil_error
=== RUN   TestIsRetryableError/Temporary_failure
=== RUN   TestIsRetryableError/Connection_reset
=== RUN   TestIsRetryableError/Too_many_requests
=== RUN   TestIsRetryableError/Bad_gateway
=== RUN   TestIsRetryableError/Gateway_timeout
--- PASS: TestIsRetryableError (0.00s)
    --- PASS: TestIsRetryableError/Context_deadline_exceeded (0.00s)
    --- PASS: TestIsRetryableError/Connection_refused (0.00s)
    --- PASS: TestIsRetryableError/Rate_limit (0.00s)
    --- PASS: TestIsRetryableError/Internal_server_error (0.00s)
    --- PASS: TestIsRetryableError/Service_unavailable (0.00s)
    --- PASS: TestIsRetryableError/Database_connection_error (0.00s)
    --- PASS: TestIsRetryableError/Validation_error (0.00s)
    --- PASS: TestIsRetryableError/Bad_request (0.00s)
    --- PASS: TestIsRetryableError/Invalid_UUID (0.00s)
    --- PASS: TestIsRetryableError/Nil_error (0.00s)
    --- PASS: TestIsRetryableError/Temporary_failure (0.00s)
    --- PASS: TestIsRetryableError/Connection_reset (0.00s)
    --- PASS: TestIsRetryableError/Too_many_requests (0.00s)
    --- PASS: TestIsRetryableError/Bad_gateway (0.00s)
    --- PASS: TestIsRetryableError/Gateway_timeout (0.00s)
=== RUN   TestExponentialBackoff
=== RUN   TestExponentialBackoff/First_retry:_5s
=== RUN   TestExponentialBackoff/Second_retry:_10s
=== RUN   TestExponentialBackoff/Third_retry:_20s
=== RUN   TestExponentialBackoff/Fourth_retry:_40s
=== RUN   TestExponentialBackoff/Fifth_retry:_80s
=== RUN   TestExponentialBackoff/Sixth_retry:_160s
=== RUN   TestExponentialBackoff/Seventh_retry:_320s
=== RUN   TestExponentialBackoff/Eighth_retry:_600s_(capped)
=== RUN   TestExponentialBackoff/Ninth_retry:_600s_(capped)
=== RUN   TestExponentialBackoff/Tenth_retry:_600s_(capped)
--- PASS: TestExponentialBackoff (0.00s)
    --- PASS: TestExponentialBackoff/First_retry:_5s (0.00s)
    --- PASS: TestExponentialBackoff/Second_retry:_10s (0.00s)
    --- PASS: TestExponentialBackoff/Third_retry:_20s (0.00s)
    --- PASS: TestExponentialBackoff/Fourth_retry:_40s (0.00s)
    --- PASS: TestExponentialBackoff/Fifth_retry:_80s (0.00s)
    --- PASS: TestExponentialBackoff/Sixth_retry:_160s (0.00s)
    --- PASS: TestExponentialBackoff/Seventh_retry:_320s (0.00s)
    --- PASS: TestExponentialBackoff/Eighth_retry:_600s_(capped) (0.00s)
    --- PASS: TestExponentialBackoff/Ninth_retry:_600s_(capped) (0.00s)
    --- PASS: TestExponentialBackoff/Tenth_retry:_600s_(capped) (0.00s)
=== RUN   TestEnrichmentJobPayloadSerialization
--- PASS: TestEnrichmentJobPayloadSerialization (0.00s)
=== RUN   TestAnalysisJobPayloadSerialization
--- PASS: TestAnalysisJobPayloadSerialization (0.00s)
=== RUN   TestJobPayloadValidation
=== RUN   TestJobPayloadValidation/Enrichment_-_Invalid_JSON
=== RUN   TestJobPayloadValidation/Enrichment_-_Invalid_UUID
=== RUN   TestJobPayloadValidation/Analysis_-_Missing_EnrichmentID
=== RUN   TestJobPayloadValidation/Analysis_-_Valid_Payload
--- PASS: TestJobPayloadValidation (0.00s)
    --- PASS: TestJobPayloadValidation/Enrichment_-_Invalid_JSON (0.00s)
    --- PASS: TestJobPayloadValidation/Enrichment_-_Invalid_UUID (0.00s)
    --- PASS: TestJobPayloadValidation/Analysis_-_Missing_EnrichmentID (0.00s)
    --- PASS: TestJobPayloadValidation/Analysis_-_Valid_Payload (0.00s)
=== RUN   TestJobConstants
--- PASS: TestJobConstants (0.00s)
=== RUN   TestRetryDelayFormula
=== RUN   TestRetryDelayFormula/retry_0
=== RUN   TestRetryDelayFormula/retry_1
=== RUN   TestRetryDelayFormula/retry_2
=== RUN   TestRetryDelayFormula/retry_3
=== RUN   TestRetryDelayFormula/retry_4
=== RUN   TestRetryDelayFormula/retry_5
=== RUN   TestRetryDelayFormula/retry_6
=== RUN   TestRetryDelayFormula/retry_7
=== RUN   TestRetryDelayFormula/retry_8
=== RUN   TestRetryDelayFormula/retry_15
--- PASS: TestRetryDelayFormula (0.00s)
    --- PASS: TestRetryDelayFormula/retry_0 (0.00s)
    --- PASS: TestRetryDelayFormula/retry_1 (0.00s)
    --- PASS: TestRetryDelayFormula/retry_2 (0.00s)
    --- PASS: TestRetryDelayFormula/retry_3 (0.00s)
    --- PASS: TestRetryDelayFormula/retry_4 (0.00s)
    --- PASS: TestRetryDelayFormula/retry_5 (0.00s)
    --- PASS: TestRetryDelayFormula/retry_6 (0.00s)
    --- PASS: TestRetryDelayFormula/retry_7 (0.00s)
    --- PASS: TestRetryDelayFormula/retry_8 (0.00s)
    --- PASS: TestRetryDelayFormula/retry_15 (0.00s)
=== RUN   TestDLQKeyFormat
--- PASS: TestDLQKeyFormat (0.00s)
PASS
ok  	backend_v3/jobs	0.859s
?   	backend_v3/jobs/types	[no test files]
=== RUN   TestSanitizer_BasicInjection
=== RUN   TestSanitizer_BasicInjection/blocks_IGNORE_PREVIOUS_INSTRUCTIONS
=== RUN   TestSanitizer_BasicInjection/blocks_SYSTEM:_injection
=== RUN   TestSanitizer_BasicInjection/blocks_ASSISTANT:_injection
=== RUN   TestSanitizer_BasicInjection/blocks_markdown_code_blocks
=== RUN   TestSanitizer_BasicInjection/case_insensitive_blocking
=== RUN   TestSanitizer_BasicInjection/normal_input_passes_through
--- PASS: TestSanitizer_BasicInjection (0.00s)
    --- PASS: TestSanitizer_BasicInjection/blocks_IGNORE_PREVIOUS_INSTRUCTIONS (0.00s)
    --- PASS: TestSanitizer_BasicInjection/blocks_SYSTEM:_injection (0.00s)
    --- PASS: TestSanitizer_BasicInjection/blocks_ASSISTANT:_injection (0.00s)
    --- PASS: TestSanitizer_BasicInjection/blocks_markdown_code_blocks (0.00s)
    --- PASS: TestSanitizer_BasicInjection/case_insensitive_blocking (0.00s)
    --- PASS: TestSanitizer_BasicInjection/normal_input_passes_through (0.00s)
=== RUN   TestSanitizer_MaxLength
--- PASS: TestSanitizer_MaxLength (0.00s)
=== RUN   TestSanitizer_EmptyInput
--- PASS: TestSanitizer_EmptyInput (0.00s)
=== RUN   TestSanitizer_MapSanitization
--- PASS: TestSanitizer_MapSanitization (0.00s)
=== RUN   TestSanitizer_SubmissionData
--- PASS: TestSanitizer_SubmissionData (0.00s)
=== RUN   TestSanitize_ConvenienceFunction
--- PASS: TestSanitize_ConvenienceFunction (0.00s)
PASS
ok  	backend_v3/llm	0.836s
FAIL
